12-24 07:24:49.028  4230  4846 I SurfaceFlinger: id=3608 createSurf (1080x2214),4 flag=404, SurfaceView - rw.flipper/rw.flipper.MainActivity@c99d21b@0#0
12-24 07:24:49.028  4230  4251 I SurfaceFlinger: id=3609 createSurf (0x0),-1 flag=20404, Background for -SurfaceView - rw.flipper/rw.flipper.MainActivity@c99d21b@0#0
12-24 07:24:50.659  5254  5438 I PackageUpdatedTask: mAllAppsList.updatePackage rw.flipper
12-24 07:24:50.793  5254  5438 I AppIconSolution: getThemeIconWithBG called with public API, pkg = rw.flipper
12-24 07:24:50.796  5254  5438 I AppIconSolution: start to load, pkg=rw.flipper, bg=192-192, dr=192-192, forDefault=true, density=640
12-24 07:24:50.800  5254  5438 I AppIconSolution: getIconScale, pkg=rw.flipper, size=192, iconScale=IconScale[alpha=18, scale=1.0, isCrop=true]
12-24 07:24:50.804  5254  5438 I AppIconSolution: default container[CROP], pkg=rw.flipper, bg=156-156, dr=192-192
12-24 07:24:50.810  5254  5438 I LauncherActivityInfo: packageName: rw.flipper, useThemeIcon: false, height: 156, width: 156, density: 640
12-24 07:24:51.051  4230  4846 E BufferQueueProducer: [SurfaceView - rw.flipper/rw.flipper.MainActivity@c99d21b@0#0](id:108600000337,api:0,p:-1,c:4230) disconnect: not connected (req=1)
12-24 07:24:51.105 21953 21953 D LocationPlugin: Service connected: ComponentInfo{rw.flipper/com.lyokone.location.FlutterLocationService}
12-24 07:24:51.114  4554  7485 V WindowManager: Relayout Window{b7ccb10 u0 rw.flipper/rw.flipper.MainActivity}: viewVisibility=0 req=1080x2340
12-24 07:24:51.117  4554  4590 D EnterpriseDeviceManagerService: onPackageUpdateFinished - packageName: rw.flipper, uid: 10869
12-24 07:24:51.125  4554  7485 I SurfaceControl: release : mNativeObject = 518728866176 - Surface(name=rw.flipper/rw.flipper.MainActivity$_21953)/@0xd35b629 / android.view.SurfaceControl.writeToParcel:1140 android.view.IWindowSession$Stub.onTransact:925 com.android.server.wm.Session.onTransact:145 android.os.Binder.execTransactInternal:1190 
12-24 07:24:51.126 21953 21953 I SurfaceControl: release : mNativeObject = 518626304928 - Surface(name=rw.flipper/rw.flipper.MainActivity$_21953)/@0xd2cdd83 / android.view.SurfaceControl.assignNativeObject:571 android.view.SurfaceControl.readFromParcel:1119 android.view.IWindowSession$Stub$Proxy.relayout:1814 android.view.ViewRootImpl.relayoutWindow:9018 
12-24 07:24:51.130  4230  4846 E BufferQueueProducer: [rw.flipper/rw.flipper.MainActivity$_21953#0](id:108600000336,api:0,p:-1,c:4230) disconnect: not connected (req=1)
12-24 07:24:51.158  4554  4590 D MetaDataCollector: onReceive: done pkgName=rw.flipper
12-24 07:24:51.177  4554  4590 I GameManagerService: PkgUpdateReceiver, onPackageReplaced : rw.flipper userID : UserHandle{0}
12-24 07:24:51.178  4554  4703 D GameManagerService:GosNotifyThread: notifyPackageChangedToGos(), before send intent to GOS. type:15, changeType: 8, packageName:rw.flipper
12-24 07:24:51.180  4554  4590 D MetaDataCollector: onReceive: done pkgName=rw.flipper
12-24 07:24:51.182  4118  4118 E audit   : type=1327 audit(1766553891.173:30708): proctitle="rw.flipper"
12-24 07:24:51.187  4554  4798 D ConnectivityService: requestNetwork for uid/pid:10869/21953 NetworkRequest [ TRACK_DEFAULT id=4925, [ Capabilities: INTERNET&NOT_RESTRICTED&TRUSTED Uid: 10869 AdministratorUids: [] RequestorUid: 10869 RequestorPackageName: rw.flipper] ]
12-24 07:24:51.209  4554  4727 D WifiNetworkFactory: got request NetworkRequest [ TRACK_DEFAULT id=4925, [ Capabilities: INTERNET&NOT_RESTRICTED&TRUSTED Uid: 10869 AdministratorUids: [] RequestorUid: 10869 RequestorPackageName: rw.flipper] ] with score 60 and providerId 4
12-24 07:24:51.209  4866  4866 D PhoneSwitcherNetworkRequstListener: got request NetworkRequest [ TRACK_DEFAULT id=4925, [ Capabilities: INTERNET&NOT_RESTRICTED&TRUSTED Uid: 10869 AdministratorUids: [] RequestorUid: 10869 RequestorPackageName: rw.flipper] ] with score 60 and providerId 4
12-24 07:24:51.209  4554  4727 D UntrustedWifiNetworkFactory: got request NetworkRequest [ TRACK_DEFAULT id=4925, [ Capabilities: INTERNET&NOT_RESTRICTED&TRUSTED Uid: 10869 AdministratorUids: [] RequestorUid: 10869 RequestorPackageName: rw.flipper] ] with score 60 and providerId 4
12-24 07:24:51.211  4554  4831 D Ethernet: got request NetworkRequest [ TRACK_DEFAULT id=4925, [ Capabilities: INTERNET&NOT_RESTRICTED&TRUSTED Uid: 10869 AdministratorUids: [] RequestorUid: 10869 RequestorPackageName: rw.flipper] ] with score 60 and providerId 4
12-24 07:24:51.346  4554  7485 V WindowManager: Relayout Window{b7ccb10 u0 rw.flipper/rw.flipper.MainActivity}: viewVisibility=0 req=1080x2340
12-24 07:24:51.359  4554  7485 I SurfaceControl: release : mNativeObject = 518728866176 - Surface(name=rw.flipper/rw.flipper.MainActivity$_21953)/@0x637e39f / android.view.SurfaceControl.writeToParcel:1140 android.view.IWindowSession$Stub.onTransact:925 com.android.server.wm.Session.onTransact:145 android.os.Binder.execTransactInternal:1190 
12-24 07:24:51.361 21953 21953 I SurfaceControl: release : mNativeObject = 518626305120 - Surface(name=rw.flipper/rw.flipper.MainActivity$_21953)/@0xd2cdd83 / android.view.SurfaceControl.assignNativeObject:571 android.view.SurfaceControl.readFromParcel:1119 android.view.IWindowSession$Stub$Proxy.relayout:1814 android.view.ViewRootImpl.relayoutWindow:9018 
12-24 07:24:51.365 21953 21953 I ViewRootImpl@eb2b299[MainActivity]: updateBoundsLayer: shouldReparent = false t = android.view.SurfaceControl$Transaction@e7ea123 sc = Surface(name=Bounds for - rw.flipper/rw.flipper.MainActivity@0)/@0x5157620 frame = 1
12-24 07:24:51.532 21629 22170 I GOS:GameIntentService: onPackageChanged(). extras: Bundle[{changeType=8, type=15, packageName=rw.flipper}]
12-24 07:24:51.532 21629 22170 I GOS:GameIntentService: onPackageChanged(). changeType(REPLACED), pkgName(rw.flipper), UserHandle(0), userId(0), Installed(true)
12-24 07:24:51.555  4554  7534 V WindowManager: Relayout Window{b7ccb10 u0 rw.flipper/rw.flipper.MainActivity}: viewVisibility=0 req=1080x2340
12-24 07:24:51.561  4554  7534 I SurfaceControl: release : mNativeObject = 516506252512 - Surface(name=rw.flipper/rw.flipper.MainActivity$_21953)/@0x69f42e0 / android.view.SurfaceControl.writeToParcel:1140 android.view.IWindowSession$Stub.onTransact:925 com.android.server.wm.Session.onTransact:145 android.os.Binder.execTransactInternal:1190 
12-24 07:24:51.563 21953 21953 I SurfaceControl: release : mNativeObject = 518742292512 - Surface(name=rw.flipper/rw.flipper.MainActivity$_21953)/@0xd2cdd83 / android.view.SurfaceControl.assignNativeObject:571 android.view.SurfaceControl.readFromParcel:1119 android.view.IWindowSession$Stub$Proxy.relayout:1814 android.view.ViewRootImpl.relayoutWindow:9018 
12-24 07:24:51.566 21953 21953 I ViewRootImpl@eb2b299[MainActivity]: updateBoundsLayer: shouldReparent = false t = android.view.SurfaceControl$Transaction@e7ea123 sc = Surface(name=Bounds for - rw.flipper/rw.flipper.MainActivity@0)/@0x5157620 frame = 1
12-24 07:24:51.566 21953 21953 D SurfaceControl: deferTransactionUntil : Surface(name=Bounds for - rw.flipper/rw.flipper.MainActivity@0)/@0x5157620 FN:1 caller:android.view.ViewRootImpl.updateBoundsLayer:2477 android.view.ViewRootImpl.performTraversals:3701 android.view.ViewRootImpl.doTraversal:2631 android.view.ViewRootImpl$TraversalRunnable.run:9984 
12-24 07:24:51.569  4230  4251 E BufferQueueProducer: [SurfaceView - rw.flipper/rw.flipper.MainActivity@c99d21b@0#0](id:108600000337,api:0,p:-1,c:4230) disconnect: not connected (req=1)
12-24 07:24:51.612  4554  7491 V WindowManager: Relayout Window{b7ccb10 u0 rw.flipper/rw.flipper.MainActivity}: viewVisibility=0 req=1080x2340
12-24 07:24:51.616  4554  7491 I SurfaceControl: release : mNativeObject = 516516099648 - Surface(name=rw.flipper/rw.flipper.MainActivity$_21953)/@0x16fe999 / android.view.SurfaceControl.writeToParcel:1140 android.view.IWindowSession$Stub.onTransact:925 com.android.server.wm.Session.onTransact:145 android.os.Binder.execTransactInternal:1190 
12-24 07:24:51.617 21953 21953 I SurfaceControl: release : mNativeObject = 516149167520 - Surface(name=rw.flipper/rw.flipper.MainActivity$_21953)/@0xd2cdd83 / android.view.SurfaceControl.assignNativeObject:571 android.view.SurfaceControl.readFromParcel:1119 android.view.IWindowSession$Stub$Proxy.relayout:1814 android.view.ViewRootImpl.relayoutWindow:9018 
12-24 07:24:51.619 21953 21953 I ViewRootImpl@eb2b299[MainActivity]: updateBoundsLayer: shouldReparent = false t = android.view.SurfaceControl$Transaction@e7ea123 sc = Surface(name=Bounds for - rw.flipper/rw.flipper.MainActivity@0)/@0x5157620 frame = 1
12-24 07:24:51.619 21953 21953 D SurfaceControl: deferTransactionUntil : Surface(name=Bounds for - rw.flipper/rw.flipper.MainActivity@0)/@0x5157620 FN:1 caller:android.view.ViewRootImpl.updateBoundsLayer:2477 android.view.ViewRootImpl.performTraversals:3701 android.view.ViewRootImpl.doTraversal:2631 android.view.ViewRootImpl$TraversalRunnable.run:9984 
12-24 07:24:52.121 21953 21953 I flutter :  [DatabaseManager] Starting database configuration for: /data/user/0/rw.flipper/databases/flipper_v45.sqlite
12-24 07:24:52.431  4554  4798 V WindowManager: Relayout Window{b7ccb10 u0 rw.flipper/rw.flipper.MainActivity}: viewVisibility=0 req=1080x2340
12-24 07:24:52.441  4554  4798 I SurfaceControl: release : mNativeObject = 516506252896 - Surface(name=rw.flipper/rw.flipper.MainActivity$_21953)/@0x26d90d3 / android.view.SurfaceControl.writeToParcel:1140 android.view.IWindowSession$Stub.onTransact:925 com.android.server.wm.Session.onTransact:145 android.os.Binder.execTransactInternal:1190 
12-24 07:24:52.443 21953 21953 I SurfaceControl: release : mNativeObject = 516149167904 - Surface(name=rw.flipper/rw.flipper.MainActivity$_21953)/@0xd2cdd83 / android.view.SurfaceControl.assignNativeObject:571 android.view.SurfaceControl.readFromParcel:1119 android.view.IWindowSession$Stub$Proxy.relayout:1814 android.view.ViewRootImpl.relayoutWindow:9018 
12-24 07:24:52.446 21953 21953 I ViewRootImpl@eb2b299[MainActivity]: updateBoundsLayer: shouldReparent = false t = android.view.SurfaceControl$Transaction@e7ea123 sc = Surface(name=Bounds for - rw.flipper/rw.flipper.MainActivity@0)/@0x5157620 frame = 1
12-24 07:24:52.447 21953 21953 D SurfaceControl: deferTransactionUntil : Surface(name=Bounds for - rw.flipper/rw.flipper.MainActivity@0)/@0x5157620 FN:1 caller:android.view.ViewRootImpl.updateBoundsLayer:2477 android.view.ViewRootImpl.performTraversals:3701 android.view.ViewRootImpl.doTraversal:2631 android.view.ViewRootImpl$TraversalRunnable.run:9984 
12-24 07:24:52.456 21953 22200 I SurfaceView: applySurfaceTransforms: t = android.view.SurfaceControl$Transaction@70ea9d7 surfaceControl = Surface(name=SurfaceView - rw.flipper/rw.flipper.MainActivity@c99d21b@0)/@0x4756126 frame = 1
12-24 07:24:52.511  4554  7485 D WindowManager: finishDrawingWindow: Window{b7ccb10 u0 rw.flipper/rw.flipper.MainActivity} mDrawState=DRAW_PENDING
12-24 07:24:52.528  4230  4230 D SurfaceFlinger:      DEVICE | 0x78c7a38840 | 0000 | RGBA_8888    |    0.0    0.0 1080.0 2340.0 |    0    0 1080 2340 | Splash Screen rw.flipper#0
12-24 07:24:52.532  4554  4586 D PkgPredictorService: pkg:rw.flipper activity:rw.flipper.MainActivity thisTime:5420
12-24 07:24:52.548  4230  4230 D SurfaceFlinger:      DEVICE | 0x7846037300 | 0002 | RGBA_8888    |    0.0    0.0 1080.0 2340.0 |    0    0 1080 2340 | SurfaceView - rw.flipper/rw.flipper.MainActivity@c99d21b@0#0
12-24 07:24:52.548  4230  4230 D SurfaceFlinger:      DEVICE | 0x78c7a38480 | 0000 | RGBA_8888    |    0.0    0.0 1080.0 2340.0 |    0    0 1080 2340 | rw.flipper/rw.flipper.MainActivity$_21953#0
12-24 07:24:52.548  4230  4230 D SurfaceFlinger:      DEVICE | 0x78c7a38840 | 0000 | RGBA_8888    |    0.0    0.0 1080.0 2340.0 |    0    0 1080 2340 | Splash Screen rw.flipper#0
12-24 07:24:52.562  4554  4586 I SurfaceControl: release : mNativeObject = 516516096192 - Surface(name=Splash Screen rw.flipper)/@0x7217ec0 / android.view.ViewRootImpl.destroySurface:2497 android.view.ViewRootImpl.dispatchDetachedFromWindow:5719 android.view.ViewRootImpl.doDie:9350 android.view.ViewRootImpl$ViewRootHandler.handleMessage:6194 
12-24 07:24:52.569  4554  4586 I WindowManager: Reparenting to leash, surface=Surface(name=574c79 Splash Screen rw.flipper)/@0x976672f, leashParent=Surface(name=ActivityRecord{1634bc0 u0 rw.flipper/.MainActivity t6265})/@0x9b69a5f
12-24 07:24:52.572  4230  5516 I SurfaceFlinger: id=3610 createSurf (0x0),-1 flag=24000, Surface(name=574c79 Splash Screen rw.flipper)/@0x976672f - animation-leash#0
12-24 07:24:52.575  4554  4586 D WindowManager: makeSurface duration=5 leash=Surface(name=Surface(name=574c79 Splash Screen rw.flipper)/@0x976672f - animation-leash)/@0x834713c
12-24 07:24:52.578  4554  4798 D ConnectivityService: requestNetwork for uid/pid:10869/21953 NetworkRequest [ TRACK_DEFAULT id=4926, [ Capabilities: INTERNET&NOT_RESTRICTED&TRUSTED Uid: 10869 AdministratorUids: [] RequestorUid: 10869 RequestorPackageName: rw.flipper] ]
12-24 07:24:52.580  4554  4831 D Ethernet: got request NetworkRequest [ TRACK_DEFAULT id=4926, [ Capabilities: INTERNET&NOT_RESTRICTED&TRUSTED Uid: 10869 AdministratorUids: [] RequestorUid: 10869 RequestorPackageName: rw.flipper] ] with score 60 and providerId 4
12-24 07:24:52.580  4866  4866 D PhoneSwitcherNetworkRequstListener: got request NetworkRequest [ TRACK_DEFAULT id=4926, [ Capabilities: INTERNET&NOT_RESTRICTED&TRUSTED Uid: 10869 AdministratorUids: [] RequestorUid: 10869 RequestorPackageName: rw.flipper] ] with score 60 and providerId 4
12-24 07:24:52.581  4554  4727 D WifiNetworkFactory: got request NetworkRequest [ TRACK_DEFAULT id=4926, [ Capabilities: INTERNET&NOT_RESTRICTED&TRUSTED Uid: 10869 AdministratorUids: [] RequestorUid: 10869 RequestorPackageName: rw.flipper] ] with score 60 and providerId 4
12-24 07:24:52.581  4554  4727 D UntrustedWifiNetworkFactory: got request NetworkRequest [ TRACK_DEFAULT id=4926, [ Capabilities: INTERNET&NOT_RESTRICTED&TRUSTED Uid: 10869 AdministratorUids: [] RequestorUid: 10869 RequestorPackageName: rw.flipper] ] with score 60 and providerId 4
12-24 07:24:52.598 21953 21953 V InputMethodManager: Starting input: tba=rw.flipper ic=null mNaviBarColor -16777216 mIsGetNaviBarColorSuccess true , NavVisible : true , NavTrans : false
12-24 07:24:52.606  4554  4590 D ArtManagerInternalImpl: /data/misc/iorapd/rw.flipper/1756528594/rw.flipper.MainActivity/compiled_traces/compiled_trace.pb doesn't exist
12-24 07:24:52.639  4554  4586 I WindowManager: Reparenting to original parent: Surface(name=ActivityRecord{1634bc0 u0 rw.flipper/.MainActivity t6265})/@0x9b69a5f, destroy=true, surface=Surface(name=574c79 Splash Screen rw.flipper)/@0x976672f
12-24 07:24:52.648  4554  4586 I SurfaceControl: release : mNativeObject = 516516096192 - Surface(name=Surface(name=574c79 Splash Screen rw.flipper)/@0x976672f - animation-leash)/@0x834713c / android.view.SurfaceControl$Transaction.remove:3475 com.android.server.wm.SurfaceAnimator.removeLeash:418 com.android.server.wm.SurfaceAnimator.reset:384 com.android.server.wm.SurfaceAnimator.lambda$getFinishedCallback$0$SurfaceAnimator:110 
12-24 07:24:52.649  4554  4586 D SurfaceControl: hide : mNativeObject = 516509106720 - sc.mNativeObject = 516504062016 - Surface(name=Splash Screen rw.flipper)/@0x5756528
12-24 07:24:52.649  4554  4586 D SurfaceControl: nativeSetFlags Done : Surface(name=Splash Screen rw.flipper)/@0x5756528
12-24 07:24:52.657  4554  4586 E WindowManager: win=Window{574c79 u0 Splash Screen rw.flipper EXITING} destroySurfaces: appStopped=false win.mWindowRemovalAllowed=true win.mRemoveOnExit=true win.mViewVisibility=0 caller=com.android.server.wm.ActivityRecord.destroySurfaces:5251 com.android.server.wm.ActivityRecord.destroySurfaces:5232 com.android.server.wm.WindowState.onExitAnimationDone:5654 com.android.server.wm.WindowStateAnimator.onAnimationFinished:332 com.android.server.wm.WindowState.onAnimationFinished:6119 com.android.server.wm.-$$Lambda$dwJG8BAnLlvKNGuDY9U3-haNY4M.onAnimationFinished:2 com.android.server.wm.SurfaceAnimator.lambda$getFinishedCallback$0$SurfaceAnimator:112 
12-24 07:24:52.660  4230  4230 D SurfaceFlinger:      DEVICE | 0x78c7a376c0 | 0002 | RGBA_8888    |    0.0    0.0 1080.0 2340.0 |    0    0 1080 2340 | SurfaceView - rw.flipper/rw.flipper.MainActivity@c99d21b@0#0
12-24 07:24:52.660  4230  4230 D SurfaceFlinger:      DEVICE | 0x78c7a38480 | 0000 | RGBA_8888    |    0.0    0.0 1080.0 2340.0 |    0    0 1080 2340 | rw.flipper/rw.flipper.MainActivity$_21953#0
12-24 07:24:52.661  4554  4586 I WindowManager: Destroying surface Surface(name=Splash Screen rw.flipper)/@0x5756528 called by com.android.server.wm.WindowStateAnimator.destroySurface:1794 com.android.server.wm.WindowStateAnimator.destroySurfaceLocked:765 com.android.server.wm.WindowState.destroySurfaceUnchecked:3949 com.android.server.wm.WindowState.destroySurface:3923 com.android.server.wm.ActivityRecord.destroySurfaces:5251 com.android.server.wm.ActivityRecord.destroySurfaces:5232 com.android.server.wm.WindowState.onExitAnimationDone:5654 com.android.server.wm.WindowStateAnimator.onAnimationFinished:332 
12-24 07:24:52.662  4554  4586 I SurfaceControl: release : mNativeObject = 516504062016 - Surface(name=Splash Screen rw.flipper)/@0x5756528 / android.view.SurfaceControl$Transaction.remove:3475 com.android.server.wm.WindowSurfaceController.destroyNotInTransaction:225 com.android.server.wm.WindowStateAnimator.destroySurface:1794 com.android.server.wm.WindowStateAnimator.destroySurfaceLocked:765 
12-24 07:24:52.662  4230  4845 I Layer   : id=3595 removeFromCurrentState Splash Screen rw.flipper#0 (86)
12-24 07:24:52.664  4554  4586 I SurfaceControl: release : mNativeObject = 516430604032 - Surface(name=574c79 Splash Screen rw.flipper)/@0x976672f / android.view.SurfaceControl$Transaction.remove:3475 com.android.server.wm.WindowContainer.removeImmediately:649 com.android.server.wm.WindowState.removeImmediately:2632 com.android.server.wm.WindowState.destroySurface:3926 
12-24 07:24:52.688  4230  4845 I Layer   : id=3594 removeFromCurrentState 574c79 Splash Screen rw.flipper#0 (86)
12-24 07:24:52.689  4230  4845 I Layer   : id=3610 removeFromCurrentState Surface(name=574c79 Splash Screen rw.flipper)/@0x976672f - animation-leash#0 (86)
12-24 07:24:52.691  4230  4845 I SurfaceFlinger: id=3594 Removed 574c79 Splash Screen rw.flipper#0 (86)
12-24 07:24:52.691  4230  5516 I SurfaceFlinger: id=3610 Removed Surface(name=574c79 Splash Screen rw.flipper)/@0x976672f - animation-leash#0 (86)
12-24 07:24:52.692  4230  5516 I SurfaceFlinger: id=3595 Removed Splash Screen rw.flipper#0 (86)
12-24 07:24:52.704  4230  4230 I Layer   : id=3595[1] Destroyed Splash Screen rw.flipper#0
12-24 07:24:52.706  4554  4590 I ActivityTaskManager: Displayed rw.flipper/.MainActivity: +5s420ms
12-24 07:24:52.707  4230  4230 I Layer   : id=3610[1] Destroyed Surface(name=574c79 Splash Screen rw.flipper)/@0x976672f - animation-leash#0
12-24 07:24:52.707  4230  4230 I Layer   : id=3594[1] Destroyed 574c79 Splash Screen rw.flipper#0
12-24 07:24:52.716  4554  4590 I ActivityTaskManager: Fully drawn rw.flipper/.MainActivity: +5s420ms
12-24 07:24:52.746 21953 21953 V InputMethodManager: Starting input: tba=rw.flipper ic=null mNaviBarColor -16777216 mIsGetNaviBarColorSuccess true , NavVisible : true , NavTrans : false
12-24 07:24:52.988  4554  4583 D SehCodecSolutionService: Update top [rw.flipper]
12-24 07:24:52.994 21953 21953 I flutter :  Using persistence directory: /data/user/0/rw.flipper/databases
12-24 07:24:53.114  4554  4961 D MdnieScenarioControlService:  packageName : rw.flipper    className : rw.flipper.MainActivity
12-24 07:24:53.151 21953 22265 I Ditto   : ditto_init: starting Ditto... app_id=84ba6a9e-c8fd-40dc-9126-d0924388b3b8 local.peer_id=pkAocCgkMCJWWvD0fYm4Y7BUKFwZIRHgc3GAQfLFYj4nELaWr5Lbk sdk.platform=Android sdk.language=Flutter sdk.version=4.14.0 sdk.commit=a023919c3e absolute_persistence_directory=PersistenceDirectory("/data/data/rw.flipper/databases")
12-24 07:24:53.732  4554 19860 D GameManagerService: identifyGamePackage. rw.flipper, mCurrentUserId: 0, callerUserId: 0
12-24 07:24:53.732  4554 19860 D PkgDataHelper: getGamePkgData(). rw.flipper
12-24 07:24:54.123 22077 22077 D EdgeLightingSettingManager: removeSilentInstalledPackage : on, packageName = rw.flipper AllApplication = false
12-24 07:24:54.476 22320 22320 I FILP/PackageIntentReceiver: pkgName : rw.flipper
12-24 07:24:54.497 22320 22320 I FILP/PackageIntentReceiver: pkgName : rw.flipper
12-24 07:24:54.529 22320 22365 I FILP/FilterInstaller: removeFromFS : rw.flipper, cursor size : 0
12-24 07:24:54.539 22320 22365 I FILP/FilterInstaller: Delete DB result : rw.flipper, 0
12-24 07:24:54.555 21953 22377 D ProfileInstaller: Installing profile for rw.flipper
12-24 07:24:55.955 21953 22262 W System.err: java.lang.ClassNotFoundException: Didn't find class "org/rustls/platformverifier/CertificateVerifier" on path: DexPathList[[zip file "/data/app/~~kHRBzL1fyWfkAvjgNetcoA==/rw.flipper-5wtIxyn07K3Gxdzl22399g==/base.apk", zip file "/data/app/~~kHRBzL1fyWfkAvjgNetcoA==/rw.flipper-5wtIxyn07K3Gxdzl22399g==/split_config.arm64_v8a.apk", zip file "/data/app/~~kHRBzL1fyWfkAvjgNetcoA==/rw.flipper-5wtIxyn07K3Gxdzl22399g==/split_config.en.apk", zip file "/data/app/~~kHRBzL1fyWfkAvjgNetcoA==/rw.flipper-5wtIxyn07K3Gxdzl22399g==/split_config.fr.apk", zip file "/data/app/~~kHRBzL1fyWfkAvjgNetcoA==/rw.flipper-5wtIxyn07K3Gxdzl22399g==/split_config.xxhdpi.apk"],nativeLibraryDirectories=[/data/app/~~kHRBzL1fyWfkAvjgNetcoA==/rw.flipper-5wtIxyn07K3Gxdzl22399g==/lib/arm64, /data/app/~~kHRBzL1fyWfkAvjgNetcoA==/rw.flipper-5wtIxyn07K3Gxdzl22399g==/base.apk!/lib/arm64-v8a, /data/app/~~kHRBzL1fyWfkAvjgNetcoA==/rw.flipper-5wtIxyn07K3Gxdzl22399g==/split_config.arm64_v8a.apk!/lib/arm64-v8a, /data/app/~~kHRBzL1fyWfkAvjgNetcoA==/rw.flipper-5wtIxyn07K3Gxdzl22399g==/split_config.en.apk!/lib/arm64-v8a, /data/app/~~kHRBzL1fyWfkAvjgNetcoA==/rw.flipper-5wtIxyn07K3Gxdzl22399g==/split_config.fr.apk!/lib/arm64-v8a, /data/app/~~kHRBzL1fyWfkAvjgNetcoA==/rw.flipper-5wtIxyn07K3Gxdzl22399g==/split_config.xxhdpi.apk!/lib/arm64-v8a, /system/lib64]]
12-24 07:24:55.962 21953 22262 W System.err: 	Suppressed: java.io.IOException: No original dex files found for dex location (arm64) /data/app/~~kHRBzL1fyWfkAvjgNetcoA==/rw.flipper-5wtIxyn07K3Gxdzl22399g==/split_config.arm64_v8a.apk
12-24 07:24:55.964 21953 22262 W System.err: 	Suppressed: java.io.IOException: No original dex files found for dex location (arm64) /data/app/~~kHRBzL1fyWfkAvjgNetcoA==/rw.flipper-5wtIxyn07K3Gxdzl22399g==/split_config.en.apk
12-24 07:24:55.966 21953 22262 W System.err: 	Suppressed: java.io.IOException: No original dex files found for dex location (arm64) /data/app/~~kHRBzL1fyWfkAvjgNetcoA==/rw.flipper-5wtIxyn07K3Gxdzl22399g==/split_config.fr.apk
12-24 07:24:55.968 21953 22262 W System.err: 	Suppressed: java.io.IOException: No original dex files found for dex location (arm64) /data/app/~~kHRBzL1fyWfkAvjgNetcoA==/rw.flipper-5wtIxyn07K3Gxdzl22399g==/split_config.xxhdpi.apk
12-24 07:24:56.825  4554  7523 D GameManagerService: identifyGamePackage. rw.flipper, mCurrentUserId: 0, callerUserId: 0
12-24 07:24:56.825  4554  7523 D PkgDataHelper: getGamePkgData(). rw.flipper
12-24 07:24:56.947  4554  7523 D GameManagerService: identifyForegroundApp. rw.flipper, mCurrentUserId: 0, callerUserId: 0
12-24 07:24:56.947  4554  7523 D PkgDataHelper: getGamePkgData(). rw.flipper
12-24 07:24:58.164 22077 22077 D EdgeLightingReceiver: com.samsung.android.app.edgelighting.PACKAGE_ADDED rw.flipper
12-24 07:24:58.187 22077 22077 D EdgeLightingSettingManager: addSilentInstalledPackage : on, packageName = rw.flipper
12-24 07:24:58.216 22077 22077 D EdgeLightingReceiver: com.samsung.android.app.edgelighting.PACKAGE_REPLACED rw.flipper
12-24 07:24:58.219 22077 22077 D EdgeLightingSettingManager: replaceSilentInstalledPackage : true, packageName = rw.flipper
12-24 07:25:00.319  4554 19860 D GameManagerService: identifyGamePackage. rw.flipper, mCurrentUserId: 0, callerUserId: 0
12-24 07:25:00.319  4554 19860 D PkgDataHelper: getGamePkgData(). rw.flipper
12-24 07:25:01.652 21953 21953 I flutter : [38;5;3m [warning] | 7:25:01 651ms | Local file not found: /Users/richard/Library/Containers/rw.flipper/Data/Documents/db/1747592308648_banana.jpg[0m
12-24 07:25:02.796 29394 22178 W FA-SVC  : Storing bundle outside of the max uploading time span. appId, now, timestamp: rw.flipper, 1766553902793, 1765583276572
12-24 07:25:03.419  4554  7534 V WindowManager: Relayout Window{b7ccb10 u0 rw.flipper/rw.flipper.MainActivity}: viewVisibility=0 req=1080x2340
12-24 07:25:03.439  4554  7534 I SurfaceControl: release : mNativeObject = 516506252512 - Surface(name=rw.flipper/rw.flipper.MainActivity$_21953)/@0xfba4fc / android.view.SurfaceControl.writeToParcel:1140 android.view.IWindowSession$Stub.onTransact:925 com.android.server.wm.Session.onTransact:145 android.os.Binder.execTransactInternal:1190 
12-24 07:25:03.452 21953 21953 I SurfaceControl: release : mNativeObject = 516149173664 - Surface(name=rw.flipper/rw.flipper.MainActivity$_21953)/@0xd2cdd83 / android.view.SurfaceControl.assignNativeObject:571 android.view.SurfaceControl.readFromParcel:1119 android.view.IWindowSession$Stub$Proxy.relayout:1814 android.view.ViewRootImpl.relayoutWindow:9018 
12-24 07:25:03.463 21953 21953 I ViewRootImpl@eb2b299[MainActivity]: updateBoundsLayer: shouldReparent = false t = android.view.SurfaceControl$Transaction@e7ea123 sc = Surface(name=Bounds for - rw.flipper/rw.flipper.MainActivity@0)/@0x5157620 frame = 2
12-24 07:25:06.557  4554  4554 D GameManagerService: identifyGamePackage. rw.flipper, mCurrentUserId: 0, callerUserId: 0
12-24 07:25:06.557  4554  4554 D PkgDataHelper: getGamePkgData(). rw.flipper
12-24 07:25:06.558  4554  4554 D GameManagerService: identifyGamePackage. rw.flipper, mCurrentUserId: 0, callerUserId: 0
12-24 07:25:06.558  4554  4554 D PkgDataHelper: getGamePkgData(). rw.flipper
12-24 07:25:07.325  4554  4554 D GameManagerService: identifyGamePackage. rw.flipper, mCurrentUserId: 0, callerUserId: 0
12-24 07:25:07.325  4554  4554 D PkgDataHelper: getGamePkgData(). rw.flipper
12-24 07:25:07.327  4554  4554 D GameManagerService: identifyGamePackage. rw.flipper, mCurrentUserId: 0, callerUserId: 0
12-24 07:25:07.327  4554  4554 D PkgDataHelper: getGamePkgData(). rw.flipper
12-24 07:25:08.255  4554  4554 D GameManagerService: identifyGamePackage. rw.flipper, mCurrentUserId: 0, callerUserId: 0
12-24 07:25:08.255  4554  4554 D PkgDataHelper: getGamePkgData(). rw.flipper
12-24 07:25:08.256  4554  4554 D GameManagerService: identifyGamePackage. rw.flipper, mCurrentUserId: 0, callerUserId: 0
12-24 07:25:08.256  4554  4554 D PkgDataHelper: getGamePkgData(). rw.flipper
12-24 07:25:09.055  4554  4554 D GameManagerService: identifyGamePackage. rw.flipper, mCurrentUserId: 0, callerUserId: 0
12-24 07:25:09.055  4554  4554 D PkgDataHelper: getGamePkgData(). rw.flipper
12-24 07:25:09.056  4554  4554 D GameManagerService: identifyGamePackage. rw.flipper, mCurrentUserId: 0, callerUserId: 0
12-24 07:25:09.056  4554  4554 D PkgDataHelper: getGamePkgData(). rw.flipper
12-24 07:25:14.949  4554  4554 D GameManagerService: identifyGamePackage. rw.flipper, mCurrentUserId: 0, callerUserId: 0
12-24 07:25:14.949  4554  4554 D PkgDataHelper: getGamePkgData(). rw.flipper
12-24 07:25:14.950  4554  4554 D GameManagerService: identifyGamePackage. rw.flipper, mCurrentUserId: 0, callerUserId: 0
12-24 07:25:14.950  4554  4554 D PkgDataHelper: getGamePkgData(). rw.flipper
12-24 07:25:15.730  4554  4554 D GameManagerService: identifyGamePackage. rw.flipper, mCurrentUserId: 0, callerUserId: 0
12-24 07:25:15.730  4554  4554 D PkgDataHelper: getGamePkgData(). rw.flipper
12-24 07:25:15.733  4554  4554 D GameManagerService: identifyGamePackage. rw.flipper, mCurrentUserId: 0, callerUserId: 0
12-24 07:25:15.733  4554  4554 D PkgDataHelper: getGamePkgData(). rw.flipper
12-24 07:25:16.450  4554  4554 D GameManagerService: identifyGamePackage. rw.flipper, mCurrentUserId: 0, callerUserId: 0
12-24 07:25:16.450  4554  4554 D PkgDataHelper: getGamePkgData(). rw.flipper
12-24 07:25:16.451  4554  4554 D GameManagerService: identifyGamePackage. rw.flipper, mCurrentUserId: 0, callerUserId: 0
12-24 07:25:16.451  4554  4554 D PkgDataHelper: getGamePkgData(). rw.flipper
12-24 07:25:19.529  4554  4567 D PhoneWindowManagerExt: f.b. a=false id=4 he=true eme=false ksno = false callingPackage=rw.flipper Caller=com.android.server.policy.PhoneWindowManager.performHapticFeedback:6374 com.android.server.wm.Session.performHapticFeedback:274 android.view.IWindowSession$Stub.onTransact:1081 com.android.server.wm.Session.onTransact:145 android.os.Binder.execTransactInternal:1190 
12-24 07:25:20.292  4554  5329 D PhoneWindowManagerExt: f.b. a=false id=1 he=true eme=false ksno = false callingPackage=rw.flipper Caller=com.android.server.policy.PhoneWindowManager.performHapticFeedback:6374 com.android.server.wm.Session.performHapticFeedback:274 android.view.IWindowSession$Stub.onTransact:1081 com.android.server.wm.Session.onTransact:145 android.os.Binder.execTransactInternal:1190 
12-24 07:25:21.748  4554  5329 D PhoneWindowManagerExt: f.b. a=false id=4 he=true eme=false ksno = false callingPackage=rw.flipper Caller=com.android.server.policy.PhoneWindowManager.performHapticFeedback:6374 com.android.server.wm.Session.performHapticFeedback:274 android.view.IWindowSession$Stub.onTransact:1081 com.android.server.wm.Session.onTransact:145 android.os.Binder.execTransactInternal:1190 
12-24 07:25:22.332  4554  5958 D PhoneWindowManagerExt: f.b. a=false id=1 he=true eme=false ksno = false callingPackage=rw.flipper Caller=com.android.server.policy.PhoneWindowManager.performHapticFeedback:6374 com.android.server.wm.Session.performHapticFeedback:274 android.view.IWindowSession$Stub.onTransact:1081 com.android.server.wm.Session.onTransact:145 android.os.Binder.execTransactInternal:1190 
12-24 07:25:30.026  4554  5329 D PhoneWindowManagerExt: f.b. a=false id=1 he=true eme=false ksno = false callingPackage=rw.flipper Caller=com.android.server.policy.PhoneWindowManager.performHapticFeedback:6374 com.android.server.wm.Session.performHapticFeedback:274 android.view.IWindowSession$Stub.onTransact:1081 com.android.server.wm.Session.onTransact:145 android.os.Binder.execTransactInternal:1190 
12-24 07:25:32.887  4554  5329 D PhoneWindowManagerExt: f.b. a=false id=1 he=true eme=false ksno = false callingPackage=rw.flipper Caller=com.android.server.policy.PhoneWindowManager.performHapticFeedback:6374 com.android.server.wm.Session.performHapticFeedback:274 android.view.IWindowSession$Stub.onTransact:1081 com.android.server.wm.Session.onTransact:145 android.os.Binder.execTransactInternal:1190 
12-24 07:25:36.540  4554  5329 D PhoneWindowManagerExt: f.b. a=false id=1 he=true eme=false ksno = false callingPackage=rw.flipper Caller=com.android.server.policy.PhoneWindowManager.performHapticFeedback:6374 com.android.server.wm.Session.performHapticFeedback:274 android.view.IWindowSession$Stub.onTransact:1081 com.android.server.wm.Session.onTransact:145 android.os.Binder.execTransactInternal:1190 
12-24 07:25:39.418  4554  5329 D PhoneWindowManagerExt: f.b. a=false id=1 he=true eme=false ksno = false callingPackage=rw.flipper Caller=com.android.server.policy.PhoneWindowManager.performHapticFeedback:6374 com.android.server.wm.Session.performHapticFeedback:274 android.view.IWindowSession$Stub.onTransact:1081 com.android.server.wm.Session.onTransact:145 android.os.Binder.execTransactInternal:1190 
12-24 07:25:42.637  4554  4567 V WindowManager: Changing focus from Window{b7ccb10 u0 rw.flipper/rw.flipper.MainActivity} to null displayId=0 Callers=com.android.server.wm.RootWindowContainer.updateFocusedWindowLocked:567 com.android.server.wm.WindowManagerService.updateFocusedWindowLocked:6302 com.android.server.wm.DisplayContent.setFocusedApp:6774 com.android.server.wm.ActivityTaskManagerService.setResumedActivityUncheckLocked:6690 
12-24 07:25:42.696 21953 21953 D FirebaseSessions: App backgrounded on rw.flipper
12-24 07:25:42.698  4554  4585 D GameManagerService: notePauseComponent(), received paused-component: rw.flipper
12-24 07:25:42.817  5254  5438 I SuggestedAppsUtils: createItemInfoFromLauncherApps: rw.flipper/null, UserHandle{0}
12-24 07:25:43.007  4554  4586 D WindowManager: createAnimationAdapter(): container=Task{2b39da1 #6265 visible=false type=standard mode=fullscreen translucent=true I=rw.flipper/.MainActivity U=0 StackId=6265 sz=1}
12-24 07:25:43.020  4554  4586 D WindowManager: 	Add container=Task{2b39da1 #6265 visible=false type=standard mode=fullscreen translucent=true I=rw.flipper/.MainActivity U=0 StackId=6265 sz=1}
12-24 07:25:43.077  4554  4586 I WindowManager: container=Task{2b39da1 #6265 visible=false type=standard mode=fullscreen translucent=true I=rw.flipper/.MainActivity U=0 StackId=6265 sz=1}
12-24 07:25:43.138  4230  4230 D SurfaceFlinger:      CLIENT |              | 0002 |  Unknown  |    0.0    0.0    0.0    0.0 |    0    0 1080 2339 | Background for -SurfaceView - rw.flipper/rw.flipper.MainActivity@c99d21b@0#0
12-24 07:25:43.138  4230  4230 D SurfaceFlinger:      CLIENT | 0x78c7a376c0 | 0002 | RGBA_8888    |    0.0    0.0 1080.0 2340.0 |    0    0 1080 2339 | SurfaceView - rw.flipper/rw.flipper.MainActivity@c99d21b@0#0
12-24 07:25:43.138  4230  4230 D SurfaceFlinger:      CLIENT | 0x78c7a39240 | 0000 | RGBA_8888    |    0.0    0.0 1080.0 2340.0 |    0    0 1080 2339 | rw.flipper/rw.flipper.MainActivity$_21953#0
12-24 07:25:43.154  5254  7609 I AppIconSolution: getThemeIconWithBG called with public API, pkg = rw.flipper
12-24 07:25:43.158  4230  4230 D SurfaceFlinger:      CLIENT |              | 0002 |  Unknown  |    0.0    0.0    0.0    0.0 |    1    2 1078 2335 | Background for -SurfaceView - rw.flipper/rw.flipper.MainActivity@c99d21b@0#0
12-24 07:25:43.158  4230  4230 D SurfaceFlinger:      CLIENT | 0x78c7a376c0 | 0002 | RGBA_8888    |    0.0    0.0 1080.0 2340.0 |    1    2 1078 2335 | SurfaceView - rw.flipper/rw.flipper.MainActivity@c99d21b@0#0
12-24 07:25:43.158  4230  4230 D SurfaceFlinger:      CLIENT | 0x78c7a39240 | 0000 | RGBA_8888    |    0.0    0.0 1080.0 2340.0 |    1    2 1078 2335 | rw.flipper/rw.flipper.MainActivity$_21953#0
12-24 07:25:43.160  5254  7609 I AppIconSolution: start to load, pkg=rw.flipper, bg=192-192, dr=192-192, forDefault=true, density=640
12-24 07:25:43.165  5254  7609 I AppIconSolution: getIconScale, pkg=rw.flipper, size=192, iconScale=IconScale[alpha=18, scale=1.0, isCrop=true]
12-24 07:25:43.187  5254  7609 I AppIconSolution: default container[CROP], pkg=rw.flipper, bg=156-156, dr=192-192
12-24 07:25:43.200  5254  7609 I LauncherActivityInfo: packageName: rw.flipper, useThemeIcon: false, height: 156, width: 156, density: 640
12-24 07:25:43.656  4554  7096 V WindowManager: Setting visibility of Window{b7ccb10 u0 rw.flipper/rw.flipper.MainActivity}: false, caller=com.android.server.wm.WindowContainer.sendAppVisibilityToClients:1004 com.android.server.wm.ActivityRecord.setClientVisible:6391 com.android.server.wm.ActivityRecord.onAnimationFinished:7143 com.android.server.wm.WindowContainer.doAnimationFinished:2626 com.android.server.wm.WindowContainer.onAnimationFinished:2635 
12-24 07:25:43.657  4554  7096 D ActivityTaskManager: finishFixedRotationTransform, r=ActivityRecord{1634bc0 u0 rw.flipper/.MainActivity t6265}, caller=com.android.server.wm.WindowToken.finishFixedRotationTransform:664 com.android.server.wm.DisplayContent$FixedRotationTransitionListener.onAppTransitionFinishedLocked:7024 com.android.server.wm.AppTransition.notifyAppTransitionFinishedLocked:543 com.android.server.wm.ActivityRecord.onAnimationFinished:7164 com.android.server.wm.WindowContainer.doAnimationFinished:2626 
12-24 07:25:43.660  4554  7096 D SurfaceControl: hide : mNativeObject = 516509106720 - sc.mNativeObject = 516503612864 - Surface(name=ActivityRecord{1634bc0 u0 rw.flipper/.MainActivity t6265})/@0x9b69a5f
12-24 07:25:43.660  4554  7096 D SurfaceControl: nativeSetFlags Done : Surface(name=ActivityRecord{1634bc0 u0 rw.flipper/.MainActivity t6265})/@0x9b69a5f
12-24 07:25:43.660  4554  7096 D SurfaceControl: hide : mNativeObject = 513546053216 - sc.mNativeObject = 516871503008 - Surface(name=rw.flipper/rw.flipper.MainActivity$_21953)/@0xe31526e
12-24 07:25:43.661  4554  7096 D SurfaceControl: nativeSetFlags Done : Surface(name=rw.flipper/rw.flipper.MainActivity$_21953)/@0xe31526e
12-24 07:25:43.663  4554  7096 D WindowManager: 	container=Task{2b39da1 #6265 visible=false type=standard mode=fullscreen translucent=true I=rw.flipper/.MainActivity U=0 StackId=6265 sz=1}
12-24 07:25:43.673  4230  4846 E BufferQueueProducer: [SurfaceView - rw.flipper/rw.flipper.MainActivity@c99d21b@0#0](id:108600000337,api:0,p:-1,c:4230) disconnect: not connected (req=1)
12-24 07:25:43.675 21953 22056 D SurfaceControl: hide : mNativeObject = 518625077632 - sc.mNativeObject = 518626304544 - Surface(name=SurfaceView - rw.flipper/rw.flipper.MainActivity@c99d21b@0)/@0x4756126
12-24 07:25:43.675 21953 22056 D SurfaceControl: nativeSetFlags Done : Surface(name=SurfaceView - rw.flipper/rw.flipper.MainActivity@c99d21b@0)/@0x4756126
12-24 07:25:43.675 21953 22056 I SurfaceView: remove() from RT android.view.SurfaceView$2@459d6f0 Surface(name=SurfaceView - rw.flipper/rw.flipper.MainActivity@c99d21b@0)/@0x4756126
12-24 07:25:43.676 21953 22056 I SurfaceControl: release : mNativeObject = 518626304544 - Surface(name=SurfaceView - rw.flipper/rw.flipper.MainActivity@c99d21b@0)/@0x4756126 / android.view.SurfaceControl$Transaction.remove:3475 android.view.SurfaceView$2.positionLost:1561 android.graphics.RenderNode$CompositePositionUpdateListener.positionLost:313 <bottom of call stack> 
12-24 07:25:43.676 21953 22056 I SurfaceControl: release : mNativeObject = 518626304448 - Surface(name=Background for -SurfaceView - rw.flipper/rw.flipper.MainActivity@c99d21b@0)/@0x75dd469 / android.view.SurfaceControl$Transaction.remove:3475 android.view.SurfaceView$2.positionLost:1562 android.graphics.RenderNode$CompositePositionUpdateListener.positionLost:313 <bottom of call stack> 
12-24 07:25:43.677  4230  5516 I Layer   : id=3609 removeFromCurrentState Background for -SurfaceView - rw.flipper/rw.flipper.MainActivity@c99d21b@0#0 (86)
12-24 07:25:43.678  4230  5516 I SurfaceFlinger: id=3609 Removed Background for -SurfaceView - rw.flipper/rw.flipper.MainActivity@c99d21b@0#0 (86)
12-24 07:25:43.678  4230  5516 I SurfaceFlinger: id=3608 Removed SurfaceView - rw.flipper/rw.flipper.MainActivity@c99d21b@0#0 (86)
12-24 07:25:43.681  4230  4845 E BufferQueueProducer: [rw.flipper/rw.flipper.MainActivity$_21953#0](id:108600000336,api:0,p:-1,c:4230) disconnect: not connected (req=1)
12-24 07:25:43.683  4554  7096 V WindowManager: Relayout Window{b7ccb10 u0 rw.flipper/rw.flipper.MainActivity}: viewVisibility=8 req=1080x2340
12-24 07:25:43.688  4230  4230 I Layer   : id=3609[1] Destroyed Background for -SurfaceView - rw.flipper/rw.flipper.MainActivity@c99d21b@0#0
12-24 07:25:43.689 21953 21953 I SurfaceControl: release : mNativeObject = 518626306464 - Surface(name=Bounds for - rw.flipper/rw.flipper.MainActivity@0)/@0x5157620 / android.view.ViewRootImpl.destroySurface:2493 android.view.ViewRootImpl.relayoutWindow:9055 android.view.ViewRootImpl.performTraversals:3373 android.view.ViewRootImpl.doTraversal:2631 
12-24 07:25:43.689  4230  4845 I SurfaceFlinger: id=3607 Removed Bounds for - rw.flipper/rw.flipper.MainActivity@0#0 (85)
12-24 07:25:43.701  4554  4732 D ConnectivityService: releasing NetworkRequest [ TRACK_DEFAULT id=4925, [ Capabilities: INTERNET&NOT_RESTRICTED&TRUSTED Uid: 10869 AdministratorUids: [] RequestorUid: 10869 RequestorPackageName: rw.flipper] ] (release request)
12-24 07:25:43.721  4554  7485 E WindowManager: win=Window{b7ccb10 u0 rw.flipper/rw.flipper.MainActivity} destroySurfaces: appStopped=true win.mWindowRemovalAllowed=false win.mRemoveOnExit=false win.mViewVisibility=8 caller=com.android.server.wm.ActivityRecord.destroySurfaces:5251 com.android.server.wm.ActivityRecord.destroySurfaces:5232 com.android.server.wm.ActivityRecord.notifyAppStopped:5291 com.android.server.wm.ActivityRecord.activityStopped:5918 com.android.server.wm.ActivityTaskManagerService.activityStopped:2584 android.app.IActivityTaskManager$Stub.onTransact:2215 android.os.Binder.execTransactInternal:1190 
12-24 07:25:43.724  4554  7485 I WindowManager: Destroying surface Surface(name=rw.flipper/rw.flipper.MainActivity$_21953)/@0xe31526e called by com.android.server.wm.WindowStateAnimator.destroySurface:1794 com.android.server.wm.WindowStateAnimator.destroySurfaceLocked:765 com.android.server.wm.WindowState.destroySurfaceUnchecked:3949 com.android.server.wm.WindowState.destroySurface:3923 com.android.server.wm.ActivityRecord.destroySurfaces:5251 com.android.server.wm.ActivityRecord.destroySurfaces:5232 com.android.server.wm.ActivityRecord.notifyAppStopped:5291 com.android.server.wm.ActivityRecord.activityStopped:5918 
12-24 07:25:43.725  4554  7485 I SurfaceControl: release : mNativeObject = 516871503008 - Surface(name=rw.flipper/rw.flipper.MainActivity$_21953)/@0xe31526e / android.view.SurfaceControl$Transaction.remove:3475 com.android.server.wm.WindowSurfaceController.destroyNotInTransaction:225 com.android.server.wm.WindowStateAnimator.destroySurface:1794 com.android.server.wm.WindowStateAnimator.destroySurfaceLocked:765 
12-24 07:25:43.725  4230  4845 I Layer   : id=3604 removeFromCurrentState rw.flipper/rw.flipper.MainActivity$_21953#0 (85)
12-24 07:25:43.725  4230  4845 I Layer   : id=3607 removeFromCurrentState Bounds for - rw.flipper/rw.flipper.MainActivity@0#0 (85)
12-24 07:25:43.725  4230  4845 I Layer   : id=3608 removeFromCurrentState SurfaceView - rw.flipper/rw.flipper.MainActivity@c99d21b@0#0 (85)
12-24 07:25:43.756  4230  4846 I SurfaceFlinger: id=3604 Removed rw.flipper/rw.flipper.MainActivity$_21953#0 (85)
12-24 07:25:43.763  4230  4230 I Layer   : id=3604[1] Destroyed rw.flipper/rw.flipper.MainActivity$_21953#0
12-24 07:25:43.763  4230  4230 I Layer   : id=3607[1] Destroyed Bounds for - rw.flipper/rw.flipper.MainActivity@0#0
12-24 07:25:43.763  4230  4230 I Layer   : id=3608[1] Destroyed SurfaceView - rw.flipper/rw.flipper.MainActivity@c99d21b@0#0
12-24 07:25:44.052  5254  5254 I RecentsView: removeTask rw.flipper/rw.flipper.MainActivity#0
12-24 07:25:44.072  4554  4585 I ActivityManager: Killing 21953:rw.flipper/u0a869 (adj 850): remove task
12-24 07:25:44.247  4554  7485 D ConnectivityService: ConnectivityService NetworkRequestInfo binderDied(NetworkRequest [ TRACK_DEFAULT id=4926, [ Capabilities: INTERNET&NOT_RESTRICTED&TRUSTED Uid: 10869 AdministratorUids: [] RequestorUid: 10869 RequestorPackageName: rw.flipper] ], android.os.BinderProxy@875b59)
12-24 07:25:44.247  4554  4732 D ConnectivityService: releasing NetworkRequest [ TRACK_DEFAULT id=4926, [ Capabilities: INTERNET&NOT_RESTRICTED&TRUSTED Uid: 10869 AdministratorUids: [] RequestorUid: 10869 RequestorPackageName: rw.flipper] ] (release request)
12-24 07:25:44.250  4554  7512 I WindowManager: WIN DEATH: Window{b7ccb10 u0 rw.flipper/rw.flipper.MainActivity}
12-24 07:25:44.250  4554  7512 W InputDispatcher: Attempted to unregister already unregistered input channel 'b7ccb10 rw.flipper/rw.flipper.MainActivity (server)'
12-24 07:25:44.255  4554  7512 I SurfaceControl: release : mNativeObject = 516504071712 - Surface(name=b7ccb10 rw.flipper/rw.flipper.MainActivity)/@0x74d331e / android.view.SurfaceControl$Transaction.remove:3475 com.android.server.wm.WindowContainer.removeImmediately:649 com.android.server.wm.WindowState.removeImmediately:2632 com.android.server.wm.WindowState.removeIfPossible:2861 
12-24 07:25:44.258  4230  5516 I Layer   : id=3603 removeFromCurrentState b7ccb10 rw.flipper/rw.flipper.MainActivity#0 (82)
12-24 07:25:44.259  4230  5516 I SurfaceFlinger: id=3603 Removed b7ccb10 rw.flipper/rw.flipper.MainActivity#0 (82)
12-24 07:25:44.264  4230  4230 I Layer   : id=3603[1] Destroyed b7ccb10 rw.flipper/rw.flipper.MainActivity#0
12-24 07:25:44.344  4554  7095 I ActivityTaskManager: Removing activity ActivityRecord{1634bc0 u0 rw.flipper/.MainActivity t6265 f}}(appDied)  from stack callers=com.android.server.wm.ActivityStack$RemoveHistoryRecordsForApp.processActivity:565 com.android.server.wm.ActivityStack$RemoveHistoryRecordsForApp.process:480 com.android.server.wm.ActivityStack.handleAppDied:3395 com.android.server.wm.RootWindowContainer.handleAppDied:3664 com.android.server.wm.ActivityTaskManagerService$LocalService.handleAppDied:8269 
12-24 07:25:44.345  4554  7095 I SurfaceControl: release : mNativeObject = 516503612864 - Surface(name=ActivityRecord{1634bc0 u0 rw.flipper/.MainActivity t6265})/@0x9b69a5f / android.view.SurfaceControl$Transaction.remove:3475 com.android.server.wm.WindowContainer.removeImmediately:649 com.android.server.wm.WindowToken.removeImmediately:428 com.android.server.wm.ActivityRecord.removeImmediately:3787 
12-24 07:25:44.352  4230  4252 I Layer   : id=3593 removeFromCurrentState ActivityRecord{1634bc0 u0 rw.flipper/.MainActivity t6265}#0 (83)
12-24 07:25:44.353  4230  4252 I SurfaceFlinger: id=3593 Removed ActivityRecord{1634bc0 u0 rw.flipper/.MainActivity t6265}#0 (83)
12-24 07:25:44.365  4230  4230 I Layer   : id=3593[1] Destroyed ActivityRecord{1634bc0 u0 rw.flipper/.MainActivity t6265}#0
12-24 07:25:44.385  4554  4791 D PkgPredictorService: previous pkgs: com.android.vending,rw.flipper,com.android.vending running pkg: com.android.vending, uid: 0 is system: true
12-24 07:25:44.386  4554  4791 D PkgPredictorService-Collector:  (hour:7 day:4 previous:[com.android.vending, rw.flipper, com.android.vending] activityName:unknown running:com.android.vending userId:0 screenOrientation:0 wifi:1 bt:0 predictTime:8 apkVersion:49.2.47-29 [0] [PR] 845525049 consumeTime:-1 preloaded:false>)
12-24 07:25:44.393  4554  4791 D PkgPredictorService-NapClassifier: Predict result: 141.0,104.0,-1.0, - [0_&_rw.flipper, 0_&_org.jw.jwlibrary.mobile]
12-24 07:25:45.000  4554  7512 I ActivityTaskManager: START u0 {act=android.intent.action.MAIN cat=[android.intent.category.LAUNCHER] flg=0x10000000 pkg=rw.flipper cmp=rw.flipper/.MainActivity (has extras)} from uid 10103
12-24 07:25:45.002  4554  7512 D ActivityTaskManager: TaskLaunchParamsModifier:task=null activity=ActivityRecord{b8ade3a u0 rw.flipper/.MainActivity display-area-from-source=DefaultTaskDisplayArea@102847506 task-display-area=DefaultTaskDisplayArea@102847506 display-area-windowing-mode=1
12-24 07:25:45.002  4554  7512 D ActivityTaskManager: TaskLaunchParamsModifier:task=null activity=ActivityRecord{b8ade3a u0 rw.flipper/.MainActivity t-1} display-area-from-source=DefaultTaskDisplayArea@102847506 task-display-area=DefaultTaskDisplayArea@102847506 display-area-windowing-mode=1 inherit-from-source=fullscreen activity-options-fullscreen=Rect(0, 0 - 0, 0) non-freeform-display maximized-bounds
12-24 07:25:45.004  4554  4791 D DexPreloader: create a new DexPreloadTask pkg:rw.flipper  path:/data/app/~~kHRBzL1fyWfkAvjgNetcoA==/rw.flipper-5wtIxyn07K3Gxdzl22399g==
12-24 07:25:45.006  4554 22914 D DexPreloader: /data/app/~~kHRBzL1fyWfkAvjgNetcoA==/rw.flipper-5wtIxyn07K3Gxdzl22399g==/oat/arm64/base.art size 176128
12-24 07:25:45.010  4554  7512 D ActivityTaskManager: TaskLaunchParamsModifier:task=Task{e342048 #6266 visible=false type=standard mode=fullscreen translucent=true I=rw.flipper/.MainActivity U=0 StackId=6266 sz=0} activity=ActivityRecord{b8ade3a u0 rw.flipper/.MainActivity t-1} display-from-task=0 task-display-area=DefaultTaskDisplayArea@102847506 display-area-windowing-mode=1 inherit-from-source=fullscreen activity-options-fullscreen=Rect(0, 0 - 0, 0) non-freeform-display maximized-bounds
12-24 07:25:45.012  4230  5516 I SurfaceFlinger: id=3633 createSurf (0x0),-1 flag=80004, ActivityRecord{b8ade3a u0 rw.flipper/.MainActivity t6266}#0
12-24 07:25:45.020  4554  7512 D SurfaceControl: hide : mNativeObject = 516509106720 - sc.mNativeObject = 516516099936 - Surface(name=ActivityRecord{b8ade3a u0 rw.flipper/.MainActivity t6266})/@0xdb7dee1
12-24 07:25:45.020  4554  7512 D SurfaceControl: nativeSetFlags Done : Surface(name=ActivityRecord{b8ade3a u0 rw.flipper/.MainActivity t6266})/@0xdb7dee1
12-24 07:25:45.026  4554  4585 D StorageManagerService: getExternalStorageMountMode: uid=10869 packageName=rw.flipper
12-24 07:25:45.035  4554  4592 I ActivityManager: Start proc 18502:rw.flipper/u0a869 for pre-top-activity {rw.flipper/rw.flipper.MainActivity}
12-24 07:25:45.049  4230  5516 I SurfaceFlinger: id=3634 createSurf (0x0),-1 flag=80004, bb35bbf Splash Screen rw.flipper#0
12-24 07:25:45.051  4554  5146 D MARsPolicyManager: onPackageResumedFG pkgName = rw.flipper, userId = 0
12-24 07:25:45.072 18502 18502 E rw.flipper: Not starting debugger since process cannot load the jdwp agent.
12-24 07:25:45.124  4554  7485 I ActivityManager: DSS OFF for rw.flipper
12-24 07:25:45.125  4554  4586 D InsetsSourceConsumer: setRequestedVisible: visible=false, type=0, host=Splash Screen rw.flipper, from=android.view.InsetsSourceConsumer.hide:236 android.view.InsetsController.collectSourceControls:1172 android.view.InsetsController.controlAnimationUnchecked:1049 android.view.InsetsController.applyAnimation:1417 android.view.InsetsController.hide:984 android.view.InsetsController.hide:967 android.view.ViewRootImpl.controlInsetsForCompatibility:2865 android.view.ViewRootImpl.performTraversals:3327 android.view.ViewRootImpl.doTraversal:2631 android.view.ViewRootImpl$TraversalRunnable.run:9984 
12-24 07:25:45.125  4554  4586 V WindowManager: Relayout Window{bb35bbf u0 Splash Screen rw.flipper}: viewVisibility=0 req=1080x2340
12-24 07:25:45.127  4230  4252 I SurfaceFlinger: id=3635 createSurf (1080x2340),1 flag=4, Splash Screen rw.flipper#0
