12-23 11:20:44.906  1156  1156 E AndroidRuntime: Process: rw.flipper, PID: 1156
12-23 11:20:44.906  1156  1156 E AndroidRuntime: android.app.RemoteServiceException: Context.startForegroundService() did not then call Service.startForeground(): ServiceRecord{7dee513 u0 rw.flipper/live.ditto.transports.foregroundservice.DefaultDittoForegroundService}
12-23 11:22:17.387  2487  2487 E AndroidRuntime: Process: rw.flipper, PID: 2487
12-23 11:22:17.387  2487  2487 E AndroidRuntime: android.app.RemoteServiceException: Context.startForegroundService() did not then call Service.startForeground(): ServiceRecord{712befb u0 rw.flipper/live.ditto.transports.foregroundservice.DefaultDittoForegroundService}
12-24 06:01:48.197  4554  4628 I AppsFilter: interaction: PackageSetting{a11031a rw.flipper.auth/10845} -> PackageSetting{b1360b4 com.facebook.appmanager/10222} BLOCKED
12-24 06:06:41.295  4554  4628 I AppsFilter: interaction: PackageSetting{a11031a rw.flipper.auth/10845} -> PackageSetting{5ac4919 com.microsoft.appmanager/10151} BLOCKED
12-24 06:16:49.476  4554  4628 I AppsFilter: interaction: PackageSetting{a11031a rw.flipper.auth/10845} -> PackageSetting{b1360b4 com.facebook.appmanager/10222} BLOCKED
12-24 06:31:52.138  4554  4628 I AppsFilter: interaction: PackageSetting{a11031a rw.flipper.auth/10845} -> PackageSetting{b1360b4 com.facebook.appmanager/10222} BLOCKED
12-24 06:46:53.749  4554  4628 I AppsFilter: interaction: PackageSetting{a11031a rw.flipper.auth/10845} -> PackageSetting{b1360b4 com.facebook.appmanager/10222} BLOCKED
12-24 07:01:57.723  4554  4628 I AppsFilter: interaction: PackageSetting{a11031a rw.flipper.auth/10845} -> PackageSetting{b1360b4 com.facebook.appmanager/10222} BLOCKED
12-24 07:16:57.786  4554 19731 D PkgPredictorService-BootUpBooster: mBootUpPkgList with AUF pkgs : [ com.whatsapp.w4b,0,  com.samsung.android.dialer,0,  com.zhiliaoapp.musically,0,  rw.flipper,0,  com.linkedin.android,0,  com.android.vending,0,  com.google.android.apps.messaging,0,  com.google.android.youtube,0,  com.instagram.android,0,  com.samsung.android.app.contacts,0,  com.android.chrome,0,  com.google.android.gm,0,  org.jw.jwlibrary.mobile,0,  com.openai.chatgpt,0,  com.snapchat.android,0,  com.google.android.apps.authenticator2,0,  com.sec.android.app.sbrowser,0,  com.google.android.apps.photos,0,  com.samsung.android.app.watchmanager,0,  com.google.android.googlequicksearchbox,0,  com.sec.android.app.samsungapps,0,  com.microsoft.office.officehubrow,0,  com.alibaba.intl.android.apps.poseidon,0,  com.twitter.android,0,  com.sec.android.app.camera,0,  com.microsoft.office.outlook,0,  com.sec.android.app.popupcalculator,0,  com.azure.authenticator,0,  com.duolingo,0,  com.google.android.apps.bard,0]
12-24 07:17:05.789  4554  4791 D PkgPredictorService-NapPreloadController: [ML] Sent pkg = rw.flipper uid: 0 type: booster
12-24 07:17:33.206  4554  4628 I AppsFilter: interaction: PackageSetting{a11031a rw.flipper.auth/10845} -> PackageSetting{b1360b4 com.facebook.appmanager/10222} BLOCKED
12-24 07:23:46.867  4554  4791 D PkgPredictorService-NapClassifier: Predict result: 141.0,195.0,29.0, - [0_&_rw.flipper, 0_&_com.zhiliaoapp.musically, 0_&_com.samsung.android.dialer]
12-24 07:23:48.624  3859  4391 I Finsky  : [35187] GMS-INS: Get module metadata from GmsCore, package=rw.flipper.
12-24 07:23:48.819  3859 21350 I Finsky  : [35302] GMS-INS: Metadata response for package:rw.flipper, status:4
12-24 07:23:48.978  3859  3859 I Finsky  : [2] Not delivering second response for request=[[ ] https://play-fe.googleapis.com/fdfe/popups?doc=rw.flipper 0x4be64f9b NORMAL 4]
12-24 07:23:49.014  3859  3859 I Finsky  : [2] Not delivering second response for request=[[ ] https://play-fe.googleapis.com/fdfe/reviewSummary?doc=rw.flipper 0x4be64f9b NORMAL 5]
12-24 07:23:49.877  4554  4791 D PkgPredictorService-NapPreloadController: [ML] Sent pkg = rw.flipper uid: 0 type: ml
12-24 07:23:49.921  4554  5312 I ActivityManager: [ML][SD] app:rw.flipper is exist findPkgforMl:false  isOnMemory:false
12-24 07:23:49.922  4554  5312 D ActivityManager: [SD] starting userId:0  rw.flipper  type:ml
12-24 07:23:49.927  4554  4585 D StorageManagerService: getExternalStorageMountMode: uid=10869 packageName=rw.flipper
12-24 07:23:49.933  4554  4554 D PkgPredictorService-NapPreloadController: [ML] Get reply pkgName = rw.flipper userid = 0 type = ml
12-24 07:23:49.943  4554  4592 I ActivityManager: Start proc 17840:rw.flipper/u0a869 for mllaunch {rw.flipper/rw.flipper.MainActivity}
12-24 07:23:49.987 17840 17840 E rw.flipper: Not starting debugger since process cannot load the jdwp agent.
12-24 07:23:50.007  4554  5387 I ActivityManager: DSS OFF for rw.flipper
12-24 07:23:50.015  4554  5387 D ActivityManager: attachApplicationLocked() app=ProcessRecord{44a6cfa 17840:rw.flipper/u0a869} app.isolatedEntryPoint=null instr2=null
12-24 07:23:50.024 17840 17840 D ActivityThread: handleBindApplication()++ app=rw.flipper
12-24 07:23:50.102 17840 17840 W rw.flipper: JIT profile information will not be recorded: profile file does not exist.
12-24 07:23:50.102 17840 17840 W rw.flipper: JIT profile information will not be recorded: profile file does not exist.
12-24 07:23:50.102 17840 17840 W rw.flipper: JIT profile information will not be recorded: profile file does not exist.
12-24 07:23:50.103 17840 17840 W rw.flipper: JIT profile information will not be recorded: profile file does not exist.
12-24 07:23:50.124 17840 17840 D ActivityThread: ActivityThread::handleMakeApplication() data=AppBindData{appInfo=ApplicationInfo{1f77415 rw.flipper}} appContext=android.app.ContextImpl@8f9032a appContext.mOpPackageName=rw.flipper appContext.mBasePackageName=rw.flipper appContext.mPackageInfo=android.app.LoadedApk@d79551b data.restrictedBackupMode= false data.providers= [ContentProviderInfo{name=rw.flipper.SentryPerformanceProvider className=io.sentry.android.core.SentryPerformanceProvider}, ContentProviderInfo{name=rw.flipper.firebaseinitprovider className=com.google.firebase.provider.FirebaseInitProvider}, ContentProviderInfo{name=rw.flipper.flutterfirebasemessaginginitprovider className=io.flutter.plugins.firebase.messaging.FlutterFirebaseMessagingInitProvider}, ContentProviderInfo{name=rw.flipper.mlkitinitprovider className=com.google.mlkit.common.internal.MlKitInitProvider}, ContentProviderInfo{name=rw.flipper.com.pairip.licensecheck.LicenseContentProvider className=com.pairip.licensecheck.LicenseContentProvider}, ContentProviderInfo{name=rw.flipper.flutter.printing className=net.nfet.flutter.printing.PrintFileProvider}, ContentProviderInfo{name=rw.flipper.flutter.image_provider className=io.flutter.plugins.imagepicker.ImagePickerFileProvider}, ContentProviderInfo{name=rw.flipper.fileProvider.com.crazecoder.openfile className=com.crazecoder.openfile.FileProvider}, ContentProviderInfo{name=rw.flipper.flutter.share_provider className=dev.fluttercommunity.plus.share.ShareFileProvider}, ContentProviderInfo{name=rw.flipper.androidx-startup className=androidx.startup.InitializationProvider}] Caller=android.app.ActivityThread.handleBindApplication:7484 android.app.ActivityThread.access$1400:301 android.app.ActivityThread$H.handleMessage:2156 android.os.Handler.dispatchMessage:106 android.os.Looper.loop:246 
12-24 07:23:50.126 17840 17840 D LoadedApk: LoadedApk::makeApplication() appContext=android.app.ContextImpl@279a6b8 appContext.mOpPackageName=rw.flipper appContext.mBasePackageName=rw.flipper appContext.mPackageInfo=android.app.LoadedApk@d79551b
12-24 07:23:50.430 17840 17840 I FirebaseCrashlytics: Initializing Firebase Crashlytics 20.0.3 for rw.flipper
12-24 07:23:50.498 17840 21383 W rw.flipper: ClassLoaderContext classpath size mismatch. expected=13, found=0 (DLC[];PCL[base.apk*2201765484:base.apk!classes2.dex*63625498:base.apk!classes3.dex*4125276836:base.apk!classes4.dex*4127933447:base.apk!classes5.dex*986730365:base.apk!classes6.dex*3139395390:base.apk!classes7.dex*1590257613:base.apk!classes8.dex*3095033817:base.apk!classes9.dex*1110017803:base.apk!classes10.dex*3607852532:base.apk!classes11.dex*736609121:base.apk!classes12.dex*1002466557:base.apk!classes13.dex*250645285]{PCL[/system/framework/org.apache.http.legacy.jar*876722329]#PCL[/system/framework/com.android.media.remotedisplay.jar*1573936315]#PCL[/system/framework/com.android.location.provider.jar*1664931834]#PCL[/system/framework/org.apache.http.legacy.jar*876722329]} | DLC[];PCL[])
12-24 07:23:50.838 17840 21383 W rw.flipper: ClassLoaderContext classpath size mismatch. expected=13, found=2 (DLC[];PCL[base.apk*2201765484:base.apk!classes2.dex*63625498:base.apk!classes3.dex*4125276836:base.apk!classes4.dex*4127933447:base.apk!classes5.dex*986730365:base.apk!classes6.dex*3139395390:base.apk!classes7.dex*1590257613:base.apk!classes8.dex*3095033817:base.apk!classes9.dex*1110017803:base.apk!classes10.dex*3607852532:base.apk!classes11.dex*736609121:base.apk!classes12.dex*1002466557:base.apk!classes13.dex*250645285]{PCL[/system/framework/org.apache.http.legacy.jar*876722329]#PCL[/system/framework/com.android.media.remotedisplay.jar*1573936315]#PCL[/system/framework/com.android.location.provider.jar*1664931834]#PCL[/system/framework/org.apache.http.legacy.jar*876722329]} | DLC[];PCL[/data/app/~~SBGPereb5zNpsqpMGfoSjQ==/rw.flipper-DyG5L0E64xu5b6Zu54DfwQ==/base.apk*1800233064:/data/app/~~SBGPereb5zNpsqpMGfoSjQ==/rw.flipper-DyG5L0E64xu5b6Zu54DfwQ==/base.apk!classes2.dex*3341005693])
12-24 07:23:50.840 17840 21383 W rw.flipper: Found duplicate classes, falling back to extracting from APK : /data/app/~~YkLYefOUqP3Nd01k23wuBQ==/com.google.android.gms-gjU1uGlsNhac4m9uqWWYnw==/split_MeasurementDynamite_installtime.apk
12-24 07:23:50.840 17840 21383 W rw.flipper: NOTE: This wastes RAM and hurts startup performance.
12-24 07:23:50.840 17840 21383 W rw.flipper: Found duplicated class when checking oat files: 'Landroid/app/AppComponentFactory;' in /data/app/~~YkLYefOUqP3Nd01k23wuBQ==/com.google.android.gms-gjU1uGlsNhac4m9uqWWYnw==/split_MeasurementDynamite_installtime.apk and /data/app/~~SBGPereb5zNpsqpMGfoSjQ==/rw.flipper-DyG5L0E64xu5b6Zu54DfwQ==/base.apk
12-24 07:23:51.486  1997 17041 I PhenotypeResourceReader: unable to find any Phenotype resource metadata for rw.flipper
12-24 07:23:51.738  3859  3859 I Finsky  : [2] RTFA::IQ - Local install scheduled for package rw.flipper
12-24 07:23:51.739  3859  3859 I Finsky  : [2] Will queue rw.flipper to be downloaded over any network
12-24 07:23:51.749  3859  3859 W Finsky  : [2] No everExternallyHosted provided for rw.flipper
12-24 07:23:52.091 17840 21408 E rw.flipper: No package ID 6b found for ID 0x6b0b0013.
12-24 07:23:52.131 17840 21408 I FA      :   adb shell setprop debug.firebase.analytics.app rw.flipper
12-24 07:23:52.487 21415 21452 I Finsky:background: [38540] IQ: Attempting to validate incoming request. [Package:rw.flipper, isid:VHGqVT1YTPOz1uCP122rgg]
12-24 07:23:52.488 21415 21452 I Finsky:background: [38540] IQ::SLP: Process requests [Package:rw.flipper, isid:VHGqVT1YTPOz1uCP122rgg].
12-24 07:23:52.512 21415 21449 I Finsky:background: [38537] IQ::IHP: [Package:rw.flipper, isid:VHGqVT1YTPOz1uCP122rgg] is not applicable for install holdoff, modifying constraint.
12-24 07:23:52.513 21415 21449 I Finsky:background: [38537] IQ: Scheduling install request package_name=rw.flipper, pm_package_name=rw.flipper, version=1756528594, priority=2, reason=single_install, account_name=[hGF2DROR7QvXADgCxg8z4jZPU1xPAiYN08VkkjGjrBY], type=0, isid=VHGqVT1YTPOz1uCP122rgg, constraints=((IGNORE_HOLDOFF=true, NETWORK=ANY, PROVISIONING_STATE=PROVISIONED, BACKUP_MANAGER_STATE=BACKUP_READY, ALLOWED_DURING_ENTERPRISE_SETUP, AUTHENTICATION_REQUIRED, PROCESS_IMPORTANCE_THRESHOLD=125),), dataloader_install_data=disable_dataloader_streaming=true:IS_RETURNING_USER, install_primary_identifier=UNKNOWN_ACTION_SURFACE
12-24 07:23:52.758 21415 21458 I Finsky:background: [38546] IQSH: Checking storage for [rw.flipper]
12-24 07:23:52.785 21415 21458 I Finsky:background: [38546] ICalc: estimated size required for installing rw.flipper: 261532418 bytes
12-24 07:23:52.786 21415 21458 I Finsky:background: [38546] IQSH: total install size for package rw.flipper is 261532418 bytes. ISID=VHGqVT1YTPOz1uCP122rgg
12-24 07:23:52.795 21415 21458 I Finsky:background: [38546] IQSH: has sufficient storage for [rw.flipper]
12-24 07:23:52.811 21415 21458 I Finsky:background: [38546] IQ: Notifying installation update. [Package:rw.flipper, isid:VHGqVT1YTPOz1uCP122rgg], status=SCHEDULED, status_code=0, reason=single_install, tsc=PT1.067S, attempt=0
12-24 07:23:52.857 21415 21415 I Finsky:background: [2] PIM: Ignore install package event for: rw.flipper, isid: VHGqVT1YTPOz1uCP122rgg
12-24 07:23:54.204 21415 21451 I Finsky:background: [38539] IQ: There are 1 installs pending for job 378300: [rw.flipper]
12-24 07:23:54.212 21415 21451 I Finsky:background: [38539] IQ: Checking expedited install constraint for rw.flipper.
12-24 07:23:54.241 21415 21451 I Finsky:background: [38539] Installer::MCS: User=UserHandle{0} requested=rw.flipper granted=true
12-24 07:23:54.242 21415 21451 I Finsky:background: [38539] IQ: proceed install request for [Package:rw.flipper, isid:VHGqVT1YTPOz1uCP122rgg].
12-24 07:23:54.243 21415 21451 I Finsky:background: [38539] IQ: Notifying installation update. [Package:rw.flipper, isid:VHGqVT1YTPOz1uCP122rgg], status=DOWNLOAD_PENDING, status_code=0, reason=single_install, tsc=PT2.499S, attempt=0
12-24 07:23:54.257 21415 21415 I Finsky:background: [2] PIM: Ignore install package event for: rw.flipper, isid: VHGqVT1YTPOz1uCP122rgg
12-24 07:23:54.257 21415 21445 I Finsky:background: [38533] IQ: Requesting install request=package_name=rw.flipper, pm_package_name=rw.flipper, version=1756528594, priority=2, reason=single_install, account_name=[hGF2DROR7QvXADgCxg8z4jZPU1xPAiYN08VkkjGjrBY], type=0, isid=VHGqVT1YTPOz1uCP122rgg, constraints=((IGNORE_HOLDOFF=true, NETWORK=ANY, PROVISIONING_STATE=PROVISIONED, BACKUP_MANAGER_STATE=BACKUP_READY, ALLOWED_DURING_ENTERPRISE_SETUP, AUTHENTICATION_REQUIRED, PROCESS_IMPORTANCE_THRESHOLD=125),), dataloader_install_data=disable_dataloader_streaming=true:IS_RETURNING_USER, install_primary_identifier=UNKNOWN_ACTION_SURFACE using installer.
12-24 07:23:54.264 21415 21450 I Finsky:background: [38538] IV2::EIU: install request for [Package:rw.flipper, isid:VHGqVT1YTPOz1uCP122rgg] doesn't require existing install.
12-24 07:23:54.265 21415 21450 I Finsky:background: [38538] IV2::FGCV: Foreground check passed for rw.flipper
12-24 07:23:54.270 21415 21451 I Finsky:background: [38539] IV2::DRV: install for [Package:rw.flipper, isid:VHGqVT1YTPOz1uCP122rgg] not tracked by installer.
12-24 07:23:54.391 21415 21511 I Finsky:background: [38575] SM: Session with Context {name=rw.flipper versionCode=1756528594} successfully created
12-24 07:23:54.406 21415 21451 I Finsky:background: [38539] IV2::TV: allowMeteredNetwork=true for [Package=rw.flipper, isid=VHGqVT1YTPOz1uCP122rgg]
12-24 07:23:54.407 21415 21451 I Finsky:background: [38539] IV2::TM: Task added. rw.flipper[iid:7701] [isid:VHGqVT1YTPOz1uCP122rgg] [tid: 1000008259]
12-24 07:23:54.434 21415 21445 I Finsky:background: [38533] IV2::TM: Starting task: rw.flipper[iid:7701] [isid:VHGqVT1YTPOz1uCP122rgg] [tid: 1000008259]
12-24 07:23:54.448 21415 21445 I Finsky:background: [38533] IV2::TD starting task. rw.flipper[iid:7701] [isid:VHGqVT1YTPOz1uCP122rgg] [tid: 1000008259]
12-24 07:23:54.449 21415 21450 I Finsky:background: [38538] IV2::TD: Fetching metadata start. rw.flipper[iid:7701] [isid:VHGqVT1YTPOz1uCP122rgg] [tid: 1000008259]
12-24 07:23:54.460 21415 21449 I Finsky:background: [38537] Attempt creation of cached APK for rw.flipper
12-24 07:23:55.910 21415 21450 I Finsky:background: [38538] IV2::TD: Fetching metadata done. rw.flipper[iid:7701] [isid:VHGqVT1YTPOz1uCP122rgg] [tid: 1000008259]
12-24 07:23:55.923 21415 21447 I Finsky:background: [38535] AV::DSC: sufficient disk space space available for rw.flipper[iid:7701] [isid:VHGqVT1YTPOz1uCP122rgg] [tid: 1000008259]: 130774631
12-24 07:23:55.956 21415 21445 W Finsky:background: [38533] AV::PV: Can't download patch for package rw.flipper, artifact rw.flipper.apk, because didn't receive one in delivery response.
12-24 07:23:55.959 21415 21445 W Finsky:background: [38533] AV::PV: Can't download patch for package rw.flipper, artifact config.arm64_v8a, because didn't receive one in delivery response.
12-24 07:23:55.962 21415 21445 W Finsky:background: [38533] AV::PV: Can't download patch for package rw.flipper, artifact config.en, because didn't receive one in delivery response.
12-24 07:23:55.964 21415 21445 W Finsky:background: [38533] AV::PV: Can't download patch for package rw.flipper, artifact config.fr, because didn't receive one in delivery response.
12-24 07:23:55.967 21415 21445 W Finsky:background: [38533] AV::PV: Can't download patch for package rw.flipper, artifact config.xxhdpi, because didn't receive one in delivery response.
12-24 07:23:55.968 21415 21450 I Finsky:background: [38538] IV2::TD: Resource fetch start. rw.flipper[iid:7701] [isid:VHGqVT1YTPOz1uCP122rgg] [tid: 1000008259]
12-24 07:23:55.975 21415 21450 I Finsky:background: [38538] IV2: onTaskProgress rw.flipper[iid:7701] [isid:VHGqVT1YTPOz1uCP122rgg] status:RESOURCE_FETCH_START, size: 0/0
12-24 07:23:55.984 21415 21458 I Finsky:background: [38546] IQ: Notifying installation update. [Package:rw.flipper, isid:VHGqVT1YTPOz1uCP122rgg], status=DOWNLOADING, status_code=0, reason=single_install, tsc=PT4.239S, attempt=0
12-24 07:23:55.997 21415 21415 I Finsky:background: [2] PIM: Ignore install package event for: rw.flipper, isid: VHGqVT1YTPOz1uCP122rgg
12-24 07:23:56.029 21415 21445 I Finsky:background: [38533] RM: create resource request id 7d68d6e3-46ec-482d-bf5d-8c628236befb for request rw.flipper.apk reason: single_install isid: VHGqVT1YTPOz1uCP122rgg
12-24 07:23:56.031 21415 21447 I Finsky:background: [38535] RM: create resource request id 7f4f4e99-1fef-4da1-bf37-6624ae33fe7b for request rw.flipper.dm reason: single_install isid: VHGqVT1YTPOz1uCP122rgg
12-24 07:23:56.044 17840 21548 D ProfileInstaller: Skipping profile installation for rw.flipper
12-24 07:23:56.185 21415 21551 I Finsky:background: [38588] DS: enqueue(request_id=37530, files_to_download=[rw.flipper.apk(size:21182977)], context[group_id=rw.flipper:VHGqVT1YTPOz1uCP122rgg], display_data[invisible=false, title=flipper], network_restrictions=ANY_NETWORK
12-24 07:23:56.185 21415 21551 I Finsky:background: [38588] DS: enqueue(request_id=37531, files_to_download=[rw.flipper.dm(size:1405)], context[group_id=rw.flipper:VHGqVT1YTPOz1uCP122rgg], display_data[invisible=false, title=flipper], network_restrictions=ANY_NETWORK
12-24 07:23:56.194 21415 21551 I Finsky:background: [38588] DS: enqueue(request_id=37532, files_to_download=[config.arm64_v8a(size:39471835)], context[group_id=rw.flipper:VHGqVT1YTPOz1uCP122rgg], display_data[invisible=false, title=flipper], network_restrictions=ANY_NETWORK
12-24 07:23:56.285 21415 21551 I Finsky:background: [38588] DS: enqueue(request_id=37533, files_to_download=[config.xxhdpi(size:164839)], context[group_id=rw.flipper:VHGqVT1YTPOz1uCP122rgg], display_data[invisible=false, title=flipper], network_restrictions=ANY_NETWORK
12-24 07:23:56.285 21415 21551 I Finsky:background: [38588] DS: enqueue(request_id=37534, files_to_download=[config.en(size:11911)], context[group_id=rw.flipper:VHGqVT1YTPOz1uCP122rgg], display_data[invisible=false, title=flipper], network_restrictions=ANY_NETWORK
12-24 07:23:56.286 21415 21551 I Finsky:background: [38588] DS: enqueue(request_id=37535, files_to_download=[config.fr(size:11084)], context[group_id=rw.flipper:VHGqVT1YTPOz1uCP122rgg], display_data[invisible=false, title=flipper], network_restrictions=ANY_NETWORK
12-24 07:23:56.331 21415 21551 I Finsky:background: [38588] DS: enqueue with parallel downloads (request_id=37530,groupId=rw.flipper:VHGqVT1YTPOz1uCP122rgg)
12-24 07:23:56.332 21415 21551 I Finsky:background: [38588] DS: enqueue with parallel downloads (request_id=37531,groupId=rw.flipper:VHGqVT1YTPOz1uCP122rgg)
12-24 07:23:56.333 21415 21551 I Finsky:background: [38588] DSC::L: Update all listeners for download <37530:QUEUED with WAITING_FOR_START:0%[0%]> in group rw.flipper:VHGqVT1YTPOz1uCP122rgg
12-24 07:23:56.553 21415 21551 I Finsky:background: [38588] DSC::L: Update all listeners for download <37531:QUEUED with WAITING_FOR_START:0%[0%]> in group rw.flipper:VHGqVT1YTPOz1uCP122rgg
12-24 07:23:56.579 21415 21459 I Finsky:background: [38547] RM: new request resourceRequestId=7d68d6e3-46ec-482d-bf5d-8c628236befb requestId=37530 package=rw.flipper artifact=rw.flipper.apk isid=VHGqVT1YTPOz1uCP122rgg
12-24 07:23:56.610 21415 21459 I Finsky:background: [38547] RM: getStatus resourceRequestId=7d68d6e3-46ec-482d-bf5d-8c628236befb requestId=37530 package=rw.flipper artifact=rw.flipper.apk isid=VHGqVT1YTPOz1uCP122rgg
12-24 07:23:56.650 21415 21551 I Finsky:background: [38588] DS: enqueue with parallel downloads (request_id=37532,groupId=rw.flipper:VHGqVT1YTPOz1uCP122rgg)
12-24 07:23:56.651 21415 21551 I Finsky:background: [38588] DS: enqueue with parallel downloads (request_id=37533,groupId=rw.flipper:VHGqVT1YTPOz1uCP122rgg)
12-24 07:23:56.651 21415 21551 I Finsky:background: [38588] DSC::L: Update all listeners for download <37532:QUEUED with WAITING_FOR_START:0%[0%]> in group rw.flipper:VHGqVT1YTPOz1uCP122rgg
12-24 07:23:56.653 21415 21459 I Finsky:background: [38547] RM: new request resourceRequestId=7f4f4e99-1fef-4da1-bf37-6624ae33fe7b requestId=37531 package=rw.flipper artifact=rw.flipper.dm isid=VHGqVT1YTPOz1uCP122rgg
12-24 07:23:56.664 21415 21459 I Finsky:background: [38547] RM: getStatus resourceRequestId=7f4f4e99-1fef-4da1-bf37-6624ae33fe7b requestId=37531 package=rw.flipper artifact=rw.flipper.dm isid=VHGqVT1YTPOz1uCP122rgg
12-24 07:23:56.726 21415 21551 I Finsky:background: [38588] DSC::L: Update all listeners for download <37530:RUNNING:0%[0%]> in group rw.flipper:VHGqVT1YTPOz1uCP122rgg
12-24 07:23:56.727 21415 21551 I Finsky:background: [38588] RM: receive resource status onProgress download_request_id=37530, group_id=rw.flipper.apk reason: single_install isid: VHGqVT1YTPOz1uCP122rgg, status_code=RESOURCE_STATUS_IN_PROGRESS, legacy_status_code=192, size: 0/21182977
12-24 07:23:56.727 21415 21459 I Finsky:background: [38547] RM: new request resourceRequestId=ac81f752-1fcd-4cfb-a9f0-a87a805cc987 requestId=37532 package=rw.flipper artifact=config.arm64_v8a isid=VHGqVT1YTPOz1uCP122rgg
12-24 07:23:56.731 21415 21455 I Finsky:background: [38543] RM: getStatus resourceRequestId=7d68d6e3-46ec-482d-bf5d-8c628236befb requestId=37530 package=rw.flipper artifact=rw.flipper.apk isid=VHGqVT1YTPOz1uCP122rgg
12-24 07:23:56.748 21415 21448 I Finsky:background: [38536] RM: getStatus resourceRequestId=ac81f752-1fcd-4cfb-a9f0-a87a805cc987 requestId=37532 package=rw.flipper artifact=config.arm64_v8a isid=VHGqVT1YTPOz1uCP122rgg
12-24 07:23:56.843 21415 21551 I Finsky:background: [38588] DSC::L: Update all listeners for download <37531:RUNNING:0%[0%]> in group rw.flipper:VHGqVT1YTPOz1uCP122rgg
12-24 07:23:56.844 21415 21551 I Finsky:background: [38588] RM: receive resource status onProgress download_request_id=37531, group_id=rw.flipper.dm reason: single_install isid: VHGqVT1YTPOz1uCP122rgg, status_code=RESOURCE_STATUS_IN_PROGRESS, legacy_status_code=192, size: 0/1405
12-24 07:23:56.847 21415 21459 I Finsky:background: [38547] RM: getStatus resourceRequestId=7f4f4e99-1fef-4da1-bf37-6624ae33fe7b requestId=37531 package=rw.flipper artifact=rw.flipper.dm isid=VHGqVT1YTPOz1uCP122rgg
12-24 07:23:56.948 21415 21551 I Finsky:background: [38588] DSC::L: Update all listeners for download <37533:QUEUED with WAITING_FOR_START:0%[0%]> in group rw.flipper:VHGqVT1YTPOz1uCP122rgg
12-24 07:23:57.085 21415 21459 I Finsky:background: [38547] RM: new request resourceRequestId=88c722b1-cecf-4a2d-9c18-74a07f286a8d requestId=37533 package=rw.flipper artifact=config.xxhdpi isid=VHGqVT1YTPOz1uCP122rgg
12-24 07:23:57.106 21415 21551 I Finsky:background: [38588] DS: enqueue with parallel downloads (request_id=37534,groupId=rw.flipper:VHGqVT1YTPOz1uCP122rgg)
12-24 07:23:57.107 21415 21551 I Finsky:background: [38588] DS: enqueue with parallel downloads (request_id=37535,groupId=rw.flipper:VHGqVT1YTPOz1uCP122rgg)
12-24 07:23:57.121 21415 21448 I Finsky:background: [38536] RM: getStatus resourceRequestId=88c722b1-cecf-4a2d-9c18-74a07f286a8d requestId=37533 package=rw.flipper artifact=config.xxhdpi isid=VHGqVT1YTPOz1uCP122rgg
12-24 07:23:57.126 21415 21551 I Finsky:background: [38588] DSC::L: Update all listeners for download <37532:RUNNING:0%[0%]> in group rw.flipper:VHGqVT1YTPOz1uCP122rgg
12-24 07:23:57.130 21415 21459 I Finsky:background: [38547] RM: getStatus resourceRequestId=ac81f752-1fcd-4cfb-a9f0-a87a805cc987 requestId=37532 package=rw.flipper artifact=config.arm64_v8a isid=VHGqVT1YTPOz1uCP122rgg
12-24 07:23:57.246 21415 21551 I Finsky:background: [38588] DSC::L: Update all listeners for download <37534:QUEUED with WAITING_FOR_START:0%[0%]> in group rw.flipper:VHGqVT1YTPOz1uCP122rgg
12-24 07:23:57.336 21415 21551 I Finsky:background: [38588] DSC::L: Update all listeners for download <37535:QUEUED with WAITING_FOR_START:0%[0%]> in group rw.flipper:VHGqVT1YTPOz1uCP122rgg
12-24 07:23:57.340 21415 21459 I Finsky:background: [38547] RM: new request resourceRequestId=fc1b1e7b-d4c5-4659-a9a8-d93804af0e70 requestId=37534 package=rw.flipper artifact=config.en isid=VHGqVT1YTPOz1uCP122rgg
12-24 07:23:57.379 21415 21452 I Finsky:background: [38540] RM: getStatus resourceRequestId=fc1b1e7b-d4c5-4659-a9a8-d93804af0e70 requestId=37534 package=rw.flipper artifact=config.en isid=VHGqVT1YTPOz1uCP122rgg
12-24 07:23:57.412 21415 21551 I Finsky:background: [38588] DSC::L: Update all listeners for download <37533:RUNNING:0%[0%]> in group rw.flipper:VHGqVT1YTPOz1uCP122rgg
12-24 07:23:57.413 21415 21455 I Finsky:background: [38543] RM: new request resourceRequestId=a10f9236-d4b6-4e4f-9d97-a574f76cc8c6 requestId=37535 package=rw.flipper artifact=config.fr isid=VHGqVT1YTPOz1uCP122rgg
12-24 07:23:57.422 21415 21452 I Finsky:background: [38540] RM: getStatus resourceRequestId=88c722b1-cecf-4a2d-9c18-74a07f286a8d requestId=37533 package=rw.flipper artifact=config.xxhdpi isid=VHGqVT1YTPOz1uCP122rgg
12-24 07:23:57.452 21415 21551 I Finsky:background: [38588] DS: DS: onReviveDownload(request_id=37530, files_to_download=[rw.flipper.apk(size:21182977)], context[group_id=rw.flipper:VHGqVT1YTPOz1uCP122rgg], display_data[invisible=false, title=flipper], network_restrictions=ANY_NETWORK status=running, bytes_downloaded=0, total_bytes=21182977, retry[count=0, next_retry=n/a])
12-24 07:23:57.483 21415 21551 I Finsky:background: [38588] DS: DS: onReviveDownload(request_id=37531, files_to_download=[rw.flipper.dm(size:1405)], context[group_id=rw.flipper:VHGqVT1YTPOz1uCP122rgg], display_data[invisible=false, title=flipper], network_restrictions=ANY_NETWORK status=running, bytes_downloaded=0, total_bytes=1405, retry[count=0, next_retry=n/a])
12-24 07:23:57.483 21415 21551 I Finsky:background: [38588] DSC::L: Update all listeners for download <37534:RUNNING:0%[0%]> in group rw.flipper:VHGqVT1YTPOz1uCP122rgg
12-24 07:23:57.504 21415 21448 I Finsky:background: [38536] RM: getStatus resourceRequestId=fc1b1e7b-d4c5-4659-a9a8-d93804af0e70 requestId=37534 package=rw.flipper artifact=config.en isid=VHGqVT1YTPOz1uCP122rgg
12-24 07:23:57.506 21415 21455 I Finsky:background: [38543] RM: getStatus resourceRequestId=a10f9236-d4b6-4e4f-9d97-a574f76cc8c6 requestId=37535 package=rw.flipper artifact=config.fr isid=VHGqVT1YTPOz1uCP122rgg
12-24 07:23:57.532 21415 21551 I Finsky:background: [38588] DSC::L: Update all listeners for download <37535:RUNNING:0%[0%]> in group rw.flipper:VHGqVT1YTPOz1uCP122rgg
12-24 07:23:57.534 21415 21448 I Finsky:background: [38536] RM: getStatus resourceRequestId=a10f9236-d4b6-4e4f-9d97-a574f76cc8c6 requestId=37535 package=rw.flipper artifact=config.fr isid=VHGqVT1YTPOz1uCP122rgg
12-24 07:23:57.600 21415 21551 I Finsky:background: [38588] DS: DS: onReviveDownload(request_id=37530, files_to_download=[rw.flipper.apk(size:21182977)], context[group_id=rw.flipper:VHGqVT1YTPOz1uCP122rgg], display_data[invisible=false, title=flipper], network_restrictions=ANY_NETWORK status=running, bytes_downloaded=0, total_bytes=21182977, retry[count=0, next_retry=n/a])
12-24 07:23:57.600 21415 21551 I Finsky:background: [38588] DS: DS: onReviveDownload(request_id=37532, files_to_download=[config.arm64_v8a(size:39471835)], context[group_id=rw.flipper:VHGqVT1YTPOz1uCP122rgg], display_data[invisible=false, title=flipper], network_restrictions=ANY_NETWORK status=running, bytes_downloaded=0, total_bytes=39471835, retry[count=0, next_retry=n/a])
12-24 07:23:57.600 21415 21551 I Finsky:background: [38588] DS: DS: onReviveDownload(request_id=37531, files_to_download=[rw.flipper.dm(size:1405)], context[group_id=rw.flipper:VHGqVT1YTPOz1uCP122rgg], display_data[invisible=false, title=flipper], network_restrictions=ANY_NETWORK status=running, bytes_downloaded=0, total_bytes=1405, retry[count=0, next_retry=n/a])
12-24 07:23:57.602 21415 21551 I Finsky:background: [38588] DS: DS: onReviveDownload(request_id=37533, files_to_download=[config.xxhdpi(size:164839)], context[group_id=rw.flipper:VHGqVT1YTPOz1uCP122rgg], display_data[invisible=false, title=flipper], network_restrictions=ANY_NETWORK status=running, bytes_downloaded=0, total_bytes=164839, retry[count=0, next_retry=n/a])
12-24 07:23:57.602 21415 21551 I Finsky:background: [38588] DS: DS: onReviveDownload(request_id=37532, files_to_download=[config.arm64_v8a(size:39471835)], context[group_id=rw.flipper:VHGqVT1YTPOz1uCP122rgg], display_data[invisible=false, title=flipper], network_restrictions=ANY_NETWORK status=running, bytes_downloaded=0, total_bytes=39471835, retry[count=0, next_retry=n/a])
12-24 07:23:57.603 21415 21551 I Finsky:background: [38588] DS: DS: onReviveDownload(request_id=37534, files_to_download=[config.en(size:11911)], context[group_id=rw.flipper:VHGqVT1YTPOz1uCP122rgg], display_data[invisible=false, title=flipper], network_restrictions=ANY_NETWORK status=running, bytes_downloaded=0, total_bytes=11911, retry[count=0, next_retry=n/a])
12-24 07:23:57.604 21415 21415 I Finsky:background: [2] RF: resourceStatus for request_id=37531 group=rw.flipper artifact=rw.flipper.dm collectedBytes= 0 / 1405
12-24 07:23:57.604 21415 21551 I Finsky:background: [38588] DS: DS: onReviveDownload(request_id=37533, files_to_download=[config.xxhdpi(size:164839)], context[group_id=rw.flipper:VHGqVT1YTPOz1uCP122rgg], display_data[invisible=false, title=flipper], network_restrictions=ANY_NETWORK status=running, bytes_downloaded=0, total_bytes=164839, retry[count=0, next_retry=n/a])
12-24 07:23:57.604 21415 21551 I Finsky:background: [38588] DS: DS: onReviveDownload(request_id=37534, files_to_download=[config.en(size:11911)], context[group_id=rw.flipper:VHGqVT1YTPOz1uCP122rgg], display_data[invisible=false, title=flipper], network_restrictions=ANY_NETWORK status=running, bytes_downloaded=0, total_bytes=11911, retry[count=0, next_retry=n/a])
12-24 07:23:57.605 21415 21551 I Finsky:background: [38588] DS: DS: onReviveDownload(request_id=37535, files_to_download=[config.fr(size:11084)], context[group_id=rw.flipper:VHGqVT1YTPOz1uCP122rgg], display_data[invisible=false, title=flipper], network_restrictions=ANY_NETWORK status=running, bytes_downloaded=0, total_bytes=11084, retry[count=0, next_retry=n/a])
12-24 07:23:57.605 21415 21415 I Finsky:background: [2] RF: Group=rw.flipper totalBytesDownloaded= 0 / 60844051 for 1 artifacts
12-24 07:23:57.606 21415 21551 I Finsky:background: [38588] DS: DS: onReviveDownload(request_id=37535, files_to_download=[config.fr(size:11084)], context[group_id=rw.flipper:VHGqVT1YTPOz1uCP122rgg], display_data[invisible=false, title=flipper], network_restrictions=ANY_NETWORK status=running, bytes_downloaded=0, total_bytes=11084, retry[count=0, next_retry=n/a])
12-24 07:23:57.649 21415 21415 I Finsky:background: [2] RF: resourceStatus for request_id=37530 group=rw.flipper artifact=rw.flipper.apk collectedBytes= 0 / 21182977
12-24 07:23:57.649 21415 21415 I Finsky:background: [2] RF: Group=rw.flipper totalBytesDownloaded= 0 / 60844051 for 2 artifacts
12-24 07:23:57.650 21415 21450 I Finsky:background: [38538] IV2: onTaskProgress rw.flipper[iid:7701] [isid:VHGqVT1YTPOz1uCP122rgg] status:RESOURCE_FETCH_PROGRESS, size: 0/60844051
12-24 07:23:57.655 21415 21415 I Finsky:background: [2] RF: resourceStatus for request_id=37532 group=rw.flipper artifact=config.arm64_v8a collectedBytes= 0 / 39471835
12-24 07:23:57.656 21415 21415 I Finsky:background: [2] RF: Group=rw.flipper totalBytesDownloaded= 0 / 60844051 for 3 artifacts
12-24 07:23:57.657 21415 21458 I Finsky:background: [38546] IQ: Notifying installation update. [Package:rw.flipper, isid:VHGqVT1YTPOz1uCP122rgg], status=DOWNLOADING, status_code=0, reason=single_install, tsc=PT5.913S, attempt=0
12-24 07:23:57.662 21415 21415 I Finsky:background: [2] RF: resourceStatus for request_id=37533 group=rw.flipper artifact=config.xxhdpi collectedBytes= 0 / 164839
12-24 07:23:57.662 21415 21415 I Finsky:background: [2] RF: Group=rw.flipper totalBytesDownloaded= 0 / 60844051 for 4 artifacts
12-24 07:23:57.668 21415 21415 I Finsky:background: [2] RF: resourceStatus for request_id=37535 group=rw.flipper artifact=config.fr collectedBytes= 0 / 11084
12-24 07:23:57.668 21415 21415 I Finsky:background: [2] RF: Group=rw.flipper totalBytesDownloaded= 0 / 60844051 for 5 artifacts
12-24 07:23:57.674 21415 21415 I Finsky:background: [2] RF: resourceStatus for request_id=37534 group=rw.flipper artifact=config.en collectedBytes= 0 / 11911
12-24 07:23:57.674 21415 21415 I Finsky:background: [2] RF: Group=rw.flipper totalBytesDownloaded= 0 / 60844051 for 6 artifacts
12-24 07:23:57.734 21415 21415 I Finsky:background: [2] PIM: Ignore install package event for: rw.flipper, isid: VHGqVT1YTPOz1uCP122rgg
12-24 07:23:58.943 21415 21551 I Finsky:background: [38588] DSC::L: Update all listeners for download <37533:RUNNING:0%[0%]> in group rw.flipper:VHGqVT1YTPOz1uCP122rgg
12-24 07:23:58.956 21415 21455 I Finsky:background: [38543] RM: getStatus resourceRequestId=88c722b1-cecf-4a2d-9c18-74a07f286a8d requestId=37533 package=rw.flipper artifact=config.xxhdpi isid=VHGqVT1YTPOz1uCP122rgg
12-24 07:23:59.051 21415 21551 I Finsky:background: [38588] DSC::L: Update all listeners for download <37533:RUNNING:23%[23%]> in group rw.flipper:VHGqVT1YTPOz1uCP122rgg
12-24 07:23:59.054 21415 21448 I Finsky:background: [38536] RM: getStatus resourceRequestId=88c722b1-cecf-4a2d-9c18-74a07f286a8d requestId=37533 package=rw.flipper artifact=config.xxhdpi isid=VHGqVT1YTPOz1uCP122rgg
12-24 07:23:59.098 21415 21551 I Finsky:background: [38588] DSC::L: Update all listeners for download <37533:RUNNING:100%[100%]> in group rw.flipper:VHGqVT1YTPOz1uCP122rgg
12-24 07:23:59.102 21415 21459 I Finsky:background: [38547] RM: getStatus resourceRequestId=88c722b1-cecf-4a2d-9c18-74a07f286a8d requestId=37533 package=rw.flipper artifact=config.xxhdpi isid=VHGqVT1YTPOz1uCP122rgg
12-24 07:23:59.154 21415 21551 I Finsky:background: [38588] DSC::L: Update all listeners for download <37533:SUCCEEDED> in group rw.flipper:VHGqVT1YTPOz1uCP122rgg
12-24 07:23:59.172 21415 21455 I Finsky:background: [38543] RM: getStatus resourceRequestId=88c722b1-cecf-4a2d-9c18-74a07f286a8d requestId=37533 package=rw.flipper artifact=config.xxhdpi isid=VHGqVT1YTPOz1uCP122rgg
12-24 07:23:59.233 21415 21551 I Finsky:background: [38588] DSC::L: Update all listeners for download <37531:RUNNING:0%[0%]> in group rw.flipper:VHGqVT1YTPOz1uCP122rgg
12-24 07:23:59.234 21415 21551 I Finsky:background: [38588] RM: receive resource status onProgress download_request_id=37531, group_id=rw.flipper.dm reason: single_install isid: VHGqVT1YTPOz1uCP122rgg, status_code=RESOURCE_STATUS_IN_PROGRESS, legacy_status_code=192, size: 0/1405
12-24 07:23:59.236 21415 21452 I Finsky:background: [38540] RM: getStatus resourceRequestId=7f4f4e99-1fef-4da1-bf37-6624ae33fe7b requestId=37531 package=rw.flipper artifact=rw.flipper.dm isid=VHGqVT1YTPOz1uCP122rgg
12-24 07:23:59.359 21415 21569 I Finsky:background: [38597] DU: Stored data usage stats for package rw.flipper; completed bytes: 164839.
12-24 07:23:59.380 21415 21551 I Finsky:background: [38588] DSC::L: Update all listeners for download <37531:RUNNING:100%[100%]> in group rw.flipper:VHGqVT1YTPOz1uCP122rgg
12-24 07:23:59.381 21415 21551 I Finsky:background: [38588] RM: receive resource status onProgress download_request_id=37531, group_id=rw.flipper.dm reason: single_install isid: VHGqVT1YTPOz1uCP122rgg, status_code=RESOURCE_STATUS_IN_PROGRESS, legacy_status_code=192, size: 1405/1405
12-24 07:23:59.401 21415 21448 I Finsky:background: [38536] RM: getStatus resourceRequestId=7f4f4e99-1fef-4da1-bf37-6624ae33fe7b requestId=37531 package=rw.flipper artifact=rw.flipper.dm isid=VHGqVT1YTPOz1uCP122rgg
12-24 07:23:59.459 21415 21551 I Finsky:background: [38588] DSC::L: Update all listeners for download <37531:SUCCEEDED> in group rw.flipper:VHGqVT1YTPOz1uCP122rgg
12-24 07:23:59.460 21415 21551 I Finsky:background: [38588] RM: receive resource status onSuccess rw.flipper.dm reason: single_install isid: VHGqVT1YTPOz1uCP122rgg, 3, 200, size: 1405/1405
12-24 07:23:59.468 21415 21455 I Finsky:background: [38543] RM: getStatus resourceRequestId=7f4f4e99-1fef-4da1-bf37-6624ae33fe7b requestId=37531 package=rw.flipper artifact=rw.flipper.dm isid=VHGqVT1YTPOz1uCP122rgg
12-24 07:23:59.489 21415 21569 I Finsky:background: [38597] DU: Stored data usage stats for package rw.flipper; completed bytes: 1405.
12-24 07:23:59.614 21415 21551 I Finsky:background: [38588] DSC::L: Update all listeners for download <37532:RUNNING:0%[0%]> in group rw.flipper:VHGqVT1YTPOz1uCP122rgg
12-24 07:23:59.624 21415 21452 I Finsky:background: [38540] RM: getStatus resourceRequestId=ac81f752-1fcd-4cfb-a9f0-a87a805cc987 requestId=37532 package=rw.flipper artifact=config.arm64_v8a isid=VHGqVT1YTPOz1uCP122rgg
12-24 07:23:59.788 21415 21551 I Finsky:background: [38588] DSC::L: Update all listeners for download <37532:RUNNING:0%[0%]> in group rw.flipper:VHGqVT1YTPOz1uCP122rgg
12-24 07:23:59.791 21415 21448 I Finsky:background: [38536] RM: getStatus resourceRequestId=ac81f752-1fcd-4cfb-a9f0-a87a805cc987 requestId=37532 package=rw.flipper artifact=config.arm64_v8a isid=VHGqVT1YTPOz1uCP122rgg
12-24 07:23:59.934 21415 21551 I Finsky:background: [38588] DS: DS: onReviveDownload(request_id=37533, files_to_download=[config.xxhdpi(size:164839)], context[group_id=rw.flipper:VHGqVT1YTPOz1uCP122rgg], display_data[invisible=false, title=flipper], network_restrictions=ANY_NETWORK status=running, bytes_downloaded=38612, total_bytes=164839, retry[count=0, next_retry=n/a])
12-24 07:23:59.934 21415 21551 I Finsky:background: [38588] DSC::L: Update all listeners for download <37530:RUNNING:0%[0%]> in group rw.flipper:VHGqVT1YTPOz1uCP122rgg
12-24 07:23:59.935 21415 21551 I Finsky:background: [38588] RM: receive resource status onProgress download_request_id=37530, group_id=rw.flipper.apk reason: single_install isid: VHGqVT1YTPOz1uCP122rgg, status_code=RESOURCE_STATUS_IN_PROGRESS, legacy_status_code=192, size: 0/21182977
12-24 07:23:59.936 21415 21415 I Finsky:background: [2] RF: resourceStatus for request_id=37533 group=rw.flipper artifact=config.xxhdpi collectedBytes= 38612 / 164839
12-24 07:23:59.936 21415 21415 I Finsky:background: [2] RF: Group=rw.flipper totalBytesDownloaded= 38612 / 60844051 for 6 artifacts
12-24 07:23:59.953 21415 21450 I Finsky:background: [38538] IV2: onTaskProgress rw.flipper[iid:7701] [isid:VHGqVT1YTPOz1uCP122rgg] status:RESOURCE_FETCH_PROGRESS, size: 38612/60844051
12-24 07:23:59.955 21415 21448 I Finsky:background: [38536] RM: getStatus resourceRequestId=7d68d6e3-46ec-482d-bf5d-8c628236befb requestId=37530 package=rw.flipper artifact=rw.flipper.apk isid=VHGqVT1YTPOz1uCP122rgg
12-24 07:23:59.983 21415 21458 I Finsky:background: [38546] IQ: Notifying installation update. [Package:rw.flipper, isid:VHGqVT1YTPOz1uCP122rgg], status=DOWNLOADING, status_code=0, reason=single_install, tsc=PT8.239S, attempt=0
12-24 07:24:00.005 21415 21415 I Finsky:background: [2] PIM: Ignore install package event for: rw.flipper, isid: VHGqVT1YTPOz1uCP122rgg
12-24 07:24:00.044 21415 21551 I Finsky:background: [38588] DSC::L: Update all listeners for download <37530:RUNNING:0%[0%]> in group rw.flipper:VHGqVT1YTPOz1uCP122rgg
12-24 07:24:00.046 21415 21551 I Finsky:background: [38588] RM: receive resource status onProgress download_request_id=37530, group_id=rw.flipper.apk reason: single_install isid: VHGqVT1YTPOz1uCP122rgg, status_code=RESOURCE_STATUS_IN_PROGRESS, legacy_status_code=192, size: 124852/21182977
12-24 07:24:00.056 21415 21452 I Finsky:background: [38540] RM: getStatus resourceRequestId=7d68d6e3-46ec-482d-bf5d-8c628236befb requestId=37530 package=rw.flipper artifact=rw.flipper.apk isid=VHGqVT1YTPOz1uCP122rgg
12-24 07:24:00.130 21415 21551 I Finsky:background: [38588] DS: DS: onReviveDownload(request_id=37533, files_to_download=[config.xxhdpi(size:164839)], context[group_id=rw.flipper:VHGqVT1YTPOz1uCP122rgg], display_data[invisible=false, title=flipper], network_restrictions=ANY_NETWORK status=succeeded, bytes_downloaded=164839, total_bytes=164839, retry[count=0, next_retry=n/a])
12-24 07:24:00.131 21415 21551 I Finsky:background: [38588] DS: DS: onReviveDownload(request_id=37533, files_to_download=[config.xxhdpi(size:164839)], context[group_id=rw.flipper:VHGqVT1YTPOz1uCP122rgg], display_data[invisible=false, title=flipper], network_restrictions=ANY_NETWORK status=succeeded, bytes_downloaded=164839, total_bytes=164839, retry[count=0, next_retry=n/a])
12-24 07:24:00.131 21415 21551 I Finsky:background: [38588] DS: DS: onReviveDownload(request_id=37533, files_to_download=[config.xxhdpi(size:164839)], context[group_id=rw.flipper:VHGqVT1YTPOz1uCP122rgg], display_data[invisible=false, title=flipper], network_restrictions=ANY_NETWORK status=succeeded, bytes_downloaded=164839, total_bytes=164839, retry[count=0, next_retry=n/a])
12-24 07:24:00.132 21415 21551 I Finsky:background: [38588] DS: DS: onReviveDownload(request_id=37531, files_to_download=[rw.flipper.dm(size:1405)], context[group_id=rw.flipper:VHGqVT1YTPOz1uCP122rgg], display_data[invisible=false, title=flipper], network_restrictions=ANY_NETWORK status=succeeded, bytes_downloaded=1405, total_bytes=1405, retry[count=0, next_retry=n/a])
12-24 07:24:00.132 21415 21551 I Finsky:background: [38588] DS: DS: onReviveDownload(request_id=37531, files_to_download=[rw.flipper.dm(size:1405)], context[group_id=rw.flipper:VHGqVT1YTPOz1uCP122rgg], display_data[invisible=false, title=flipper], network_restrictions=ANY_NETWORK status=succeeded, bytes_downloaded=1405, total_bytes=1405, retry[count=0, next_retry=n/a])
12-24 07:24:00.132 21415 21551 I Finsky:background: [38588] DS: DS: onReviveDownload(request_id=37531, files_to_download=[rw.flipper.dm(size:1405)], context[group_id=rw.flipper:VHGqVT1YTPOz1uCP122rgg], display_data[invisible=false, title=flipper], network_restrictions=ANY_NETWORK status=succeeded, bytes_downloaded=1405, total_bytes=1405, retry[count=0, next_retry=n/a])
12-24 07:24:00.132 21415 21551 I Finsky:background: [38588] DS: DS: onReviveDownload(request_id=37532, files_to_download=[config.arm64_v8a(size:39471835)], context[group_id=rw.flipper:VHGqVT1YTPOz1uCP122rgg], display_data[invisible=false, title=flipper], network_restrictions=ANY_NETWORK status=running, bytes_downloaded=45848, total_bytes=39471835, retry[count=0, next_retry=n/a])
12-24 07:24:00.133 21415 21551 I Finsky:background: [38588] DS: DS: onReviveDownload(request_id=37532, files_to_download=[config.arm64_v8a(size:39471835)], context[group_id=rw.flipper:VHGqVT1YTPOz1uCP122rgg], display_data[invisible=false, title=flipper], network_restrictions=ANY_NETWORK status=running, bytes_downloaded=45848, total_bytes=39471835, retry[count=0, next_retry=n/a])
12-24 07:24:00.133 21415 21551 I Finsky:background: [38588] DS: DS: onReviveDownload(request_id=37530, files_to_download=[rw.flipper.apk(size:21182977)], context[group_id=rw.flipper:VHGqVT1YTPOz1uCP122rgg], display_data[invisible=false, title=flipper], network_restrictions=ANY_NETWORK status=running, bytes_downloaded=124852, total_bytes=21182977, retry[count=0, next_retry=n/a])
12-24 07:24:00.133 21415 21415 I Finsky:background: [2] RF: resourceStatus for request_id=37533 group=rw.flipper artifact=config.xxhdpi collectedBytes= 164839 / 164839
12-24 07:24:00.133 21415 21551 I Finsky:background: [38588] DS: DS: onReviveDownload(request_id=37530, files_to_download=[rw.flipper.apk(size:21182977)], context[group_id=rw.flipper:VHGqVT1YTPOz1uCP122rgg], display_data[invisible=false, title=flipper], network_restrictions=ANY_NETWORK status=running, bytes_downloaded=124852, total_bytes=21182977, retry[count=0, next_retry=n/a])
12-24 07:24:00.133 21415 21415 I Finsky:background: [2] RF: Group=rw.flipper totalBytesDownloaded= 164839 / 60844051 for 6 artifacts
12-24 07:24:00.134 21415 21415 I Finsky:background: [2] RF: resourceStatus for request_id=37533 group=rw.flipper artifact=config.xxhdpi collectedBytes= 164839 / 164839
12-24 07:24:00.134 21415 21415 I Finsky:background: [2] RF: Group=rw.flipper totalBytesDownloaded= 164839 / 60844051 for 6 artifacts
12-24 07:24:00.136 21415 21415 I Finsky:background: [2] RF: resourceStatus for request_id=37533 group=rw.flipper artifact=config.xxhdpi collectedBytes= 164839 / 164839
12-24 07:24:00.136 21415 21415 I Finsky:background: [2] RF: Group=rw.flipper totalBytesDownloaded= 164839 / 60844051 for 6 artifacts
12-24 07:24:00.138 21415 21415 I Finsky:background: [2] RF: resourceStatus for request_id=37533 group=rw.flipper artifact=config.xxhdpi collectedBytes= 164839 / 164839
12-24 07:24:00.138 21415 21415 I Finsky:background: [2] RF: Group=rw.flipper totalBytesDownloaded= 164839 / 60844051 for 6 artifacts
12-24 07:24:00.150 21415 21415 I Finsky:background: [2] RF: resourceStatus for request_id=37531 group=rw.flipper artifact=rw.flipper.dm collectedBytes= 1405 / 1405
12-24 07:24:00.151 21415 21415 I Finsky:background: [2] RF: Group=rw.flipper totalBytesDownloaded= 166244 / 60844051 for 6 artifacts
12-24 07:24:00.152 21415 21415 I Finsky:background: [2] RF: resourceStatus for request_id=37532 group=rw.flipper artifact=config.arm64_v8a collectedBytes= 45848 / 39471835
12-24 07:24:00.152 21415 21415 I Finsky:background: [2] RF: Group=rw.flipper totalBytesDownloaded= 212092 / 60844051 for 6 artifacts
12-24 07:24:00.155 21415 21450 I Finsky:background: [38538] IV2: onTaskProgress rw.flipper[iid:7701] [isid:VHGqVT1YTPOz1uCP122rgg] status:RESOURCE_FETCH_PROGRESS, size: 164839/60844051
12-24 07:24:00.158 21415 21415 I Finsky:background: [2] RF: resourceStatus for request_id=37531 group=rw.flipper artifact=rw.flipper.dm collectedBytes= 1405 / 1405
12-24 07:24:00.158 21415 21415 I Finsky:background: [2] RF: Group=rw.flipper totalBytesDownloaded= 212092 / 60844051 for 6 artifacts
12-24 07:24:00.168 21415 21415 I Finsky:background: [2] RF: resourceStatus for request_id=37531 group=rw.flipper artifact=rw.flipper.dm collectedBytes= 1405 / 1405
12-24 07:24:00.168 21415 21415 I Finsky:background: [2] RF: Group=rw.flipper totalBytesDownloaded= 212092 / 60844051 for 6 artifacts
12-24 07:24:00.168 21415 21445 I Finsky:background: [38533] RF::PP-Decompress: starting to decompress for rw.flipper[iid:7701] [isid:VHGqVT1YTPOz1uCP122rgg] [tid: 1000008259].
12-24 07:24:00.171 21415 21450 I Finsky:background: [38538] IV2: onTaskProgress rw.flipper[iid:7701] [isid:VHGqVT1YTPOz1uCP122rgg] status:RESOURCE_FETCH_PROGRESS, size: 164839/60844051
12-24 07:24:00.178 21415 21450 I Finsky:background: [38538] IV2: onTaskProgress rw.flipper[iid:7701] [isid:VHGqVT1YTPOz1uCP122rgg] status:RESOURCE_FETCH_PROGRESS, size: 212092/60844051
12-24 07:24:00.180 21415 21415 I Finsky:background: [2] RF: resourceStatus for request_id=37532 group=rw.flipper artifact=config.arm64_v8a collectedBytes= 45848 / 39471835
12-24 07:24:00.180 21415 21415 I Finsky:background: [2] RF: Group=rw.flipper totalBytesDownloaded= 212092 / 60844051 for 6 artifacts
12-24 07:24:00.180 21415 21415 I Finsky:background: [2] RF: resourceStatus for request_id=37530 group=rw.flipper artifact=rw.flipper.apk collectedBytes= 124852 / 21182977
12-24 07:24:00.180 21415 21415 I Finsky:background: [2] RF: Group=rw.flipper totalBytesDownloaded= 336944 / 60844051 for 6 artifacts
12-24 07:24:00.181 21415 21415 I Finsky:background: [2] RF: resourceStatus for request_id=37531 group=rw.flipper artifact=rw.flipper.dm collectedBytes= 1405 / 1405
12-24 07:24:00.181 21415 21415 I Finsky:background: [2] RF: Group=rw.flipper totalBytesDownloaded= 336944 / 60844051 for 6 artifacts
12-24 07:24:00.181 21415 21415 I Finsky:background: [2] RF: resourceStatus for request_id=37530 group=rw.flipper artifact=rw.flipper.apk collectedBytes= 124852 / 21182977
12-24 07:24:00.182 21415 21415 I Finsky:background: [2] RF: Group=rw.flipper totalBytesDownloaded= 336944 / 60844051 for 6 artifacts
12-24 07:24:00.189 21415 21458 I Finsky:background: [38546] IQ: Notifying installation update. [Package:rw.flipper, isid:VHGqVT1YTPOz1uCP122rgg], status=DOWNLOADING, status_code=0, reason=single_install, tsc=PT8.442S, attempt=0
12-24 07:24:00.190 21415 21449 I Finsky:background: [38537] RF: starting postprocessing for rw.flipper.dm
12-24 07:24:00.193 21415 21447 I Finsky:background: [38535] RF::PP-Decompress: starting to decompress for rw.flipper[iid:7701] [isid:VHGqVT1YTPOz1uCP122rgg] [tid: 1000008259].
12-24 07:24:00.195 21415 21450 I Finsky:background: [38538] IV2: onTaskProgress rw.flipper[iid:7701] [isid:VHGqVT1YTPOz1uCP122rgg] status:RESOURCE_FETCH_PROGRESS, size: 212092/60844051
