12-24 07:24:22.542 21415 21415 I Finsky:background: [2] RF: Group=rw.flipper totalBytesDownloaded= 60844051 / 60844051 for 6 artifacts
12-24 07:24:22.544 21415 21450 I Finsky:background: [38538] IV2: onTaskProgress rw.flipper[iid:7701] [isid:VHGqVT1YTPOz1uCP122rgg] status:RESOURCE_FETCH_PROGRESS, size: 60844051/60844051
12-24 07:24:22.545 21415 21451 I Finsky:background: [38539] RF::PP-Decompress: starting to decompress for rw.flipper[iid:7701] [isid:VHGqVT1YTPOz1uCP122rgg] [tid: 1000008259].
12-24 07:24:22.547 21415 21451 I Finsky:background: [38539] RF::PP-Copy: starting to copy for rw.flipper[iid:7701] [isid:VHGqVT1YTPOz1uCP122rgg] [tid: 1000008259]
12-24 07:24:22.547 21415 21450 I Finsky:background: [38538] IV2: onTaskProgress rw.flipper[iid:7701] [isid:VHGqVT1YTPOz1uCP122rgg] status:RESOURCE_FETCH_PROGRESS, size: 60844051/60844051
12-24 07:24:22.549 21415 21458 I Finsky:background: [38546] IQ: Notifying installation update. [Package:rw.flipper, isid:VHGqVT1YTPOz1uCP122rgg], status=DOWNLOADING, status_code=0, reason=single_install, tsc=PT30.805S, attempt=0
12-24 07:24:22.571 21415 21415 I Finsky:background: [2] PIM: Ignore install package event for: rw.flipper, isid: VHGqVT1YTPOz1uCP122rgg
12-24 07:24:22.574 21415 21458 I Finsky:background: [38546] IQ: Notifying installation update. [Package:rw.flipper, isid:VHGqVT1YTPOz1uCP122rgg], status=DOWNLOADING, status_code=0, reason=single_install, tsc=PT30.83S, attempt=0
12-24 07:24:22.588 21415 21415 I Finsky:background: [2] PIM: Ignore install package event for: rw.flipper, isid: VHGqVT1YTPOz1uCP122rgg
12-24 07:24:27.436 21415 21451 I Finsky:background: [38539] RF::PP-Verify: starting to verify for rw.flipper[iid:7701] [isid:VHGqVT1YTPOz1uCP122rgg] [tid: 1000008259].
12-24 07:24:27.449 21415 21459 I Finsky:background: [38547] RM: remove resourceRequestId=ac81f752-1fcd-4cfb-a9f0-a87a805cc987 requestId=37532 package=rw.flipper artifact=config.arm64_v8a isid=VHGqVT1YTPOz1uCP122rgg
12-24 07:24:27.502 21415 21450 I Finsky:background: [38538] IV2::TD: Resource fetch done. rw.flipper[iid:7701] [isid:VHGqVT1YTPOz1uCP122rgg] [tid: 1000008259]
12-24 07:24:27.502 21415 21450 I Finsky:background: [38538] IV2::TD: Installing start. rw.flipper[iid:7701] [isid:VHGqVT1YTPOz1uCP122rgg] [tid: 1000008259]
12-24 07:24:27.504 21415 21551 I Finsky:background: [38588] DS: DS: onRemove(request_id=37532, files_to_download=[config.arm64_v8a(size:39471835)], context[group_id=rw.flipper:VHGqVT1YTPOz1uCP122rgg], display_data[invisible=false, title=flipper], network_restrictions=ANY_NETWORK status=succeeded, bytes_downloaded=39471835, total_bytes=39471835, retry[count=0, next_retry=n/a])
12-24 07:24:27.506 21415 21450 I Finsky:background: [38538] IV2: onTaskProgress rw.flipper[iid:7701] [isid:VHGqVT1YTPOz1uCP122rgg] status:RESOURCE_FETCH_DONE).
12-24 07:24:27.506 21415 21450 I Finsky:background: [38538] IV2::TD: Submit start. rw.flipper[iid:7701] [isid:VHGqVT1YTPOz1uCP122rgg] [tid: 1000008259]
12-24 07:24:27.509 21415 21450 I Finsky:background: [38538] IV2: onTaskProgress rw.flipper[iid:7701] [isid:VHGqVT1YTPOz1uCP122rgg] status:SUBMIT_START, size: 0/0
12-24 07:24:27.545 21415 21458 I Finsky:background: [38546] IQ: Notifying installation update. [Package:rw.flipper, isid:VHGqVT1YTPOz1uCP122rgg], status=INSTALLING, status_code=0, reason=single_install, tsc=PT35.801S, attempt=0
12-24 07:24:27.927 21415 21445 I Finsky:background: [38533] Submitter: submit rw.flipper to the commit queue
12-24 07:24:27.929 21415 21511 E Finsky:background: [38575] Failed to add checksum for package rw.flipper
12-24 07:24:27.929 21415 21445 I Finsky:background: [38533] Submitter: CS: enqueued commit for rw.flipper. Current queue: []
12-24 07:24:27.930 21415 21445 I Finsky:background: [38533] Submitter: CS: dequeued commit for rw.flipper. Waited 1 ms. Current queue: [rw.flipper]
12-24 07:24:27.931 21415 21445 I Finsky:background: [38533] Submitter: start committing rw.flipper
12-24 07:24:27.992 21415 21415 I Finsky:background: [2] PIM: Ignore install package event for: rw.flipper, isid: VHGqVT1YTPOz1uCP122rgg
12-24 07:24:31.511  4554  4645 I PackageManager:           pkg{rw.flipper}
12-24 07:24:36.655  3859  3859 I Finsky  : [2] VerifyApps: Install-time verification requested for package rw.flipper, PackageManager id = 19, Verifier id = ea62866a-4948-4efd-ad3c-8ce560ee0767
12-24 07:24:36.847  3859 21340 I Finsky  : [35294] VerifyApps: Anti-malware verification task started for package=rw.flipper
12-24 07:24:36.848  3859 21340 I Finsky  : [35294] VerifyApps: Skipping anti malware verification (preconditions not met). package=rw.flipper
12-24 07:24:36.851  3859 21340 I Finsky  : [35294] VerifyApps: Starting required split types check for rw.flipper.
12-24 07:24:36.925  3859 21340 I Finsky  : [35294] VerifyApps: Required split types check successful for rw.flipper.
12-24 07:24:37.034  3859  3859 I Finsky  : [2] VerifyApps: Install-time verification complete: id=19, package_name=rw.flipper
12-24 07:24:37.108  4554  4628 W PackageParsing: Ignoring duplicate uses-permissions/uses-permissions-sdk-m: android.permission.INTERNET in package: rw.flipper at: Binary XML file line #36
12-24 07:24:37.111  4554  4628 W PackageParsing: Ignoring duplicate uses-permissions/uses-permissions-sdk-m: android.permission.ACCESS_NETWORK_STATE in package: rw.flipper at: Binary XML file line #38
12-24 07:24:37.338 21629 21655 I GOS:GameServiceReceiver:  PkgInstallStarted for rw.flipper UserID : 0
12-24 07:24:37.534  4554  4591 I ActivityManager: Force stopping rw.flipper appid=10869 user=-1: installPackageLI
12-24 07:24:37.536  4554  4591 I ActivityManager: Killing 17840:rw.flipper/u0a869 (adj 915): stop rw.flipper due to installPackageLI
12-24 07:24:37.538  4554  4591 D ActivityManager: proc ProcessRecord{44a6cfa 17840:rw.flipper/u0a869} already removed. so we skip next process.
12-24 07:24:37.568  4554  4628 I PackageManager: Update package rw.flipper code path from /data/app/~~SBGPereb5zNpsqpMGfoSjQ==/rw.flipper-DyG5L0E64xu5b6Zu54DfwQ== to /data/app/~~kHRBzL1fyWfkAvjgNetcoA==/rw.flipper-5wtIxyn07K3Gxdzl22399g==; Retain data and using new
12-24 07:24:37.569  4554  4628 I PackageManager: Update package rw.flipper resource path from /data/app/~~SBGPereb5zNpsqpMGfoSjQ==/rw.flipper-DyG5L0E64xu5b6Zu54DfwQ== to /data/app/~~kHRBzL1fyWfkAvjgNetcoA==/rw.flipper-5wtIxyn07K3Gxdzl22399g==; Retain data and using new
12-24 07:24:37.579  4554  4628 I AppsFilter: interaction: PackageSetting{2635c3c dk.blockbonds.spenn.debug/10743} -> PackageSetting{9e7a098 rw.flipper/10869} BLOCKED
12-24 07:24:37.579 21629 21660 I GOS:GameIntentService: onPackageChanged(). extras: Bundle[{changeType=2, userId=0, type=15, packageName=rw.flipper}]
12-24 07:24:37.579  4554  4628 I AppsFilter: interaction: PackageSetting{a11031a rw.flipper.auth/10845} -> PackageSetting{9e7a098 rw.flipper/10869} BLOCKED
12-24 07:24:37.579 21629 21660 I GOS:GameIntentService: onPackageChanged(). changeType(INSTALL_STARTED), pkgName(rw.flipper), UserHandle(0), userId(0), Installed(true)
12-24 07:24:37.580  4554  4628 I AppsFilter: interaction: PackageSetting{2635c3c dk.blockbonds.spenn.debug/10743} -> PackageSetting{9e7a098 rw.flipper/10869} BLOCKED
12-24 07:24:37.582  4554  4628 I AppsFilter: interaction: PackageSetting{a11031a rw.flipper.auth/10845} -> PackageSetting{9e7a098 rw.flipper/10869} BLOCKED
12-24 07:24:38.653  4554  4628 I PackageDexOptimizer: Running dexopt (dexoptNeeded=1) on: /data/app/~~kHRBzL1fyWfkAvjgNetcoA==/rw.flipper-5wtIxyn07K3Gxdzl22399g==/base.apk pkg=rw.flipper isa=arm64 dexoptFlags=boot_complete,profile_guided,public,enable_hidden_api_checks targetFilter=speed-profile oatDir=/data/app/~~kHRBzL1fyWfkAvjgNetcoA==/rw.flipper-5wtIxyn07K3Gxdzl22399g==/oat classLoaderContext=PCL[]{} dexMetadataPath=/data/app/~~kHRBzL1fyWfkAvjgNetcoA==/rw.flipper-5wtIxyn07K3Gxdzl22399g==/base.dm async=false
12-24 07:24:38.659  4308  4308 V installd: DexInv: --- BEGIN '/data/app/~~kHRBzL1fyWfkAvjgNetcoA==/rw.flipper-5wtIxyn07K3Gxdzl22399g==/base.apk' ---
12-24 07:24:38.819 21702 21702 I dex2oat32: /apex/com.android.art/bin/dex2oat32 --input-vdex-fd=-1 --output-vdex-fd=10 --updatable-bcp-packages-file=/system/etc/updatable-bcp-packages.txt --resolve-startup-const-strings=true --max-image-block-size=524288 --compiler-filter=speed-profile -j6 --profile-file-fd=14 --classpath-dir=/data/app/~~kHRBzL1fyWfkAvjgNetcoA==/rw.flipper-5wtIxyn07K3Gxdzl22399g== --class-loader-context=PCL[]{} --generate-mini-debug-info --compact-dex-level=none --dm-fd=16 --compilation-reason=install-dm
12-24 07:24:42.925  4308  4308 V installd: DexInv: --- END '/data/app/~~kHRBzL1fyWfkAvjgNetcoA==/rw.flipper-5wtIxyn07K3Gxdzl22399g==/base.apk' (success) ---
12-24 07:24:42.969  4554  4628 I AppsFilter: interaction: PackageSetting{2635c3c dk.blockbonds.spenn.debug/10743} -> PackageSetting{1eb0645 rw.flipper/10869} BLOCKED
12-24 07:24:42.969  4554  4628 I AppsFilter: interaction: PackageSetting{a11031a rw.flipper.auth/10845} -> PackageSetting{1eb0645 rw.flipper/10869} BLOCKED
12-24 07:24:43.108  4554  4628 D MultiUserInstallPolicy: applyInstallPolicyPackageInternalLPw : rw.flipper
12-24 07:24:43.108  4554  4628 D MultiUserInstallPolicy: installedOrEnabledPackage : rw.flipper
12-24 07:24:43.110  4554  4645 D ActivityManager: Received BROADCAST intent 0x5557c47 Key{broadcastIntent pkg=com.android.vending intent=act=com.android.vending.INTENT_PACKAGE_INSTALL_COMMIT.rw.flipper:1756528594 pkg=com.android.vending flags=0x40000000 u=0} requestCode=-1676700667 sent=0 from uid 1000
12-24 07:24:43.114  4554  4628 I ActivityManager: Force stopping rw.flipper appid=10869 user=0: pkg removed
12-24 07:24:43.158  4554  4591 W BroadcastQueue: Background execution not allowed: receiving Intent { act=android.intent.action.PACKAGE_REMOVED dat=package:rw.flipper flg=0x4000010 (has extras) } to com.android.vending/com.google.android.finsky.packagemonitor.impl.PackageMonitorReceiverImpl$RegisteredReceiver
12-24 07:24:43.169  4554  4591 W BroadcastQueue: Background execution not allowed: receiving Intent { act=android.intent.action.PACKAGE_REMOVED dat=package:rw.flipper flg=0x4000010 (has extras) } to com.android.vending/com.google.android.finsky.packagemonitor.backgroundimpl.BackgroundPackageMonitorReceiverImpl$RegisteredReceiver
12-24 07:24:43.169  4554  4591 W BroadcastQueue: Background execution not allowed: receiving Intent { act=android.intent.action.PACKAGE_REMOVED dat=package:rw.flipper flg=0x4000010 (has extras) } to com.android.vending/com.google.android.finsky.instantapps.appmanagement.InstantAppRemoveMonitor
12-24 07:24:43.170  4554  4628 I ActivityManager: Force stopping rw.flipper appid=10869 user=0: pkg removed
12-24 07:24:43.180  5978  6057 I PackageInfoManager_FLP: action : ACTION_PACKAGE_REMOVED, packageName = rw.flipper
12-24 07:24:43.182  4904  4904 D TileServices: mUninstallReceiver onReceive = Intent { act=android.intent.action.PACKAGE_REMOVED dat=package:rw.flipper flg=0x4000010 (has extras) }
12-24 07:24:43.183  7259  7259 I MediaProvider: Invalidating LocalCallingIdentity cache for package rw.flipper. Reason: package android.intent.action.PACKAGE_REMOVED
12-24 07:24:43.220  4554  4591 W BroadcastQueue: Background execution not allowed: receiving Intent { act=android.intent.action.PACKAGE_REMOVED dat=package:rw.flipper flg=0x4000010 (has extras) } to com.google.android.gms/.chimera.GmsIntentOperationService$PersistentTrustedReceiver
12-24 07:24:43.220  4554  4591 W BroadcastQueue: Background execution not allowed: receiving Intent { act=android.intent.action.PACKAGE_REMOVED dat=package:rw.flipper flg=0x4000010 (has extras) } to com.microsoft.office.officehubhl/com.microsoft.office.asyncdatapointreporting.InstallBroadcastReceiver
12-24 07:24:43.221  4554  4591 W BroadcastQueue: Background execution not allowed: receiving Intent { act=android.intent.action.PACKAGE_REMOVED dat=package:rw.flipper flg=0x4000010 (has extras) } to com.samsung.android.app.taskedge/.edgepanel.TaskEdgePanelProvider
12-24 07:24:43.221  4554  4591 W BroadcastQueue: Background execution not allowed: receiving Intent { act=android.intent.action.PACKAGE_REMOVED dat=package:rw.flipper flg=0x4000010 (has extras) } to com.samsung.cmh/.core.ClearDataReceiver
12-24 07:24:43.224  4554  4591 W BroadcastQueue: Background execution not allowed: receiving Intent { act=android.intent.action.PACKAGE_REMOVED dat=package:rw.flipper flg=0x4000010 (has extras) } to com.sec.android.app.samsungapps/com.samsung.android.iap.receiver.IapReceiver
12-24 07:24:43.225  4554  4591 W BroadcastQueue: Background execution not allowed: receiving Intent { act=android.intent.action.PACKAGE_REMOVED dat=package:rw.flipper flg=0x4000010 (has extras) } to com.sec.android.widgetapp.samsungapps/.PackageChangeReceiver
12-24 07:24:43.226  4554  4591 W BroadcastQueue: Background execution not allowed: receiving Intent { act=android.intent.action.PACKAGE_REMOVED dat=package:rw.flipper flg=0x4000010 (has extras) } to com.sec.imsservice/com.sec.internal.ims.imsservice.ImsIntentReceiver
12-24 07:24:43.255  4554  4628 I ActivityManager: Force stopping rw.flipper appid=10869 user=0: pkg removed
12-24 07:24:43.263  3859  3859 I Finsky  : [2] AIM: AppInfoCacheUpdater -> invalidating apps: [rw.flipper]
12-24 07:24:43.266  4904  4904 D FaceWidgetMusicViewModel: onPackageRemoved() pkg = rw.flipper, r = true
12-24 07:24:43.270  4904  4904 D FaceWidgetMetadataParser: removePackage() key = rw.flipper
12-24 07:24:43.270 21415 21415 I Finsky:background: [2] IQ: onPackageRemoved rw.flipper, replacing=true, uninstallingFromPlay=false
12-24 07:24:43.277  4554  4591 W BroadcastQueue: Background execution not allowed: receiving Intent { act=android.intent.action.PACKAGE_REMOVED dat=package:rw.flipper flg=0x4000010 (has extras) } to com.google.android.videos/com.google.android.libraries.social.peoplekit.thirdparty.viewcontrollers.ThirdPartyReceiver
12-24 07:24:43.286  4554  4591 W BroadcastQueue: Background execution not allowed: receiving Intent { act=android.intent.action.PACKAGE_REMOVED dat=package:rw.flipper flg=0x4000010 (has extras) } to com.microsoft.windowsintune.companyportal/com.microsoft.omadm.apppolicy.AppUninstallationReceiver
12-24 07:24:43.301  4554  4628 I ActivityManager: Force stopping rw.flipper appid=10869 user=0: pkg removed
12-24 07:24:43.338  7259  7259 I MediaProvider: Invalidating LocalCallingIdentity cache for package rw.flipper. Reason: package android.intent.action.PACKAGE_ADDED
12-24 07:24:43.380  5978  6057 I PackageInfoManager_FLP: action : ACTION_PACKAGE_ADDED, packageName = rw.flipper
12-24 07:24:43.398  5978  6057 I PackageInfoManager_FLP: handled onPackageAdded for rw.flipper(WHILE_USING)
12-24 07:24:43.434  4866  4866 I VvmPkgInstalledRcvr: onReceive() : action android.intent.action.PACKAGE_REMOVED packageName :rw.flipper
12-24 07:24:43.455  3859  4603 I Finsky  : [35208] AIM: AppInfoManager-Perf > OnDeviceAppInfo > cacheHitCount=0, cacheMissCount=1. Missed  in cache (limit 10) : [rw.flipper]
12-24 07:24:43.516  4904  4904 D FaceWidgetMetadataParser: updatePackage() rw.flipper true
12-24 07:24:43.532  4904  4904 D FaceWidgetMetadataParser: removePackage() key = rw.flipper
12-24 07:24:43.534  4554  4590 D MetaDataCollector: onReceive: done pkgName=rw.flipper
12-24 07:24:43.555  3859  4603 I Finsky  : [35208] A library licensing entry already exists for rw.flipper.
12-24 07:24:43.672  3859  3859 I Finsky  : [2] AIM: AppInfoCacheUpdater -> invalidating apps: [rw.flipper]
12-24 07:24:43.692  3859  4620 I Finsky  : [35210] AIM: AppInfoManager-Perf > OnDeviceAppInfo > cacheHitCount=0, cacheMissCount=1. Missed  in cache (limit 10) : [rw.flipper]
12-24 07:24:43.795  5314  5314 D RegisteredServicesCache: rw.flipper is not related HCE package
12-24 07:24:44.045  3859  3859 I Finsky  : [2] AIM: AppInfoCacheUpdater -> invalidating apps: [rw.flipper]
12-24 07:24:44.048  3859  4620 I Finsky  : [35210] AIM: AppInfoManager-Perf > OnDeviceAppInfo > cacheHitCount=0, cacheMissCount=1. Missed  in cache (limit 10) : [rw.flipper]
12-24 07:24:44.074  4866  4866 I VvmPkgInstalledRcvr: onReceive() : action android.intent.action.PACKAGE_ADDED packageName :rw.flipper
12-24 07:24:44.090 21415 21415 I Finsky:background: [2] IQ: onPackageRemoved rw.flipper, replacing=true, uninstallingFromPlay=false
12-24 07:24:44.232  4554  4554 D SdpManagerService.receiver: On android.intent.action.PACKAGE_REMOVED : DATA = package:rw.flipper, UID = 10869, UserId = 0, Is replacing? true
12-24 07:24:44.235  4554  4791 D PkgPredictorService-MultiUserPkgManager: user=0  uid=10869 onPackageStatusChange rw.flipper action=android.intent.action.PACKAGE_REMOVED
12-24 07:24:44.240  4554  4554 I DomainFilter: onReceive() - Intent { act=android.intent.action.PACKAGE_REMOVED dat=package:rw.flipper flg=0x4000010 (has extras) }
12-24 07:24:44.241  4554  4554 I DomainFilter: packageRemoved() - packageName: rw.flipper uid: 0
12-24 07:24:44.272 21415 21447 I Finsky:background: [38535] IV2::TD: Submit done. rw.flipper[iid:7701] [isid:VHGqVT1YTPOz1uCP122rgg] [tid: 1000008259]
12-24 07:24:44.276  4866  4866 D ImsResolver: maybeAddedImsService, packageName: rw.flipper
12-24 07:24:44.345  3859  4541 I Finsky  : [35201] AIM: AppInfoManager-Perf > ItemModel > CacheSize=110, cacheHitCount=0, cacheMissCount=1, total appsWithNoServerDataCount=7. Missed  in cache (limit 10) : [rw.flipper]
12-24 07:24:44.357 21415 21445 I Finsky:background: [38533] IV2:TM: cleaning up task. rw.flipper[iid:7701] [isid:VHGqVT1YTPOz1uCP122rgg] [tid: 1000008259]
12-24 07:24:44.368  3859  4603 I Finsky  : [35208] AIM: AppInfoManager-Perf > ItemModel > CacheSize=110, cacheHitCount=0, cacheMissCount=1, total appsWithNoServerDataCount=7. Missed  in cache (limit 10) : [rw.flipper]
12-24 07:24:44.380  3859  4603 I Finsky  : [35208] AIM: AppInfoManager-Perf > ItemModel > CacheSize=110, cacheHitCount=0, cacheMissCount=1, total appsWithNoServerDataCount=7. Missed  in cache (limit 10) : [rw.flipper]
12-24 07:24:44.599 21415 21511 I Finsky:background: [38575] SM: Session with Context {name=rw.flipper versionCode=1756528594} was closed or abandoned in a consumer.
12-24 07:24:44.640 21415 21450 I Finsky:background: [38538] SCU: Successfully abandon the session for rw.flipper[iid:7701] [isid:VHGqVT1YTPOz1uCP122rgg]
12-24 07:24:44.695 21415 21449 I Finsky:background: [38537] Installer::MCS: User=UserHandle{0} released=rw.flipper
12-24 07:24:44.695 21415 21458 I Finsky:background: [38546] IQ: Notifying installation update. [Package:rw.flipper, isid:VHGqVT1YTPOz1uCP122rgg], status=INSTALLED, status_code=0, reason=single_install, tsc=PT52.951S, attempt=0
12-24 07:24:44.745  4554  4554 D SemGameManager: isGamePackage(), pkgName=rw.flipper
12-24 07:24:44.748  4554  4554 D GameManagerService: identifyGamePackage. rw.flipper, mCurrentUserId: 0, callerUserId: 0
12-24 07:24:44.749  4554  4554 D PkgDataHelper: getGamePkgData(). rw.flipper
12-24 07:24:44.751 21415 21415 I Finsky:background: [2] PIM: Ignore install package event for: rw.flipper, isid: VHGqVT1YTPOz1uCP122rgg
12-24 07:24:44.756  4554  4791 D PkgPredictorService-MultiUserPkgManager: user=0  uid=10869 onPackageStatusChange rw.flipper action=android.intent.action.PACKAGE_ADDED
12-24 07:24:44.761 21415 21447 I Finsky:background: [38535] RM::CM: Clearing artifacts for install of rw.flipper
12-24 07:24:44.765  4554  4554 I DomainFilter: onReceive() - Intent { act=android.intent.action.PACKAGE_ADDED dat=package:rw.flipper flg=0x4000010 (has extras) }
12-24 07:24:44.767  4554  4780 D SemGameManager: isGamePackage(), pkgName=rw.flipper
12-24 07:24:44.767  4554  4554 I DomainFilter: packageAdded() - packageName: rw.flipper, uid: 0
12-24 07:24:44.768  4554  4780 D GameManagerService: identifyGamePackage. rw.flipper, mCurrentUserId: 0, callerUserId: 0
12-24 07:24:44.768  4554  4780 D PkgDataHelper: getGamePkgData(). rw.flipper
12-24 07:24:44.811 21415 21447 W Finsky:background: [38535] Failed to delete file: /data/user/0/com.android.vending/files/phonesky-resource-cache/rw.flipper:1756528594
12-24 07:24:44.869  4554  4554 I Telecom:SamsungCommonPolicyPackageBroadcastReceiver: action : android.intent.action.PACKAGE_ADDED / packageName : rw.flipper
12-24 07:24:44.974  4554  4554 I DomainFilter: onReceive() - Intent { act=android.intent.action.PACKAGE_REPLACED dat=package:rw.flipper flg=0x4000010 (has extras) }
12-24 07:24:44.974  4554  4554 I DomainFilter: packageReplaced() - packageName: rw.flipper oldUid: 10869 newUid:10869
12-24 07:24:45.242 29394 21912 W SQLiteLog: (28) double-quoted string literal: "rw.flipper"
12-24 07:24:45.313  4554  7528 W BroadcastQueue: Background execution not allowed: receiving Intent { act=android.intent.action.PACKAGE_ADDED dat=package:rw.flipper flg=0x4000010 (has extras) } to com.google.android.packageinstaller/com.android.packageinstaller.PackageInstalledReceiver
12-24 07:24:45.349  4554  4591 W BroadcastQueue: Background execution not allowed: receiving Intent { act=android.intent.action.PACKAGE_ADDED dat=package:rw.flipper flg=0x4000010 (has extras) } to com.android.vending/com.google.android.finsky.packagemonitor.impl.PackageMonitorReceiverImpl$RegisteredReceiver
12-24 07:24:45.350  4554  4591 W BroadcastQueue: Background execution not allowed: receiving Intent { act=android.intent.action.PACKAGE_ADDED dat=package:rw.flipper flg=0x4000010 (has extras) } to com.android.vending/com.google.android.finsky.packagemonitor.backgroundimpl.BackgroundPackageMonitorReceiverImpl$RegisteredReceiver
12-24 07:24:45.351  4554  4591 W BroadcastQueue: Background execution not allowed: receiving Intent { act=android.intent.action.PACKAGE_ADDED dat=package:rw.flipper flg=0x4000010 (has extras) } to com.facebook.katana/com.facebook.feed.platformads.AppInstallReceiver
12-24 07:24:45.351  4554  4591 W BroadcastQueue: Background execution not allowed: receiving Intent { act=android.intent.action.PACKAGE_ADDED dat=package:rw.flipper flg=0x4000010 (has extras) } to com.google.android.gms/.chimera.GmsIntentOperationService$PersistentTrustedReceiver
12-24 07:24:45.353  4554  4591 W BroadcastQueue: Background execution not allowed: receiving Intent { act=android.intent.action.PACKAGE_ADDED dat=package:rw.flipper flg=0x4000010 (has extras) } to com.google.android.gms/.gass.chimera.PackageChangeBroadcastReceiver
12-24 07:24:45.353  4554  4591 W BroadcastQueue: Background execution not allowed: receiving Intent { act=android.intent.action.PACKAGE_ADDED dat=package:rw.flipper flg=0x4000010 (has extras) } to com.samsung.android.app.taskedge/.edgepanel.TaskEdgePanelProvider
12-24 07:24:45.354  4554  4591 W BroadcastQueue: Background execution not allowed: receiving Intent { act=android.intent.action.PACKAGE_ADDED dat=package:rw.flipper flg=0x4000010 (has extras) } to com.samsung.android.localeoverlaymanager/.PackageAddedReceiver
12-24 07:24:45.355  4554  4591 W BroadcastQueue: Background execution not allowed: receiving Intent { act=android.intent.action.PACKAGE_ADDED dat=package:rw.flipper flg=0x4000010 (has extras) } to com.sec.android.app.samsungapps/.receiver.PackageAddedReceiver
12-24 07:24:45.365  4554  4591 W BroadcastQueue: Background execution not allowed: receiving Intent { act=android.intent.action.PACKAGE_ADDED dat=package:rw.flipper flg=0x4000010 (has extras) } to com.sec.android.widgetapp.samsungapps/.PackageChangeReceiver
12-24 07:24:45.366  4554  4591 W BroadcastQueue: Background execution not allowed: receiving Intent { act=android.intent.action.PACKAGE_ADDED dat=package:rw.flipper flg=0x4000010 (has extras) } to com.sec.imsservice/com.sec.internal.ims.imsservice.ImsIntentReceiver
12-24 07:24:45.374  4554  4591 W BroadcastQueue: Background execution not allowed: receiving Intent { act=android.intent.action.PACKAGE_ADDED dat=package:rw.flipper flg=0x4000010 (has extras) } to com.google.android.apps.nbu.files/.documentbrowser.browselanding.rootcontainerlist.receiver.PackageChangeReceiver_Receiver
12-24 07:24:45.374  4554  4591 W BroadcastQueue: Background execution not allowed: receiving Intent { act=android.intent.action.PACKAGE_ADDED dat=package:rw.flipper flg=0x4000010 (has extras) } to com.microsoft.windowsintune.companyportal/com.microsoft.omadm.apppolicy.AppInstallationReceiver
12-24 07:24:45.375  4554  4591 W BroadcastQueue: Background execution not allowed: receiving Intent { act=android.intent.action.PACKAGE_ADDED dat=package:rw.flipper flg=0x4000010 (has extras) } to com.microsoft.windowsintune.companyportal/com.microsoft.omadm.client.BlockUninstallAppsReceiver
12-24 07:24:45.376  4554  4591 W BroadcastQueue: Background execution not allowed: receiving Intent { act=android.intent.action.PACKAGE_ADDED dat=package:rw.flipper flg=0x4000010 (has extras) } to com.zhiliaoapp.musically/com.ss.android.common.applog.HotsoonReceiver
12-24 07:24:45.395  3859  4541 I Finsky  : [35201] A library licensing entry already exists for rw.flipper.
12-24 07:24:45.426  3859  3859 I Finsky  : [2] AIM: AppInfoCacheUpdater -> invalidating apps: [rw.flipper]
12-24 07:24:45.429  3859  4620 I Finsky  : [35210] AIM: AppInfoManager-Perf > OnDeviceAppInfo > cacheHitCount=0, cacheMissCount=1. Missed  in cache (limit 10) : [rw.flipper]
12-24 07:24:45.644  3859  4620 I Finsky  : [35210] AIM: AppInfoManager-Perf > ItemModel > CacheSize=110, cacheHitCount=0, cacheMissCount=1, total appsWithNoServerDataCount=7. Missed  in cache (limit 10) : [rw.flipper]
12-24 07:24:45.650 21820 21820 I RoutineDebug[3.1.21.8]: RoutineService: Should not remove data truerw.flipper
12-24 07:24:45.690 21820 21820 I RoutineDebug[3.1.21.8]: RoutineJobService: start: packageNamerw.flipper,forced=true
12-24 07:24:45.692 21820 21820 I RoutineDebug[3.1.21.8]: RoutineJobService: pushMetaLoaderTargetPackage: null + rw.flipper
12-24 07:24:45.968 21820 21820 I RoutineDebug[3.1.21.8]: RoutineJobService: start: packageNamerw.flipper,forced=true
12-24 07:24:45.968  4554  5384 W BroadcastQueue: Background execution not allowed: receiving Intent { act=android.intent.action.PACKAGE_REPLACED dat=package:rw.flipper flg=0x4000010 (has extras) } to com.google.android.gms/.chimera.GmsIntentOperationService$PersistentTrustedReceiver
12-24 07:24:45.969 21820 21820 I RoutineDebug[3.1.21.8]: RoutineJobService: pushMetaLoaderTargetPackage: rw.flipper + rw.flipper
12-24 07:24:45.975  4554  4591 W BroadcastQueue: Background execution not allowed: receiving Intent { act=android.intent.action.PACKAGE_REPLACED dat=package:rw.flipper flg=0x4000010 (has extras) } to com.google.android.gms/.gass.chimera.PackageChangeBroadcastReceiver
12-24 07:24:45.977  4554  4591 W BroadcastQueue: Background execution not allowed: receiving Intent { act=android.intent.action.PACKAGE_REPLACED dat=package:rw.flipper flg=0x4000010 (has extras) } to com.samsung.android.calendar/com.samsung.android.app.calendar.model.settings.receiver.UpdateReceiver
12-24 07:24:45.978  4554  4591 W BroadcastQueue: Background execution not allowed: receiving Intent { act=android.intent.action.PACKAGE_REPLACED dat=package:rw.flipper flg=0x4000010 (has extras) } to com.sec.android.app.samsungapps/.receiver.PackageAddedReceiver
12-24 07:24:45.979  4554  4591 W BroadcastQueue: Background execution not allowed: receiving Intent { act=android.intent.action.PACKAGE_REPLACED dat=package:rw.flipper flg=0x4000010 (has extras) } to com.sec.android.app.samsungapps/com.samsung.android.iap.receiver.IapReceiver
12-24 07:24:45.985  4554  4591 W BroadcastQueue: Background execution not allowed: receiving Intent { act=android.intent.action.PACKAGE_REPLACED dat=package:rw.flipper flg=0x4000010 (has extras) } to com.sec.android.widgetapp.samsungapps/.PackageChangeReceiver
12-24 07:24:45.986  4554  4591 W BroadcastQueue: Background execution not allowed: receiving Intent { act=android.intent.action.PACKAGE_REPLACED dat=package:rw.flipper flg=0x4000010 (has extras) } to com.sec.imsservice/com.sec.internal.ims.servicemodules.tapi.service.receiver.PackageEventReceiver
12-24 07:24:45.987  4554  4591 W BroadcastQueue: Background execution not allowed: receiving Intent { act=android.intent.action.PACKAGE_REPLACED dat=package:rw.flipper flg=0x4000010 (has extras) } to com.sec.imsservice/com.sec.internal.ims.imsservice.ImsIntentReceiver
12-24 07:24:45.988  4554  4591 W BroadcastQueue: Background execution not allowed: receiving Intent { act=android.intent.action.PACKAGE_REPLACED dat=package:rw.flipper flg=0x4000010 (has extras) } to com.google.android.apps.nbu.files/.documentbrowser.browselanding.rootcontainerlist.receiver.PackageChangeReceiver_Receiver
12-24 07:24:45.989  4554  4591 W BroadcastQueue: Background execution not allowed: receiving Intent { act=android.intent.action.PACKAGE_REPLACED dat=package:rw.flipper flg=0x4000010 (has extras) } to com.microsoft.windowsintune.companyportal/com.microsoft.omadm.apppolicy.AppInstallationReceiver
12-24 07:24:45.993  4554  4591 D StorageManagerService: getExternalStorageMountMode: uid=10869 packageName=rw.flipper
12-24 07:24:46.084  4554  4592 I ActivityManager: Start proc 21953:rw.flipper/u0a869 for broadcast {rw.flipper/com.dexterous.flutterlocalnotifications.ScheduledNotificationBootReceiver}
12-24 07:24:46.096 21820 21820 I RoutineDebug[3.1.21.8]: RoutineJobService: packageName : rw.flipper, forced : true
12-24 07:24:46.119 21820 21962 I RoutineDebug[3.1.21.8]: RoutineMetaDataLoader: collect: rw.flipper
12-24 07:24:46.131 21953 21953 E rw.flipper: Not starting debugger since process cannot load the jdwp agent.
12-24 07:24:46.238  4554  5329 I ActivityManager: DSS OFF for rw.flipper
12-24 07:24:46.255  4554  5329 D ActivityManager: attachApplicationLocked() app=ProcessRecord{be095a9 21953:rw.flipper/u0a869} app.isolatedEntryPoint=null instr2=null
12-24 07:24:46.301 21953 21953 D ActivityThread: handleBindApplication()++ app=rw.flipper
12-24 07:24:46.506 21953 21953 W rw.flipper: JIT profile information will not be recorded: profile file does not exist.
12-24 07:24:46.506 21953 21953 W rw.flipper: JIT profile information will not be recorded: profile file does not exist.
12-24 07:24:46.506 21953 21953 W rw.flipper: JIT profile information will not be recorded: profile file does not exist.
12-24 07:24:46.507 21953 21953 W rw.flipper: JIT profile information will not be recorded: profile file does not exist.
12-24 07:24:46.575 21953 21953 D ActivityThread: ActivityThread::handleMakeApplication() data=AppBindData{appInfo=ApplicationInfo{1f77415 rw.flipper}} appContext=android.app.ContextImpl@8f9032a appContext.mOpPackageName=rw.flipper appContext.mBasePackageName=rw.flipper appContext.mPackageInfo=android.app.LoadedApk@d79551b data.restrictedBackupMode= false data.providers= [ContentProviderInfo{name=rw.flipper.SentryPerformanceProvider className=io.sentry.android.core.SentryPerformanceProvider}, ContentProviderInfo{name=rw.flipper.firebaseinitprovider className=com.google.firebase.provider.FirebaseInitProvider}, ContentProviderInfo{name=rw.flipper.flutterfirebasemessaginginitprovider className=io.flutter.plugins.firebase.messaging.FlutterFirebaseMessagingInitProvider}, ContentProviderInfo{name=rw.flipper.mlkitinitprovider className=com.google.mlkit.common.internal.MlKitInitProvider}, ContentProviderInfo{name=rw.flipper.com.pairip.licensecheck.LicenseContentProvider className=com.pairip.licensecheck.LicenseContentProvider}, ContentProviderInfo{name=rw.flipper.flutter.printing className=net.nfet.flutter.printing.PrintFileProvider}, ContentProviderInfo{name=rw.flipper.flutter.image_provider className=io.flutter.plugins.imagepicker.ImagePickerFileProvider}, ContentProviderInfo{name=rw.flipper.fileProvider.com.crazecoder.openfile className=com.crazecoder.openfile.FileProvider}, ContentProviderInfo{name=rw.flipper.flutter.share_provider className=dev.fluttercommunity.plus.share.ShareFileProvider}, ContentProviderInfo{name=rw.flipper.androidx-startup className=androidx.startup.InitializationProvider}] Caller=android.app.ActivityThread.handleBindApplication:7484 android.app.ActivityThread.access$1400:301 android.app.ActivityThread$H.handleMessage:2156 android.os.Handler.dispatchMessage:106 android.os.Looper.loop:246 
12-24 07:24:46.587 21953 21953 D LoadedApk: LoadedApk::makeApplication() appContext=android.app.ContextImpl@279a6b8 appContext.mOpPackageName=rw.flipper appContext.mBasePackageName=rw.flipper appContext.mPackageInfo=android.app.LoadedApk@d79551b
12-24 07:24:47.103  4554  7538 I ActivityTaskManager: START u0 {act=android.intent.action.MAIN cat=[android.intent.category.LAUNCHER] flg=0x10000000 pkg=rw.flipper cmp=rw.flipper/.MainActivity (has extras)} from uid 10103
12-24 07:24:47.167  4554  7538 D ActivityTaskManager: TaskLaunchParamsModifier:task=null activity=ActivityRecord{1634bc0 u0 rw.flipper/.MainActivity display-area-from-source=DefaultTaskDisplayArea@102847506 task-display-area=DefaultTaskDisplayArea@102847506 display-area-windowing-mode=1
12-24 07:24:47.171  4554  7538 D ActivityTaskManager: TaskLaunchParamsModifier:task=null activity=ActivityRecord{1634bc0 u0 rw.flipper/.MainActivity t-1} display-area-from-source=DefaultTaskDisplayArea@102847506 task-display-area=DefaultTaskDisplayArea@102847506 display-area-windowing-mode=1 inherit-from-source=fullscreen activity-options-fullscreen=Rect(0, 0 - 0, 0) non-freeform-display maximized-bounds
12-24 07:24:47.207  4554  4780 D SemGameManager: isGamePackage(), pkgName=rw.flipper
12-24 07:24:47.208  4554  4780 D GameManagerService: identifyGamePackage. rw.flipper, mCurrentUserId: 0, callerUserId: 0
12-24 07:24:47.208  4554  4780 D PkgDataHelper: getGamePkgData(). rw.flipper
12-24 07:24:47.208  4554  7538 D ActivityTaskManager: TaskLaunchParamsModifier:task=Task{2b39da1 #6265 visible=false type=standard mode=fullscreen translucent=true I=rw.flipper/.MainActivity U=0 StackId=6265 sz=0} activity=ActivityRecord{1634bc0 u0 rw.flipper/.MainActivity t-1} display-from-task=0 task-display-area=DefaultTaskDisplayArea@102847506 display-area-windowing-mode=1 inherit-from-source=fullscreen activity-options-fullscreen=Rect(0, 0 - 0, 0) non-freeform-display maximized-bounds
12-24 07:24:47.213  4230  4251 I SurfaceFlinger: id=3593 createSurf (0x0),-1 flag=80004, ActivityRecord{1634bc0 u0 rw.flipper/.MainActivity t6265}#0
12-24 07:24:47.238  4554  7538 D WindowManager: CustomStartingWindowData: className=rw.flipper.MainActivity, packageName=rw.flipper, taskUserId=0
12-24 07:24:47.274  4554  7538 D SurfaceControl: hide : mNativeObject = 516509106720 - sc.mNativeObject = 516503612864 - Surface(name=ActivityRecord{1634bc0 u0 rw.flipper/.MainActivity t6265})/@0x9b69a5f
12-24 07:24:47.274  4554  7538 D SurfaceControl: nativeSetFlags Done : Surface(name=ActivityRecord{1634bc0 u0 rw.flipper/.MainActivity t6265})/@0x9b69a5f
12-24 07:24:47.374  4554  7491 D MARsPolicyManager: onPackageResumedFG pkgName = rw.flipper, userId = 0
12-24 07:24:47.391  4554  7491 D WindowManager: rotationForOrientation, orientationSource=ActivityRecord{1634bc0 u0 rw.flipper/.MainActivity t6265}
12-24 07:24:47.391  4554  7491 D WindowManager: rotationForOrientation, orientationSource=ActivityRecord{1634bc0 u0 rw.flipper/.MainActivity t6265}
12-24 07:24:47.404  4554  7491 D WindowManager: rotationForOrientation, orientationSource=ActivityRecord{1634bc0 u0 rw.flipper/.MainActivity t6265}
12-24 07:24:47.406  4554  7491 D PkgDataHelper: notifyAppCreate(), pkgName: rw.flipper, sendRet: true
12-24 07:24:47.406  4554  4702 D GameManagerService: onLooperPrepared(), msg: MSG_APP_CREATE, pkgName: rw.flipper
12-24 07:24:47.422  4554  4702 D GameManagerService: onLooperPrepared(), msg: MSG_TASK_FOCUSED, focusedComponent: ComponentInfo{rw.flipper/rw.flipper.MainActivity}
12-24 07:24:47.422  4554  4702 D GameManagerService:   handleTaskFocused(), pkgName: rw.flipper, clsName: rw.flipper.MainActivity, userID:0
12-24 07:24:47.422  4554  7491 D MARsPolicyManager: onPackageResumedFG pkgName = rw.flipper, userId = 0
12-24 07:24:47.423  4554  4702 D GameManagerService:   handleResume(). pkgName: rw.flipper, isTunableApp: null
12-24 07:24:47.423  4554  4702 D GameManagerService: notifyFocusInOut(). of pkg: rw.flipper, type: 4, isMinimized: false, isTunableApp: false
12-24 07:24:47.436  4230  4846 I SurfaceFlinger: id=3594 createSurf (0x0),-1 flag=80004, 574c79 Splash Screen rw.flipper#0
12-24 07:24:47.440  4554  7528 V ActivityManager: Changed top to 10869,ProcessRecord{be095a9 21953:rw.flipper/u0a869}
12-24 07:24:47.460 21953 21953 I FirebaseCrashlytics: Initializing Firebase Crashlytics 20.0.3 for rw.flipper
12-24 07:24:47.465  4554  4586 D InsetsSourceConsumer: setRequestedVisible: visible=false, type=0, host=Splash Screen rw.flipper, from=android.view.InsetsSourceConsumer.hide:236 android.view.InsetsController.collectSourceControls:1172 android.view.InsetsController.controlAnimationUnchecked:1049 android.view.InsetsController.applyAnimation:1417 android.view.InsetsController.hide:984 android.view.InsetsController.hide:967 android.view.ViewRootImpl.controlInsetsForCompatibility:2865 android.view.ViewRootImpl.performTraversals:3327 android.view.ViewRootImpl.doTraversal:2631 android.view.ViewRootImpl$TraversalRunnable.run:9984 
12-24 07:24:47.465  4554  4582 V LocationManagerService: location appop changed for rw.flipper
12-24 07:24:47.469  4554  4586 V WindowManager: Relayout Window{574c79 u0 Splash Screen rw.flipper}: viewVisibility=0 req=1080x2340
12-24 07:24:47.472  5978  6057 I RequestManager_FLP: onOpChanged, op=0 / packageName=rw.flipper
12-24 07:24:47.478  4230  4252 I SurfaceFlinger: id=3595 createSurf (1080x2340),1 flag=4, Splash Screen rw.flipper#0
12-24 07:24:47.479  4554  4586 D WindowManager: makeSurface duration=4 name=Splash Screen rw.flipper
12-24 07:24:47.497  4554  4583 D SehCodecSolutionService: Update top [rw.flipper]
12-24 07:24:47.500  4554  4791 D PkgPredictorService: rw.flipper go to foreground!
12-24 07:24:47.511  4554  4791 D PkgPredictorService: previous pkgs: rw.flipper,com.android.vending,com.zhiliaoapp.musically running pkg: rw.flipper, uid: 0 is system: false
12-24 07:24:47.512  4554  4791 D PkgPredictorService-Collector:  (hour:7 day:4 previous:[rw.flipper, com.android.vending, com.zhiliaoapp.musically] activityName:unknown running:rw.flipper userId:0 screenOrientation:0 wifi:1 bt:0 predictTime:9 apkVersion:1.180.4252223234901 consumeTime:-1 preloaded:false>)
12-24 07:24:47.522  4554  4791 D PkgPredictorService-NapPreloadController: User using: rw.flipper
12-24 07:24:47.564 21953 22042 I TetheringManager: registerTetheringEventCallback:rw.flipper
12-24 07:24:47.565 21953 22042 D ConnectivityManager: ConnectivityManager() mContext=android.app.Application@5bd6904 getOpPackageName()=rw.flipper getBasePackageName()=rw.flipper getPackageName()=rw.flipper
12-24 07:24:47.599  4554  4961 D MdnieScenarioControlService:  packageName : rw.flipper    className : rw.flipper.MainActivity
12-24 07:24:47.667  4554  4585 D GameManagerService: noteResumeComponent(), received resumed-component: rw.flipper
12-24 07:24:47.667  4554  4702 D GameManagerService: onLooperPrepared(), msg: MSG_APP_RESUME, resumeComponent: ComponentInfo{rw.flipper/rw.flipper.MainActivity}
12-24 07:24:47.668  4554  4702 D GameManagerService:   handleResume(). pkgName: rw.flipper, isTunableApp: null
12-24 07:24:47.668  4554  4702 D GameManagerService: notifyFocusInOut(). of pkg: rw.flipper, type: 4, isMinimized: false, isTunableApp: false
12-24 07:24:47.692  4554  4585 D SemGameManager: isGamePackage(), pkgName=rw.flipper
12-24 07:24:47.695  4554  4585 D GameManagerService: identifyGamePackage. rw.flipper, mCurrentUserId: 0, callerUserId: 0
12-24 07:24:47.695  4554  4585 D PkgDataHelper: getGamePkgData(). rw.flipper
12-24 07:24:47.696  4554  4585 I GameSDK@LifeCycle: noteResumeComponent(): package name  : rw.flipper
12-24 07:24:47.699  4554  4585 D GameManagerService: identifyGamePackage. rw.flipper, mCurrentUserId: 0, callerUserId: 0
12-24 07:24:47.699  4554  4585 D PkgDataHelper: getGamePkgData(). rw.flipper
12-24 07:24:47.710  4554  4586 D WindowManager: finishDrawingWindow: Window{574c79 u0 Splash Screen rw.flipper} mDrawState=DRAW_PENDING
12-24 07:24:47.825  4554  4586 D InsetsSourceProvider: updateVisibility: serverVisible=true, clientVisible=false, source=InsetsSource: {mType=ITYPE_STATUS_BAR, mFrame=[0,0][1080,83], mVisible=false}, controlTarget=Window{574c79 u0 Splash Screen rw.flipper}, from=com.android.server.wm.InsetsSourceProvider.setClientVisible:378 com.android.server.wm.InsetsSourceProvider.onInsetsModified:363 com.android.server.wm.InsetsStateController.onInsetsModified:416 com.android.server.wm.InsetsPolicy.onInsetsModified:320 com.android.server.wm.Session.insetsModified:512 android.view.ViewRootInsetsControllerHost.onInsetsModified:152 android.view.InsetsController.updateRequestedState:1399 android.view.InsetsController.notifyVisibilityChanged:1309 android.view.InsetsSourceConsumer.setRequestedVisible:397 android.view.InsetsSourceConsumer.hide:236 
12-24 07:24:47.847 21953 22030 W rw.flipper: ClassLoaderContext classpath size mismatch. expected=13, found=0 (DLC[];PCL[base.apk*2201765484:base.apk!classes2.dex*63625498:base.apk!classes3.dex*4125276836:base.apk!classes4.dex*4127933447:base.apk!classes5.dex*986730365:base.apk!classes6.dex*3139395390:base.apk!classes7.dex*1590257613:base.apk!classes8.dex*3095033817:base.apk!classes9.dex*1110017803:base.apk!classes10.dex*3607852532:base.apk!classes11.dex*736609121:base.apk!classes12.dex*1002466557:base.apk!classes13.dex*250645285]{PCL[/system/framework/org.apache.http.legacy.jar*876722329]#PCL[/system/framework/com.android.media.remotedisplay.jar*1573936315]#PCL[/system/framework/com.android.location.provider.jar*1664931834]#PCL[/system/framework/org.apache.http.legacy.jar*876722329]} | DLC[];PCL[])
12-24 07:24:47.861  4554  4586 V WindowManager: Relayout Window{574c79 u0 Splash Screen rw.flipper}: viewVisibility=0 req=1080x2340
12-24 07:24:47.863  4230  4230 D SurfaceFlinger:      DEVICE | 0x7846035b40 | 0000 | RGBA_8888    |    0.0    0.0 1080.0 2157.0 |    0  183 1080 2340 | Splash Screen rw.flipper#0
12-24 07:24:47.868  4554  4586 I SurfaceControl: release : mNativeObject = 516504062112 - Surface(name=Splash Screen rw.flipper)/@0x7217ec0 / android.view.SurfaceControl.assignNativeObject:571 android.view.SurfaceControl.copyFrom:591 com.android.server.wm.WindowSurfaceController.getSurfaceControl:561 com.android.server.wm.WindowManagerService.createSurfaceControl:2959 
12-24 07:24:47.929  4554  4586 D WindowManager: finishDrawingWindow: Window{574c79 u0 Splash Screen rw.flipper} mDrawState=HAS_DRAWN
12-24 07:24:48.152  4230  4230 D SurfaceFlinger:      DEVICE | 0x78c7a38840 | 0000 | RGBA_8888    |    0.0    0.0 1080.0 2339.0 |    0    1 1080 2340 | Splash Screen rw.flipper#0
12-24 07:24:48.156 21953 22030 W rw.flipper: ClassLoaderContext classpath size mismatch. expected=13, found=2 (DLC[];PCL[base.apk*2201765484:base.apk!classes2.dex*63625498:base.apk!classes3.dex*4125276836:base.apk!classes4.dex*4127933447:base.apk!classes5.dex*986730365:base.apk!classes6.dex*3139395390:base.apk!classes7.dex*1590257613:base.apk!classes8.dex*3095033817:base.apk!classes9.dex*1110017803:base.apk!classes10.dex*3607852532:base.apk!classes11.dex*736609121:base.apk!classes12.dex*1002466557:base.apk!classes13.dex*250645285]{PCL[/system/framework/org.apache.http.legacy.jar*876722329]#PCL[/system/framework/com.android.media.remotedisplay.jar*1573936315]#PCL[/system/framework/com.android.location.provider.jar*1664931834]#PCL[/system/framework/org.apache.http.legacy.jar*876722329]} | DLC[];PCL[/data/app/~~kHRBzL1fyWfkAvjgNetcoA==/rw.flipper-5wtIxyn07K3Gxdzl22399g==/base.apk*1800233064:/data/app/~~kHRBzL1fyWfkAvjgNetcoA==/rw.flipper-5wtIxyn07K3Gxdzl22399g==/base.apk!classes2.dex*3341005693])
12-24 07:24:48.159 21953 22030 W rw.flipper: Found duplicate classes, falling back to extracting from APK : /data/app/~~YkLYefOUqP3Nd01k23wuBQ==/com.google.android.gms-gjU1uGlsNhac4m9uqWWYnw==/split_MeasurementDynamite_installtime.apk
12-24 07:24:48.160 21953 22030 W rw.flipper: NOTE: This wastes RAM and hurts startup performance.
12-24 07:24:48.160 21953 22030 W rw.flipper: Found duplicated class when checking oat files: 'Landroid/app/AppComponentFactory;' in /data/app/~~YkLYefOUqP3Nd01k23wuBQ==/com.google.android.gms-gjU1uGlsNhac4m9uqWWYnw==/split_MeasurementDynamite_installtime.apk and /data/app/~~kHRBzL1fyWfkAvjgNetcoA==/rw.flipper-5wtIxyn07K3Gxdzl22399g==/base.apk
12-24 07:24:48.203  4554  4586 D ActivityTaskManager: finishFixedRotationTransform, r=ActivityRecord{1634bc0 u0 rw.flipper/.MainActivity t6265}, caller=com.android.server.wm.WindowToken.finishFixedRotationTransform:664 com.android.server.wm.DisplayContent$FixedRotationTransitionListener.onAppTransitionFinishedLocked:7024 com.android.server.wm.AppTransition.notifyAppTransitionFinishedLocked:543 com.android.server.wm.ActivityRecord.onAnimationFinished:7164 com.android.server.wm.WindowContainer.doAnimationFinished:2626 
12-24 07:24:48.203  4230  4230 D SurfaceFlinger:      DEVICE | 0x78c7a38840 | 0000 | RGBA_8888    |    0.0    0.0 1080.0 2340.0 |    0    0 1080 2340 | Splash Screen rw.flipper#0
12-24 07:24:48.205  4118  4118 E audit   : type=1400 audit(1766553888.197:30707): avc:  denied  { read } for  pid=21953 comm="rw.flipper" name="max_map_count" dev="proc" ino=3315248 scontext=u:r:untrusted_app:s0:c101,c259,c512,c768 tcontext=u:object_r:proc_max_map_count:s0 tclass=file permissive=0 SEPF_SM-A505U1_11_0010 audit_filtered
12-24 07:24:48.205  4118  4118 E audit   : type=1300 audit(1766553888.197:30707): arch=c00000b7 syscall=56 success=no exit=-13 a0=ffffff9c a1=7847f9a31d a2=0 a3=0 items=0 ppid=4141 pid=21953 auid=4294967295 uid=10869 gid=10869 euid=10869 suid=10869 fsuid=10869 egid=10869 sgid=10869 fsgid=10869 tty=(none) ses=4294967295 comm="rw.flipper" exe="/system/bin/app_process64" subj=u:r:untrusted_app:s0:c101,c259,c512,c768 key=(null)
12-24 07:24:48.205  4118  4118 E audit   : type=1327 audit(1766553888.197:30707): proctitle="rw.flipper"
12-24 07:24:48.428  1997  7210 I PhenotypeResourceReader: unable to find any Phenotype resource metadata for rw.flipper
12-24 07:24:48.550 21953 22106 E rw.flipper: No package ID 6b found for ID 0x6b0b0013.
12-24 07:24:48.554 21953 22106 I FA      :   adb shell setprop debug.firebase.analytics.app rw.flipper
12-24 07:24:48.670 22077 22077 D EdgeLightingReceiver: com.samsung.android.app.edgelighting.PACKAGE_REMOVED rw.flipper
12-24 07:24:48.684 21953 21953 D com.llfbandit.app_links: Intent { act=android.intent.action.MAIN cat=[android.intent.category.LAUNCHER] flg=0x10000000 pkg=rw.flipper cmp=rw.flipper/.MainActivity (has extras) }
12-24 07:24:48.873 21953 21953 D FirebaseSessions: App foregrounded on rw.flipper
12-24 07:24:48.883 21953 22025 D FirebaseSessions: Process rw.flipper is stale
12-24 07:24:48.891  4230  4251 I SurfaceFlinger: id=3603 createSurf (0x0),-1 flag=80004, b7ccb10 rw.flipper/rw.flipper.MainActivity#0
12-24 07:24:48.989  4554  5384 V WindowManager: Relayout Window{b7ccb10 u0 rw.flipper/rw.flipper.MainActivity}: viewVisibility=0 req=1080x2340
12-24 07:24:48.992  4230  4251 I SurfaceFlinger: id=3604 createSurf (1080x2340),1 flag=4, rw.flipper/rw.flipper.MainActivity$_21953#0
12-24 07:24:48.993  4554  5384 D WindowManager: makeSurface duration=2 name=rw.flipper/rw.flipper.MainActivity$_21953
12-24 07:24:48.994  4554  5384 V WindowManager: Changing focus from null to Window{b7ccb10 u0 rw.flipper/rw.flipper.MainActivity} displayId=0 Callers=com.android.server.wm.RootWindowContainer.updateFocusedWindowLocked:567 com.android.server.wm.WindowManagerService.updateFocusedWindowLocked:6302 com.android.server.wm.WindowManagerService.relayoutWindow:2715 com.android.server.wm.Session.relayout:219 
12-24 07:24:49.000  4554  5384 I SurfaceControl: release : mNativeObject = 516871503104 - Surface(name=rw.flipper/rw.flipper.MainActivity$_21953)/@0xb08f7c3 / android.view.SurfaceControl.writeToParcel:1140 android.view.IWindowSession$Stub.onTransact:925 com.android.server.wm.Session.onTransact:145 android.os.Binder.execTransactInternal:1190 
12-24 07:24:49.008  4554  5384 D InsetsSourceProvider: updateVisibility: serverVisible=true, clientVisible=true, source=InsetsSource: {mType=ITYPE_STATUS_BAR, mFrame=[0,0][1080,83], mVisible=true}, controlTarget=Window{b7ccb10 u0 rw.flipper/rw.flipper.MainActivity}, from=com.android.server.wm.InsetsSourceProvider.setClientVisible:378 com.android.server.wm.InsetsSourceProvider.onInsetsModified:363 com.android.server.wm.InsetsStateController.onInsetsModified:416 com.android.server.wm.InsetsPolicy.onInsetsModified:320 com.android.server.wm.Session.insetsModified:512 android.view.IWindowSession$Stub.onTransact:1398 com.android.server.wm.Session.onTransact:145 android.os.Binder.execTransactInternal:1195 android.os.Binder.execTransact:1159 <bottom of call stack> 
12-24 07:24:49.017  4554  4585 D InsetsSourceProvider: updateVisibility: serverVisible=true, clientVisible=true, source=InsetsSource: {mType=ITYPE_STATUS_BAR, mFrame=[0,0][1080,83], mVisible=true}, controlTarget=Window{b7ccb10 u0 rw.flipper/rw.flipper.MainActivity}, from=com.android.server.wm.InsetsSourceProvider.setServerVisible:384 com.android.server.wm.InsetsSourceProvider.onPostLayout:237 com.android.server.wm.InsetsStateController.onPostLayout:390 com.android.server.wm.DisplayContent.applySurfaceChangesTransaction:4879 com.android.server.wm.RootWindowContainer.applySurfaceChangesTransaction:1292 com.android.server.wm.RootWindowContainer.performSurfacePlacementNoTrace:1021 com.android.server.wm.RootWindowContainer.performSurfacePlacement:959 com.android.server.wm.WindowSurfacePlacer.performSurfacePlacementLoop:182 com.android.server.wm.WindowSurfacePlacer.performSurfacePlacement:131 com.android.server.wm.WindowSurfacePlacer.performSurfacePlacement:120 
12-24 07:24:49.025  4230  4846 I SurfaceFlinger: id=3607 createSurf (0x0),-1 flag=80004, Bounds for - rw.flipper/rw.flipper.MainActivity@0#0
