12-24 07:41:47.275  4554  4586 I SurfaceControl: release : mNativeObject = 518626312992 - Surface(name=Surface(name=3167b73 Splash Screen rw.flipper)/@0x1268cc5 - animation-leash)/@0x1ac261a / android.view.SurfaceControl$Transaction.remove:3475 com.android.server.wm.SurfaceAnimator.removeLeash:418 com.android.server.wm.SurfaceAnimator.reset:384 com.android.server.wm.SurfaceAnimator.lambda$getFinishedCallback$0$SurfaceAnimator:110 
12-24 07:41:47.276  4554  4586 D SurfaceControl: hide : mNativeObject = 516509106720 - sc.mNativeObject = 516515523072 - Surface(name=Splash Screen rw.flipper)/@0x79273b
12-24 07:41:47.276  4554  4586 D SurfaceControl: nativeSetFlags Done : Surface(name=Splash Screen rw.flipper)/@0x79273b
12-24 07:41:47.277  4554  4586 E WindowManager: win=Window{3167b73 u0 Splash Screen rw.flipper EXITING} destroySurfaces: appStopped=false win.mWindowRemovalAllowed=true win.mRemoveOnExit=true win.mViewVisibility=0 caller=com.android.server.wm.ActivityRecord.destroySurfaces:5251 com.android.server.wm.ActivityRecord.destroySurfaces:5232 com.android.server.wm.WindowState.onExitAnimationDone:5654 com.android.server.wm.WindowStateAnimator.onAnimationFinished:332 com.android.server.wm.WindowState.onAnimationFinished:6119 com.android.server.wm.-$$Lambda$dwJG8BAnLlvKNGuDY9U3-haNY4M.onAnimationFinished:2 com.android.server.wm.SurfaceAnimator.lambda$getFinishedCallback$0$SurfaceAnimator:112 
12-24 07:41:47.277  1231  1231 V InputMethodManager: Starting input: tba=rw.flipper ic=null mNaviBarColor -16777216 mIsGetNaviBarColorSuccess true , NavVisible : true , NavTrans : false
12-24 07:41:47.277  4554  4586 I WindowManager: Destroying surface Surface(name=Splash Screen rw.flipper)/@0x79273b called by com.android.server.wm.WindowStateAnimator.destroySurface:1794 com.android.server.wm.WindowStateAnimator.destroySurfaceLocked:765 com.android.server.wm.WindowState.destroySurfaceUnchecked:3949 com.android.server.wm.WindowState.destroySurface:3923 com.android.server.wm.ActivityRecord.destroySurfaces:5251 com.android.server.wm.ActivityRecord.destroySurfaces:5232 com.android.server.wm.WindowState.onExitAnimationDone:5654 com.android.server.wm.WindowStateAnimator.onAnimationFinished:332 
12-24 07:41:47.278  4554  4586 I SurfaceControl: release : mNativeObject = 516515523072 - Surface(name=Splash Screen rw.flipper)/@0x79273b / android.view.SurfaceControl$Transaction.remove:3475 com.android.server.wm.WindowSurfaceController.destroyNotInTransaction:225 com.android.server.wm.WindowStateAnimator.destroySurface:1794 com.android.server.wm.WindowStateAnimator.destroySurfaceLocked:765 
12-24 07:41:47.278  4230  5516 I Layer   : id=3734 removeFromCurrentState Splash Screen rw.flipper#0 (88)
12-24 07:41:47.279  4554  4586 I SurfaceControl: release : mNativeObject = 516516094560 - Surface(name=3167b73 Splash Screen rw.flipper)/@0x1268cc5 / android.view.SurfaceControl$Transaction.remove:3475 com.android.server.wm.WindowContainer.removeImmediately:649 com.android.server.wm.WindowState.removeImmediately:2632 com.android.server.wm.WindowState.destroySurface:3926 
12-24 07:41:47.288  4230  4230 D SurfaceFlinger:      DEVICE | 0x7846036680 | 0002 | RGBA_8888    |    0.0    0.0 1080.0 2340.0 |    0    0 1080 2340 | SurfaceView - rw.flipper/rw.flipper.MainActivity@23bf770@0#0
12-24 07:41:47.288  4230  4230 D SurfaceFlinger:      DEVICE | 0x78c7a376c0 | 0000 | RGBA_8888    |    0.0    0.0 1080.0 2340.0 |    0    0 1080 2340 | rw.flipper/rw.flipper.MainActivity$_1231#0
12-24 07:41:47.294  4230  4846 I Layer   : id=3733 removeFromCurrentState 3167b73 Splash Screen rw.flipper#0 (88)
12-24 07:41:47.295  4230  4846 I Layer   : id=3749 removeFromCurrentState Surface(name=3167b73 Splash Screen rw.flipper)/@0x1268cc5 - animation-leash#0 (88)
12-24 07:41:47.296  4230  4846 I SurfaceFlinger: id=3733 Removed 3167b73 Splash Screen rw.flipper#0 (88)
12-24 07:41:47.296  4230  4846 I SurfaceFlinger: id=3749 Removed Surface(name=3167b73 Splash Screen rw.flipper)/@0x1268cc5 - animation-leash#0 (88)
12-24 07:41:47.296  4230  4846 I SurfaceFlinger: id=3734 Removed Splash Screen rw.flipper#0 (88)
12-24 07:41:47.300  4230  4230 I Layer   : id=3734[1] Destroyed Splash Screen rw.flipper#0
12-24 07:41:47.301  4230  4230 I Layer   : id=3749[1] Destroyed Surface(name=3167b73 Splash Screen rw.flipper)/@0x1268cc5 - animation-leash#0
12-24 07:41:47.301  4230  4230 I Layer   : id=3733[1] Destroyed 3167b73 Splash Screen rw.flipper#0
12-24 07:41:47.362  4554  4583 D SehCodecSolutionService: Update top [rw.flipper]
12-24 07:41:47.363  1231  1231 I flutter :  Using persistence directory: /data/user/0/rw.flipper/databases
12-24 07:41:47.439  1231  1857 I Ditto   : ditto_init: starting Ditto... app_id=84ba6a9e-c8fd-40dc-9126-d0924388b3b8 local.peer_id=pkAocCgkMCJWWvD0fYm4Y7BUKFwZIRHgc3GAQfLFYj4nELaWr5Lbk sdk.platform=Android sdk.language=Flutter sdk.version=4.14.0 sdk.commit=a023919c3e absolute_persistence_directory=PersistenceDirectory("/data/data/rw.flipper/databases")
12-24 07:41:47.492  4554  4961 D MdnieScenarioControlService:  packageName : rw.flipper    className : rw.flipper.MainActivity
12-24 07:41:47.613  1231  1231 I flutter : [38;5;3m [warning] | 7:41:47 613ms | Local file not found: /Users/richard/Library/Containers/rw.flipper/Data/Documents/db/1747592308648_banana.jpg[0m
12-24 07:41:49.485  1231  1855 W System.err: java.lang.ClassNotFoundException: Didn't find class "org/rustls/platformverifier/CertificateVerifier" on path: DexPathList[[zip file "/data/app/~~kHRBzL1fyWfkAvjgNetcoA==/rw.flipper-5wtIxyn07K3Gxdzl22399g==/base.apk", zip file "/data/app/~~kHRBzL1fyWfkAvjgNetcoA==/rw.flipper-5wtIxyn07K3Gxdzl22399g==/split_config.arm64_v8a.apk", zip file "/data/app/~~kHRBzL1fyWfkAvjgNetcoA==/rw.flipper-5wtIxyn07K3Gxdzl22399g==/split_config.en.apk", zip file "/data/app/~~kHRBzL1fyWfkAvjgNetcoA==/rw.flipper-5wtIxyn07K3Gxdzl22399g==/split_config.fr.apk", zip file "/data/app/~~kHRBzL1fyWfkAvjgNetcoA==/rw.flipper-5wtIxyn07K3Gxdzl22399g==/split_config.xxhdpi.apk"],nativeLibraryDirectories=[/data/app/~~kHRBzL1fyWfkAvjgNetcoA==/rw.flipper-5wtIxyn07K3Gxdzl22399g==/lib/arm64, /data/app/~~kHRBzL1fyWfkAvjgNetcoA==/rw.flipper-5wtIxyn07K3Gxdzl22399g==/base.apk!/lib/arm64-v8a, /data/app/~~kHRBzL1fyWfkAvjgNetcoA==/rw.flipper-5wtIxyn07K3Gxdzl22399g==/split_config.arm64_v8a.apk!/lib/arm64-v8a, /data/app/~~kHRBzL1fyWfkAvjgNetcoA==/rw.flipper-5wtIxyn07K3Gxdzl22399g==/split_config.en.apk!/lib/arm64-v8a, /data/app/~~kHRBzL1fyWfkAvjgNetcoA==/rw.flipper-5wtIxyn07K3Gxdzl22399g==/split_config.fr.apk!/lib/arm64-v8a, /data/app/~~kHRBzL1fyWfkAvjgNetcoA==/rw.flipper-5wtIxyn07K3Gxdzl22399g==/split_config.xxhdpi.apk!/lib/arm64-v8a, /system/lib64]]
12-24 07:41:49.494  1231  1855 W System.err: 	Suppressed: java.io.IOException: No original dex files found for dex location (arm64) /data/app/~~kHRBzL1fyWfkAvjgNetcoA==/rw.flipper-5wtIxyn07K3Gxdzl22399g==/split_config.arm64_v8a.apk
12-24 07:41:49.497  1231  1855 W System.err: 	Suppressed: java.io.IOException: No original dex files found for dex location (arm64) /data/app/~~kHRBzL1fyWfkAvjgNetcoA==/rw.flipper-5wtIxyn07K3Gxdzl22399g==/split_config.en.apk
12-24 07:41:49.499  1231  1855 W System.err: 	Suppressed: java.io.IOException: No original dex files found for dex location (arm64) /data/app/~~kHRBzL1fyWfkAvjgNetcoA==/rw.flipper-5wtIxyn07K3Gxdzl22399g==/split_config.fr.apk
12-24 07:41:49.501  1231  1855 W System.err: 	Suppressed: java.io.IOException: No original dex files found for dex location (arm64) /data/app/~~kHRBzL1fyWfkAvjgNetcoA==/rw.flipper-5wtIxyn07K3Gxdzl22399g==/split_config.xxhdpi.apk
12-24 07:41:51.565  4554 19860 D GameManagerService: identifyGamePackage. rw.flipper, mCurrentUserId: 0, callerUserId: 0
12-24 07:41:51.565  4554 19860 D PkgDataHelper: getGamePkgData(). rw.flipper
12-24 07:41:52.275  1231  2005 D ProfileInstaller: Skipping profile installation for rw.flipper
12-24 07:41:58.507  4554  8070 V WindowManager: Relayout Window{32c7e7c u0 rw.flipper/rw.flipper.MainActivity}: viewVisibility=0 req=1080x2340
12-24 07:41:58.520  4554  8070 I SurfaceControl: release : mNativeObject = 516515529280 - Surface(name=rw.flipper/rw.flipper.MainActivity$_1231)/@0xd8a7e42 / android.view.SurfaceControl.writeToParcel:1140 android.view.IWindowSession$Stub.onTransact:925 com.android.server.wm.Session.onTransact:145 android.os.Binder.execTransactInternal:1190 
12-24 07:41:58.522  1231  1231 I SurfaceControl: release : mNativeObject = 516271291328 - Surface(name=rw.flipper/rw.flipper.MainActivity$_1231)/@0x506fcd2 / android.view.SurfaceControl.assignNativeObject:571 android.view.SurfaceControl.readFromParcel:1119 android.view.IWindowSession$Stub$Proxy.relayout:1814 android.view.ViewRootImpl.relayoutWindow:9018 
12-24 07:41:58.525  1231  1231 I ViewRootImpl@f0414d6[MainActivity]: updateBoundsLayer: shouldReparent = false t = android.view.SurfaceControl$Transaction@33764a sc = Surface(name=Bounds for - rw.flipper/rw.flipper.MainActivity@0)/@0xb3019bb frame = 2
12-24 07:42:50.065  1231  1852 W System.err: java.lang.ClassNotFoundException: Didn't find class "org/rustls/platformverifier/CertificateVerifier" on path: DexPathList[[zip file "/data/app/~~kHRBzL1fyWfkAvjgNetcoA==/rw.flipper-5wtIxyn07K3Gxdzl22399g==/base.apk", zip file "/data/app/~~kHRBzL1fyWfkAvjgNetcoA==/rw.flipper-5wtIxyn07K3Gxdzl22399g==/split_config.arm64_v8a.apk", zip file "/data/app/~~kHRBzL1fyWfkAvjgNetcoA==/rw.flipper-5wtIxyn07K3Gxdzl22399g==/split_config.en.apk", zip file "/data/app/~~kHRBzL1fyWfkAvjgNetcoA==/rw.flipper-5wtIxyn07K3Gxdzl22399g==/split_config.fr.apk", zip file "/data/app/~~kHRBzL1fyWfkAvjgNetcoA==/rw.flipper-5wtIxyn07K3Gxdzl22399g==/split_config.xxhdpi.apk"],nativeLibraryDirectories=[/data/app/~~kHRBzL1fyWfkAvjgNetcoA==/rw.flipper-5wtIxyn07K3Gxdzl22399g==/lib/arm64, /data/app/~~kHRBzL1fyWfkAvjgNetcoA==/rw.flipper-5wtIxyn07K3Gxdzl22399g==/base.apk!/lib/arm64-v8a, /data/app/~~kHRBzL1fyWfkAvjgNetcoA==/rw.flipper-5wtIxyn07K3Gxdzl22399g==/split_config.arm64_v8a.apk!/lib/arm64-v8a, /data/app/~~kHRBzL1fyWfkAvjgNetcoA==/rw.flipper-5wtIxyn07K3Gxdzl22399g==/split_config.en.apk!/lib/arm64-v8a, /data/app/~~kHRBzL1fyWfkAvjgNetcoA==/rw.flipper-5wtIxyn07K3Gxdzl22399g==/split_config.fr.apk!/lib/arm64-v8a, /data/app/~~kHRBzL1fyWfkAvjgNetcoA==/rw.flipper-5wtIxyn07K3Gxdzl22399g==/split_config.xxhdpi.apk!/lib/arm64-v8a, /system/lib64]]
12-24 07:42:50.065  1231  1852 W System.err: 	Suppressed: java.io.IOException: No original dex files found for dex location (arm64) /data/app/~~kHRBzL1fyWfkAvjgNetcoA==/rw.flipper-5wtIxyn07K3Gxdzl22399g==/split_config.arm64_v8a.apk
12-24 07:42:50.067  1231  1852 W System.err: 	Suppressed: java.io.IOException: No original dex files found for dex location (arm64) /data/app/~~kHRBzL1fyWfkAvjgNetcoA==/rw.flipper-5wtIxyn07K3Gxdzl22399g==/split_config.en.apk
12-24 07:42:50.069  1231  1852 W System.err: 	Suppressed: java.io.IOException: No original dex files found for dex location (arm64) /data/app/~~kHRBzL1fyWfkAvjgNetcoA==/rw.flipper-5wtIxyn07K3Gxdzl22399g==/split_config.fr.apk
12-24 07:42:50.073  1231  1852 W System.err: 	Suppressed: java.io.IOException: No original dex files found for dex location (arm64) /data/app/~~kHRBzL1fyWfkAvjgNetcoA==/rw.flipper-5wtIxyn07K3Gxdzl22399g==/split_config.xxhdpi.apk
12-24 07:43:21.910  4230  4230 D SurfaceFlinger:      DEVICE | 0x7846036680 | 0002 | RGBA_8888    |    0.0    0.0 1080.0 2340.0 |    0    0 1080 2340 | SurfaceView - rw.flipper/rw.flipper.MainActivity@23bf770@0#0
12-24 07:43:21.910  4230  4230 D SurfaceFlinger:      DEVICE | 0x78c7a38e80 | 0000 | RGBA_8888    |    0.0    0.0 1080.0 2340.0 |    0    0 1080 2340 | rw.flipper/rw.flipper.MainActivity$_1231#0
12-24 07:43:24.615  4230  4230 D SurfaceFlinger:      DEVICE | 0x7846036680 | 0002 | RGBA_8888    |    0.0    0.0 1080.0 2340.0 |    0    0 1080 2340 | SurfaceView - rw.flipper/rw.flipper.MainActivity@23bf770@0#0
12-24 07:43:24.615  4230  4230 D SurfaceFlinger:      DEVICE | 0x78c7a38e80 | 0000 | RGBA_8888    |    0.0    0.0 1080.0 2340.0 |    0    0 1080 2340 | rw.flipper/rw.flipper.MainActivity$_1231#0
12-24 07:43:49.931  1231  1855 W System.err: java.lang.ClassNotFoundException: Didn't find class "org/rustls/platformverifier/CertificateVerifier" on path: DexPathList[[zip file "/data/app/~~kHRBzL1fyWfkAvjgNetcoA==/rw.flipper-5wtIxyn07K3Gxdzl22399g==/base.apk", zip file "/data/app/~~kHRBzL1fyWfkAvjgNetcoA==/rw.flipper-5wtIxyn07K3Gxdzl22399g==/split_config.arm64_v8a.apk", zip file "/data/app/~~kHRBzL1fyWfkAvjgNetcoA==/rw.flipper-5wtIxyn07K3Gxdzl22399g==/split_config.en.apk", zip file "/data/app/~~kHRBzL1fyWfkAvjgNetcoA==/rw.flipper-5wtIxyn07K3Gxdzl22399g==/split_config.fr.apk", zip file "/data/app/~~kHRBzL1fyWfkAvjgNetcoA==/rw.flipper-5wtIxyn07K3Gxdzl22399g==/split_config.xxhdpi.apk"],nativeLibraryDirectories=[/data/app/~~kHRBzL1fyWfkAvjgNetcoA==/rw.flipper-5wtIxyn07K3Gxdzl22399g==/lib/arm64, /data/app/~~kHRBzL1fyWfkAvjgNetcoA==/rw.flipper-5wtIxyn07K3Gxdzl22399g==/base.apk!/lib/arm64-v8a, /data/app/~~kHRBzL1fyWfkAvjgNetcoA==/rw.flipper-5wtIxyn07K3Gxdzl22399g==/split_config.arm64_v8a.apk!/lib/arm64-v8a, /data/app/~~kHRBzL1fyWfkAvjgNetcoA==/rw.flipper-5wtIxyn07K3Gxdzl22399g==/split_config.en.apk!/lib/arm64-v8a, /data/app/~~kHRBzL1fyWfkAvjgNetcoA==/rw.flipper-5wtIxyn07K3Gxdzl22399g==/split_config.fr.apk!/lib/arm64-v8a, /data/app/~~kHRBzL1fyWfkAvjgNetcoA==/rw.flipper-5wtIxyn07K3Gxdzl22399g==/split_config.xxhdpi.apk!/lib/arm64-v8a, /system/lib64]]
12-24 07:43:49.933  1231  1855 W System.err: 	Suppressed: java.io.IOException: No original dex files found for dex location (arm64) /data/app/~~kHRBzL1fyWfkAvjgNetcoA==/rw.flipper-5wtIxyn07K3Gxdzl22399g==/split_config.arm64_v8a.apk
12-24 07:43:49.934  1231  1855 W System.err: 	Suppressed: java.io.IOException: No original dex files found for dex location (arm64) /data/app/~~kHRBzL1fyWfkAvjgNetcoA==/rw.flipper-5wtIxyn07K3Gxdzl22399g==/split_config.en.apk
12-24 07:43:49.936  1231  1855 W System.err: 	Suppressed: java.io.IOException: No original dex files found for dex location (arm64) /data/app/~~kHRBzL1fyWfkAvjgNetcoA==/rw.flipper-5wtIxyn07K3Gxdzl22399g==/split_config.fr.apk
12-24 07:43:49.937  1231  1855 W System.err: 	Suppressed: java.io.IOException: No original dex files found for dex location (arm64) /data/app/~~kHRBzL1fyWfkAvjgNetcoA==/rw.flipper-5wtIxyn07K3Gxdzl22399g==/split_config.xxhdpi.apk
12-24 07:44:50.053  1231  1852 W System.err: java.lang.ClassNotFoundException: Didn't find class "org/rustls/platformverifier/CertificateVerifier" on path: DexPathList[[zip file "/data/app/~~kHRBzL1fyWfkAvjgNetcoA==/rw.flipper-5wtIxyn07K3Gxdzl22399g==/base.apk", zip file "/data/app/~~kHRBzL1fyWfkAvjgNetcoA==/rw.flipper-5wtIxyn07K3Gxdzl22399g==/split_config.arm64_v8a.apk", zip file "/data/app/~~kHRBzL1fyWfkAvjgNetcoA==/rw.flipper-5wtIxyn07K3Gxdzl22399g==/split_config.en.apk", zip file "/data/app/~~kHRBzL1fyWfkAvjgNetcoA==/rw.flipper-5wtIxyn07K3Gxdzl22399g==/split_config.fr.apk", zip file "/data/app/~~kHRBzL1fyWfkAvjgNetcoA==/rw.flipper-5wtIxyn07K3Gxdzl22399g==/split_config.xxhdpi.apk"],nativeLibraryDirectories=[/data/app/~~kHRBzL1fyWfkAvjgNetcoA==/rw.flipper-5wtIxyn07K3Gxdzl22399g==/lib/arm64, /data/app/~~kHRBzL1fyWfkAvjgNetcoA==/rw.flipper-5wtIxyn07K3Gxdzl22399g==/base.apk!/lib/arm64-v8a, /data/app/~~kHRBzL1fyWfkAvjgNetcoA==/rw.flipper-5wtIxyn07K3Gxdzl22399g==/split_config.arm64_v8a.apk!/lib/arm64-v8a, /data/app/~~kHRBzL1fyWfkAvjgNetcoA==/rw.flipper-5wtIxyn07K3Gxdzl22399g==/split_config.en.apk!/lib/arm64-v8a, /data/app/~~kHRBzL1fyWfkAvjgNetcoA==/rw.flipper-5wtIxyn07K3Gxdzl22399g==/split_config.fr.apk!/lib/arm64-v8a, /data/app/~~kHRBzL1fyWfkAvjgNetcoA==/rw.flipper-5wtIxyn07K3Gxdzl22399g==/split_config.xxhdpi.apk!/lib/arm64-v8a, /system/lib64]]
12-24 07:44:50.054  1231  1852 W System.err: 	Suppressed: java.io.IOException: No original dex files found for dex location (arm64) /data/app/~~kHRBzL1fyWfkAvjgNetcoA==/rw.flipper-5wtIxyn07K3Gxdzl22399g==/split_config.arm64_v8a.apk
12-24 07:44:50.056  1231  1852 W System.err: 	Suppressed: java.io.IOException: No original dex files found for dex location (arm64) /data/app/~~kHRBzL1fyWfkAvjgNetcoA==/rw.flipper-5wtIxyn07K3Gxdzl22399g==/split_config.en.apk
12-24 07:44:50.058  1231  1852 W System.err: 	Suppressed: java.io.IOException: No original dex files found for dex location (arm64) /data/app/~~kHRBzL1fyWfkAvjgNetcoA==/rw.flipper-5wtIxyn07K3Gxdzl22399g==/split_config.fr.apk
12-24 07:44:50.060  1231  1852 W System.err: 	Suppressed: java.io.IOException: No original dex files found for dex location (arm64) /data/app/~~kHRBzL1fyWfkAvjgNetcoA==/rw.flipper-5wtIxyn07K3Gxdzl22399g==/split_config.xxhdpi.apk
12-24 07:45:40.927  4554  7514 I PackageManager: pkg{rw.flipper}, user{0}, caller{2000} flags{2}
12-24 07:45:40.952  4554  4591 I ActivityManager: Force stopping rw.flipper appid=10869 user=-1: deletePackageX
12-24 07:45:40.954  4554  4591 I ActivityManager: Killing 1231:rw.flipper/u0a869 (adj 0): stop rw.flipper due to deletePackageX
12-24 07:45:40.973  4554  4591 D ActivityManager: proc ProcessRecord{8c55b8 1231:rw.flipper/u0a869} already removed. so we skip next process.
12-24 07:45:40.976  4554  4591 W ActivityTaskManager: Force removing ActivityRecord{be59fa3 u0 rw.flipper/.MainActivity t6268 f}}: app died, no saved state
12-24 07:45:41.007  4554  4591 I ActivityTaskManager: Removing activity ActivityRecord{be59fa3 u0 rw.flipper/.MainActivity t6268 f}}(appDied)  from stack callers=com.android.server.wm.ActivityStack$RemoveHistoryRecordsForApp.processActivity:565 com.android.server.wm.ActivityStack$RemoveHistoryRecordsForApp.process:480 com.android.server.wm.ActivityStack.handleAppDied:3395 com.android.server.wm.RootWindowContainer.handleAppDied:3664 com.android.server.wm.ActivityTaskManagerService$LocalService.handleAppDied:8269 
12-24 07:45:41.059  4554  4591 V WindowManager: Changing focus from Window{32c7e7c u0 rw.flipper/rw.flipper.MainActivity} to null displayId=0 Callers=com.android.server.wm.RootWindowContainer.updateFocusedWindowLocked:567 com.android.server.wm.WindowManagerService.updateFocusedWindowLocked:6302 com.android.server.wm.ActivityRecord.commitVisibility:4988 com.android.server.wm.ActivityRecord.onRemovedFromDisplay:3813 
12-24 07:45:41.106  4554  4591 D SurfaceControl: hide : mNativeObject = 516509106720 - sc.mNativeObject = 516516100896 - Surface(name=ActivityRecord{be59fa3 u0 rw.flipper/.MainActivity t6268})/@0x430ba1e
12-24 07:45:41.107  4554  4591 D SurfaceControl: nativeSetFlags Done : Surface(name=ActivityRecord{be59fa3 u0 rw.flipper/.MainActivity t6268})/@0x430ba1e
12-24 07:45:41.110  4554  4591 D SurfaceControl: hide : mNativeObject = 516395981184 - sc.mNativeObject = 518729615712 - Surface(name=rw.flipper/rw.flipper.MainActivity$_1231)/@0x50269b8
12-24 07:45:41.110  4554  4591 D SurfaceControl: nativeSetFlags Done : Surface(name=rw.flipper/rw.flipper.MainActivity$_1231)/@0x50269b8
12-24 07:45:41.111  4554  4698 W InputDispatcher: channel '32c7e7c rw.flipper/rw.flipper.MainActivity (server)' ~ Consumer closed input channel or an error occurred.  events=0x9, fd=679
12-24 07:45:41.111  4554  4698 E InputDispatcher: channel '32c7e7c rw.flipper/rw.flipper.MainActivity (server)' ~ Channel is unrecoverably broken and will be disposed!
12-24 07:45:41.113  4308 20515 E installd: Couldn't opendir /data/user/11/rw.flipper: No such file or directory
12-24 07:45:41.114  4308 20515 E installd: Failed to delete /data/user/11/rw.flipper: No such file or directory
12-24 07:45:41.114  4308 20515 E installd: Couldn't opendir /data/user_de/11/rw.flipper: No such file or directory
12-24 07:45:41.114  4308 20515 E installd: Failed to delete /data/user_de/11/rw.flipper: No such file or directory
12-24 07:45:41.122  4554  4628 W PackageManager: com.android.server.pm.Installer$InstallerException: android.os.ServiceSpecificException: Failed to delete /data/user_de/11/rw.flipper (code 2)
12-24 07:45:41.125  4554  7096 D ConnectivityService: ConnectivityService NetworkRequestInfo binderDied(NetworkRequest [ TRACK_DEFAULT id=4992, [ Capabilities: INTERNET&NOT_RESTRICTED&TRUSTED Uid: 10869 AdministratorUids: [] RequestorUid: 10869 RequestorPackageName: rw.flipper] ], android.os.BinderProxy@a8d4391)
12-24 07:45:41.126  4554  4567 D ConnectivityService: ConnectivityService NetworkRequestInfo binderDied(NetworkRequest [ TRACK_DEFAULT id=4991, [ Capabilities: INTERNET&NOT_RESTRICTED&TRUSTED Uid: 10869 AdministratorUids: [] RequestorUid: 10869 RequestorPackageName: rw.flipper] ], android.os.BinderProxy@be222f6)
12-24 07:45:41.126  4554  4732 D ConnectivityService: releasing NetworkRequest [ TRACK_DEFAULT id=4992, [ Capabilities: INTERNET&NOT_RESTRICTED&TRUSTED Uid: 10869 AdministratorUids: [] RequestorUid: 10869 RequestorPackageName: rw.flipper] ] (release request)
12-24 07:45:41.128  4554  4732 D ConnectivityService: releasing NetworkRequest [ TRACK_DEFAULT id=4991, [ Capabilities: INTERNET&NOT_RESTRICTED&TRUSTED Uid: 10869 AdministratorUids: [] RequestorUid: 10869 RequestorPackageName: rw.flipper] ] (release request)
12-24 07:45:41.129  4230  4845 I SurfaceFlinger: id=3746 Removed Bounds for - rw.flipper/rw.flipper.MainActivity@0#0 (84)
12-24 07:45:41.129  4230  4845 I SurfaceFlinger: id=3747 Removed SurfaceView - rw.flipper/rw.flipper.MainActivity@23bf770@0#0 (84)
12-24 07:45:41.129  4230  4845 I SurfaceFlinger: id=3748 Removed Background for -SurfaceView - rw.flipper/rw.flipper.MainActivity@23bf770@0#0 (84)
12-24 07:45:41.149  4554  4591 V WindowManager: Setting visibility of Window{32c7e7c u0 rw.flipper/rw.flipper.MainActivity}: false, caller=com.android.server.wm.WindowContainer.sendAppVisibilityToClients:1004 com.android.server.wm.ActivityRecord.setClientVisible:6391 com.android.server.wm.ActivityRecord.onAnimationFinished:7143 com.android.server.wm.ActivityRecord.postApplyAnimation:5013 com.android.server.wm.ActivityRecord.commitVisibility:4995 
12-24 07:45:41.163  4554  4591 W InputDispatcher: Attempted to unregister already unregistered input channel '32c7e7c rw.flipper/rw.flipper.MainActivity (server)'
12-24 07:45:41.168  4554  4591 I SurfaceControl: release : mNativeObject = 518728871840 - Surface(name=32c7e7c rw.flipper/rw.flipper.MainActivity)/@0x63406f7 / android.view.SurfaceControl$Transaction.remove:3475 com.android.server.wm.WindowContainer.removeImmediately:649 com.android.server.wm.WindowState.removeImmediately:2632 com.android.server.wm.WindowState.removeIfPossible:2861 
12-24 07:45:41.183  4554  4591 I WindowManager: Destroying surface Surface(name=rw.flipper/rw.flipper.MainActivity$_1231)/@0x50269b8 called by com.android.server.wm.WindowStateAnimator.destroySurface:1794 com.android.server.wm.WindowStateAnimator.destroySurfaceLocked:765 com.android.server.wm.WindowState.removeImmediately:2696 com.android.server.wm.WindowState.removeIfPossible:2861 com.android.server.wm.WindowState.removeIfPossible:2719 com.android.server.wm.WindowToken.removeAllWindowsIfPossible:306 com.android.server.wm.ActivityRecord.removeIfPossible:3793 com.android.server.wm.ActivityRecord.onRemovedFromDisplay:3867 
12-24 07:45:41.183  4554  4591 I SurfaceControl: release : mNativeObject = 518729615712 - Surface(name=rw.flipper/rw.flipper.MainActivity$_1231)/@0x50269b8 / android.view.SurfaceControl$Transaction.remove:3475 com.android.server.wm.WindowSurfaceController.destroyNotInTransaction:225 com.android.server.wm.WindowStateAnimator.destroySurface:1794 com.android.server.wm.WindowStateAnimator.destroySurfaceLocked:765 
12-24 07:45:41.184  4230  4845 I Layer   : id=3743 removeFromCurrentState rw.flipper/rw.flipper.MainActivity$_1231#0 (85)
12-24 07:45:41.184  4230  4845 I Layer   : id=3746 removeFromCurrentState Bounds for - rw.flipper/rw.flipper.MainActivity@0#0 (85)
12-24 07:45:41.184  4230  4845 I Layer   : id=3747 removeFromCurrentState SurfaceView - rw.flipper/rw.flipper.MainActivity@23bf770@0#0 (85)
12-24 07:45:41.184  4230  4845 I Layer   : id=3748 removeFromCurrentState Background for -SurfaceView - rw.flipper/rw.flipper.MainActivity@23bf770@0#0 (85)
12-24 07:45:41.184  4230  4845 I SurfaceFlinger: id=3743 Removed rw.flipper/rw.flipper.MainActivity$_1231#0 (85)
12-24 07:45:41.188  4230  4845 I Layer   : id=3742 removeFromCurrentState 32c7e7c rw.flipper/rw.flipper.MainActivity#0 (85)
12-24 07:45:41.188  4230  4845 I SurfaceFlinger: id=3742 Removed 32c7e7c rw.flipper/rw.flipper.MainActivity#0 (85)
12-24 07:45:41.191  4554  4591 I SurfaceControl: release : mNativeObject = 516516100896 - Surface(name=ActivityRecord{be59fa3 u0 rw.flipper/.MainActivity t6268})/@0x430ba1e / android.view.SurfaceControl$Transaction.remove:3475 com.android.server.wm.WindowContainer.removeImmediately:649 com.android.server.wm.WindowToken.removeImmediately:428 com.android.server.wm.ActivityRecord.removeImmediately:3787 
12-24 07:45:41.200  4230  4230 I Layer   : id=3742[1] Destroyed 32c7e7c rw.flipper/rw.flipper.MainActivity#0
12-24 07:45:41.203  4230  4230 I Layer   : id=3743[1] Destroyed rw.flipper/rw.flipper.MainActivity$_1231#0
12-24 07:45:41.203  4230  4230 I Layer   : id=3746[1] Destroyed Bounds for - rw.flipper/rw.flipper.MainActivity@0#0
12-24 07:45:41.203  4230  4230 I Layer   : id=3747[1] Destroyed SurfaceView - rw.flipper/rw.flipper.MainActivity@23bf770@0#0
12-24 07:45:41.203  4230  4230 I Layer   : id=3748[1] Destroyed Background for -SurfaceView - rw.flipper/rw.flipper.MainActivity@23bf770@0#0
12-24 07:45:41.203  4554  4628 I PackageManager: Removing permission rw.flipper.DYNAMIC_RECEIVER_NOT_EXPORTED_PERMISSION that used to be declared by rw.flipper
12-24 07:45:41.218  4554  4628 W PackageManager: Removing dangling permission: rw.flipper.DYNAMIC_RECEIVER_NOT_EXPORTED_PERMISSION from package rw.flipper
12-24 07:45:42.352  4230  4845 I Layer   : id=3732 removeFromCurrentState ActivityRecord{be59fa3 u0 rw.flipper/.MainActivity t6268}#0 (79)
12-24 07:45:42.354  4230  4845 I SurfaceFlinger: id=3732 Removed ActivityRecord{be59fa3 u0 rw.flipper/.MainActivity t6268}#0 (79)
12-24 07:45:42.369  4230  4230 I Layer   : id=3732[1] Destroyed ActivityRecord{be59fa3 u0 rw.flipper/.MainActivity t6268}#0
12-24 07:45:42.726  4554  4791 D PkgPredictorService: previous pkgs: com.android.vending,rw.flipper,com.android.vending running pkg: com.android.vending, uid: 0 is system: true
12-24 07:45:42.727  4554  4791 D PkgPredictorService-Collector:  (hour:7 day:4 previous:[com.android.vending, rw.flipper, com.android.vending] activityName:unknown running:com.android.vending userId:0 screenOrientation:0 wifi:1 bt:0 predictTime:2 apkVersion:49.2.47-29 [0] [PR] 845525049 consumeTime:-1 preloaded:false>)
12-24 07:45:42.737  4554  4791 D PkgPredictorService-NapClassifier: Predict result: 141.0,104.0,-1.0, - [0_&_rw.flipper, 0_&_org.jw.jwlibrary.mobile]
12-24 07:45:43.646  4554  4628 D AASA_PackageManager_RESTRICTED: Uninstall : userId = 0, info.removedAppID = 10869, info.uid = 10869, packageName = rw.flipper
12-24 07:45:43.652  4554  4628 I ActivityManager: Force stopping rw.flipper appid=10869 user=0: pkg removed
12-24 07:45:45.757  4554  4791 I PkgPredictorService-NapPreloadController: user: 0 pkg:rw.flipper is blocked, could not preload  as ml
12-24 07:45:45.910  7259  7259 I MediaProvider: Invalidating LocalCallingIdentity cache for package rw.flipper. Reason: package android.intent.action.PACKAGE_REMOVED
12-24 07:45:45.920  5314  5314 D RegisteredServicesCache: rw.flipper is not related HCE package
12-24 07:45:45.956  4904  4904 D TileServices: mUninstallReceiver onReceive = Intent { act=android.intent.action.PACKAGE_REMOVED dat=package:rw.flipper flg=0x4000010 (has extras) }
12-24 07:45:45.960  4904  4904 D ShortcutManager: onReceive : Intent.EXTRA_REPLACING false,rw.flipper
12-24 07:45:45.975  4554  4705 V StorageManagerService: Package rw.flipper does not have legacy storage
12-24 07:45:45.977  4554  4582 E PackageManager: failed to find package rw.flipper
12-24 07:45:45.978  4554  4582 E OverlayManager: Failed to change enabled overlays for rw.flipper user 0
12-24 07:45:45.981  4904  4904 D FaceWidgetMusicViewModel: onPackageRemoved() pkg = rw.flipper, r = false
12-24 07:45:45.984  5978  6057 I PackageInfoManager_FLP: action : ACTION_PACKAGE_REMOVED, packageName = rw.flipper
12-24 07:45:45.993  4554  4591 W BroadcastQueue: Background execution not allowed: receiving Intent { act=android.intent.action.PACKAGE_REMOVED dat=package:rw.flipper flg=0x4000010 (has extras) } to com.android.vending/com.google.android.finsky.packagemonitor.impl.PackageMonitorReceiverImpl$RegisteredReceiver
12-24 07:45:45.993  4554  4591 W BroadcastQueue: Background execution not allowed: receiving Intent { act=android.intent.action.PACKAGE_REMOVED dat=package:rw.flipper flg=0x4000010 (has extras) } to com.android.vending/com.google.android.finsky.packagemonitor.backgroundimpl.BackgroundPackageMonitorReceiverImpl$RegisteredReceiver
12-24 07:45:45.993  4554  4591 W BroadcastQueue: Background execution not allowed: receiving Intent { act=android.intent.action.PACKAGE_REMOVED dat=package:rw.flipper flg=0x4000010 (has extras) } to com.android.vending/com.google.android.finsky.instantapps.appmanagement.InstantAppRemoveMonitor
12-24 07:45:46.053  3859  5300 I Finsky  : [35396] Asset module storage cleared for package rw.flipper.
12-24 07:45:46.060  4554  4591 W BroadcastQueue: Background execution not allowed: receiving Intent { act=android.intent.action.PACKAGE_REMOVED dat=package:rw.flipper flg=0x4000010 (has extras) } to com.facebook.services/com.facebook.oxygen.services.fbns.RegisteredMqttSystemBroadcastReceiver
12-24 07:45:46.070  4554  4591 W BroadcastQueue: Background execution not allowed: receiving Intent { act=android.intent.action.PACKAGE_REMOVED dat=package:rw.flipper flg=0x4000010 (has extras) } to com.google.android.apps.maps/com.google.android.libraries.social.peoplekit.thirdparty.viewcontrollers.ThirdPartyReceiver
12-24 07:45:46.070  4554  4591 W BroadcastQueue: Background execution not allowed: receiving Intent { act=android.intent.action.PACKAGE_REMOVED dat=package:rw.flipper flg=0x4000010 (has extras) } to com.google.android.gms/.chimera.GmsIntentOperationService$PersistentTrustedReceiver
12-24 07:45:46.071  4554  4591 W BroadcastQueue: Background execution not allowed: receiving Intent { act=android.intent.action.PACKAGE_REMOVED dat=package:rw.flipper flg=0x4000010 (has extras) } to com.microsoft.office.officehubhl/com.microsoft.office.asyncdatapointreporting.InstallBroadcastReceiver
12-24 07:45:46.094  4554  4554 D SamsungAlarmManager: Remove alarm for next reason : android.intent.action.PACKAGE_REMOVED / pkg:rw.flipper
12-24 07:45:46.106  4554  4591 W BroadcastQueue: Background execution not allowed: receiving Intent { act=android.intent.action.PACKAGE_REMOVED dat=package:rw.flipper flg=0x4000010 (has extras) } to com.samsung.android.app.taskedge/.edgepanel.TaskEdgePanelProvider
12-24 07:45:46.107  4554  4591 W BroadcastQueue: Background execution not allowed: receiving Intent { act=android.intent.action.PACKAGE_REMOVED dat=package:rw.flipper flg=0x4000010 (has extras) } to com.samsung.cmh/.core.ClearDataReceiver
12-24 07:45:46.108  4554  4591 W BroadcastQueue: Background execution not allowed: receiving Intent { act=android.intent.action.PACKAGE_REMOVED dat=package:rw.flipper flg=0x4000010 (has extras) } to com.sec.android.app.samsungapps/com.samsung.android.iap.receiver.IapReceiver
12-24 07:45:46.108  4554  4591 W BroadcastQueue: Background execution not allowed: receiving Intent { act=android.intent.action.PACKAGE_REMOVED dat=package:rw.flipper flg=0x4000010 (has extras) } to com.sec.android.widgetapp.samsungapps/.PackageChangeReceiver
12-24 07:45:46.110  4554  4591 W BroadcastQueue: Background execution not allowed: receiving Intent { act=android.intent.action.PACKAGE_REMOVED dat=package:rw.flipper flg=0x4000010 (has extras) } to com.sec.imsservice/com.sec.internal.ims.imsservice.ImsIntentReceiver
12-24 07:45:46.115  4904  4904 D FaceWidgetMetadataParser: removePackage() key = rw.flipper
12-24 07:45:46.117  1503  1503 I Finsky:background: [2] Package no longer installed: rw.flipper
12-24 07:45:46.144  3859  3859 I Finsky  : [2] AIM: AppInfoCacheUpdater -> invalidating apps: [rw.flipper]
12-24 07:45:46.163  3859  4541 I Finsky  : [35201] AIM: AppInfoManager-Perf > OnDeviceAppInfo > cacheHitCount=0, cacheMissCount=1. Missed  in cache (limit 10) : [rw.flipper]
12-24 07:45:46.180  4554  4554 D AS.AudioService: rw.flipper(10869) is removed
12-24 07:45:46.191  4554  4591 W BroadcastQueue: Background execution not allowed: receiving Intent { act=android.intent.action.PACKAGE_REMOVED dat=package:rw.flipper flg=0x4000010 (has extras) } to com.google.android.apps.photos/com.google.android.libraries.social.peoplekit.thirdparty.viewcontrollers.ThirdPartyReceiver
12-24 07:45:46.198  4554  4628 I ActivityManager: Force stopping rw.flipper appid=10869 user=0: pkg removed
12-24 07:45:46.198  1503  1503 I Finsky:background: [2] IQ: onPackageRemoved rw.flipper, replacing=false, uninstallingFromPlay=false
12-24 07:45:46.217  1503  1503 I Finsky:background: [2] Package no longer installed: rw.flipper
12-24 07:45:46.232  3859  4541 W ziparchive: Unable to open '/data/app/~~kHRBzL1fyWfkAvjgNetcoA==/rw.flipper-5wtIxyn07K3Gxdzl22399g==/base.apk': No such file or directory
12-24 07:45:46.233  3859  4541 E android.vendin: Failed to open APK '/data/app/~~kHRBzL1fyWfkAvjgNetcoA==/rw.flipper-5wtIxyn07K3Gxdzl22399g==/base.apk' I/O error
12-24 07:45:46.233  3859  4541 E ResourcesManager: failed to add asset path /data/app/~~kHRBzL1fyWfkAvjgNetcoA==/rw.flipper-5wtIxyn07K3Gxdzl22399g==/base.apk
12-24 07:45:46.233  3859  4541 W PackageManager: Failure retrieving resources for rw.flipper
12-24 07:45:46.251  4554  4591 W BroadcastQueue: Background execution not allowed: receiving Intent { act=android.intent.action.PACKAGE_REMOVED dat=package:rw.flipper flg=0x4000010 (has extras) } to com.google.android.videos/com.google.android.libraries.social.peoplekit.thirdparty.viewcontrollers.ThirdPartyReceiver
12-24 07:45:46.264  4554  4554 D SemGameManager: isGamePackage(), pkgName=rw.flipper
12-24 07:45:46.266  4554  4554 D GameManagerService: identifyGamePackage. rw.flipper, mCurrentUserId: 0, callerUserId: 0
12-24 07:45:46.266  4554  4554 D PkgDataHelper: getGamePkgData(). rw.flipper
12-24 07:45:46.267  3859  4541 I Finsky  : [35201] AIM: AppInfoManager-Perf > ItemModel > CacheSize=110, cacheHitCount=0, cacheMissCount=1, total appsWithNoServerDataCount=7. Missed  in cache (limit 10) : [rw.flipper]
12-24 07:45:46.273  4554  4591 W BroadcastQueue: Background execution not allowed: receiving Intent { act=android.intent.action.PACKAGE_REMOVED dat=package:rw.flipper flg=0x4000010 (has extras) } to com.microsoft.windowsintune.companyportal/com.microsoft.omadm.apppolicy.AppUninstallationReceiver
12-24 07:45:46.278  3859  3859 W Finsky  : [2] STU: Failed to get storage stats for package 'rw.flipper' (1601: Error getting stats: android.content.pm.PackageManager.NameNotFoundException)
12-24 07:45:46.284  4554  4791 D PkgPredictorService-MultiUserPkgManager: user=0  uid=10869 onPackageStatusChange rw.flipper action=android.intent.action.PACKAGE_REMOVED
12-24 07:45:46.284  4554  4554 D SdpManagerService.receiver: On android.intent.action.PACKAGE_REMOVED : DATA = package:rw.flipper, UID = 10869, UserId = 0, Is replacing? false
12-24 07:45:46.287  4554  4554 D SdpManagerService.receiver: ACTION_PACKAGE_REMOVED packageName:: rw.flipper
12-24 07:45:46.290  4554  4628 I ActivityManager: Force stopping rw.flipper appid=10869 user=0: pkg removed
12-24 07:45:46.304  4866  4866 I VvmPkgInstalledRcvr: onReceive() : action android.intent.action.PACKAGE_REMOVED packageName :rw.flipper
12-24 07:45:46.312  4554  4554 I DomainFilter: onReceive() - Intent { act=android.intent.action.PACKAGE_REMOVED dat=package:rw.flipper flg=0x4000010 (has extras) }
12-24 07:45:46.317  4554  4554 I DomainFilter: packageRemoved() - packageName: rw.flipper uid: 0
12-24 07:45:46.325  1503  5403 I Finsky:background: [39463] IQ: Canceling installs. packages=[rw.flipper] from surface=35
12-24 07:45:46.340  4554  4799 D SdpManagerService: handlePackageRemoved - PackageName : rw.flipper, UserId : 0
12-24 07:45:46.366  1503  1503 I Finsky:background: [2] Package no longer installed: rw.flipper
12-24 07:45:46.408  4554  4554 W WifiService: Couldn't get PackageInfo for package:rw.flipper
12-24 07:45:46.414  4554  4554 D WifiService: Remove settings for package:rw.flipper
12-24 07:45:46.429  4554  4727 D WifiConfigManager: Remove all networks for app ApplicationInfo{2992d47 rw.flipper}
12-24 07:45:46.469  4554  4628 I ActivityManager: Force stopping rw.flipper appid=10869 user=0: pkg removed
12-24 07:45:46.485  1997  5443 E PhSharedDirectoryWriter: Failed to delete the DE shared dir for Android package: rw.flipper. [CONTEXT service_id=51 ]
12-24 07:45:46.523  4554  4727 I PasspointManager: No app ops listener found for rw.flipper
12-24 07:45:46.525  4554  4658 I RollbackManager: broadcast=ACTION_PACKAGE_FULLY_REMOVED pkg=rw.flipper
12-24 07:45:46.628  1503  1537 I Finsky:background: [39419] ahfn - recording uninstall for rw.flipper on [3W-dg225tlS-pU608JdserkceD_3gQpfB4lY6FBJOYI]
12-24 07:45:46.686  1503  1537 I Finsky:background: [39419] ahfn - recording uninstall for rw.flipper on [hGF2DROR7QvXADgCxg8z4jZPU1xPAiYN08VkkjGjrBY]
12-24 07:45:46.708  3859  4406 I Finsky  : [35190] AAM: Canceling app install. Auto-archiving is not in progress: rw.flipper
12-24 07:45:46.735  1503  1537 I Finsky:background: [39419] ahfn - recording uninstall for rw.flipper on [GzwZ1HLpk6IQu4KhOGXS3yZfJugO4ux3Ty_nT_3cZpg]
12-24 07:45:46.839  4554  4554 I ConditionProviders: Disallowing condition provider rw.flipper
12-24 07:45:46.867 32214  5486 W RWIPackageIntentOps: Registries cleared for package: rw.flipper
12-24 07:45:46.940 32214 32428 E WorkSourceUtil: Could not find package: rw.flipper
12-24 07:45:46.970 32214  4489 I Icing   : doRemovePackageData rw.flipper
12-24 07:45:47.033  1503  1503 I Finsky:background: [2] Package no longer installed: rw.flipper
12-24 07:45:47.088  4554  4554 W WifiService: Couldn't get PackageInfo for package:rw.flipper
12-24 07:45:47.088  4554  4554 D WifiService: Remove settings for package:rw.flipper
12-24 07:45:47.089  4554  4727 D WifiConfigManager: Remove all networks for app ApplicationInfo{b311dd3 rw.flipper}
12-24 07:45:47.165  4554  4727 I PasspointManager: No app ops listener found for rw.flipper
12-24 07:45:47.347  5452  5452 W SQLiteLog: (28) double-quoted string literal: "rw.flipper"
12-24 07:45:47.349  5452  5452 W SQLiteLog: (28) double-quoted string literal: "rw.flipper"
12-24 07:45:47.350  5452  5452 W SQLiteLog: (28) double-quoted string literal: "rw.flipper"
12-24 07:45:47.354  5452  5452 W SQLiteLog: (28) double-quoted string literal: "rw.flipper"
12-24 07:45:47.359  5452  5452 W SQLiteLog: (28) double-quoted string literal: "rw.flipper"
12-24 07:45:47.359  5452  5452 W SQLiteLog: (28) double-quoted string literal: "rw.flipper"
12-24 07:45:47.519 32214  5451 W SQLiteLog: (28) double-quoted string literal: "rw.flipper"
12-24 07:45:47.627 32214  5552 W FA-SVC  : Failed to get uid, app: rw.flipper
12-24 07:45:47.869  5577  5577 D EdgeLightingReceiver: com.samsung.android.app.edgelighting.PACKAGE_REMOVED rw.flipper
12-24 07:45:48.400  3859  3859 I Finsky  : [2] RTFA::IQ - Local install scheduled for package rw.flipper
12-24 07:45:48.400  3859  3859 I Finsky  : [2] Will queue rw.flipper to be downloaded over any network
12-24 07:45:48.407  3859  3859 W Finsky  : [2] No everExternallyHosted provided for rw.flipper
12-24 07:45:48.485  1503  1548 I Finsky:background: [39425] IQ: Attempting to validate incoming request. [Package:rw.flipper, isid:9KoJyvLTTDOEZgtPr_R-kA]
12-24 07:45:48.485  1503  1548 I Finsky:background: [39425] IQ::SLP: Process requests [Package:rw.flipper, isid:9KoJyvLTTDOEZgtPr_R-kA].
12-24 07:45:48.492  1503  1538 I Finsky:background: [39420] IQ::PromiseIconPreprocessor: Creating PackageInstaller Session for [Package:rw.flipper, isid:9KoJyvLTTDOEZgtPr_R-kA]
12-24 07:45:48.494  1503  1538 I Finsky:background: [39420] IQ::IHP: [Package:rw.flipper, isid:9KoJyvLTTDOEZgtPr_R-kA] is not applicable for install holdoff, modifying constraint.
12-24 07:45:48.498  1503  1538 I Finsky:background: [39420] IQ: Scheduling install request package_name=rw.flipper, pm_package_name=rw.flipper, version=1756528594, priority=2, reason=single_install, account_name=[hGF2DROR7QvXADgCxg8z4jZPU1xPAiYN08VkkjGjrBY], type=0, isid=9KoJyvLTTDOEZgtPr_R-kA, constraints=((IGNORE_HOLDOFF=true, NETWORK=ANY, PROVISIONING_STATE=PROVISIONED, BACKUP_MANAGER_STATE=BACKUP_READY, ALLOWED_DURING_ENTERPRISE_SETUP, AUTHENTICATION_REQUIRED, PROCESS_IMPORTANCE_THRESHOLD=125),), dataloader_install_data=disable_dataloader_streaming=true:IS_RETURNING_USER, install_primary_identifier=UNKNOWN_ACTION_SURFACE
12-24 07:45:48.501  1503  5403 I Finsky:background: [39463] IQSH: Checking storage for [rw.flipper]
12-24 07:45:48.522  1503  5403 I Finsky:background: [39463] ICalc: estimated size required for installing rw.flipper: 261532418 bytes
12-24 07:45:48.522  1503  5403 I Finsky:background: [39463] IQSH: total install size for package rw.flipper is 261532418 bytes. ISID=9KoJyvLTTDOEZgtPr_R-kA
12-24 07:45:48.529  1503  5403 I Finsky:background: [39463] IQSH: has sufficient storage for [rw.flipper]
12-24 07:45:48.555  1503  5403 I Finsky:background: [39463] IQ: Notifying installation update. [Package:rw.flipper, isid:9KoJyvLTTDOEZgtPr_R-kA], status=SCHEDULED, status_code=0, reason=single_install, tsc=PT0.15S, attempt=0
12-24 07:45:48.596  1503  1503 I Finsky:background: [2] PIM: Handling install package event for: rw.flipper status:  SCHEDULED, isid: 9KoJyvLTTDOEZgtPr_R-kA
12-24 07:45:48.604  1503  5663 I Finsky:background: [39468] SM: Session with Context {name=rw.flipper versionCode=1756528594} successfully created
12-24 07:45:48.624  3859  4541 I Finsky  : [35201] AIM: AppInfoManager-Perf > OnDeviceAppInfo > cacheHitCount=0, cacheMissCount=1. Missed  in cache (limit 10) : [rw.flipper]
12-24 07:45:48.655  3859  3859 W Finsky  : [2] STU: Failed to get storage stats for package 'rw.flipper' (1601: Error getting stats: android.content.pm.PackageManager.NameNotFoundException)
12-24 07:45:48.656  3859  4603 I Finsky  : [35208] AIM: AppInfoManager-Perf > ItemModel > CacheSize=109, cacheHitCount=0, cacheMissCount=1, total appsWithNoServerDataCount=7. Missed  in cache (limit 10) : [rw.flipper]
12-24 07:45:48.726  1503  1533 I Finsky:background: [39415] PIM: Loading icon for: rw.flipper
12-24 07:45:48.738  1503  1533 I Finsky:background: [39415] Waiting for bitmap for rw.flipper
12-24 07:45:48.921  4554  4590 D SettingsProvider: onPackageRemoved PackageName = rw.flipper
12-24 07:45:49.545  1503  1537 I Finsky:background: [39419] IQ: Checking expedited install constraint for rw.flipper.
12-24 07:45:49.571  1503  1538 I Finsky:background: [39420] Installer::MCS: User=UserHandle{0} requested=rw.flipper granted=true
12-24 07:45:49.572  1503  1538 I Finsky:background: [39420] IQ: proceed install request for [Package:rw.flipper, isid:9KoJyvLTTDOEZgtPr_R-kA].
12-24 07:45:49.574  1503  1538 I Finsky:background: [39420] IQ: Notifying installation update. [Package:rw.flipper, isid:9KoJyvLTTDOEZgtPr_R-kA], status=DOWNLOAD_PENDING, status_code=0, reason=single_install, tsc=PT1.169S, attempt=0
12-24 07:45:49.601  1503  1503 I Finsky:background: [2] PIM: Handling install package event for: rw.flipper status:  DOWNLOAD_PENDING, isid: 9KoJyvLTTDOEZgtPr_R-kA
12-24 07:45:49.612  1503  1537 I Finsky:background: [39419] IQ: Requesting install request=package_name=rw.flipper, pm_package_name=rw.flipper, version=1756528594, priority=2, reason=single_install, account_name=[hGF2DROR7QvXADgCxg8z4jZPU1xPAiYN08VkkjGjrBY], type=0, isid=9KoJyvLTTDOEZgtPr_R-kA, constraints=((IGNORE_HOLDOFF=true, NETWORK=ANY, PROVISIONING_STATE=PROVISIONED, BACKUP_MANAGER_STATE=BACKUP_READY, ALLOWED_DURING_ENTERPRISE_SETUP, AUTHENTICATION_REQUIRED, PROCESS_IMPORTANCE_THRESHOLD=125),), dataloader_install_data=disable_dataloader_streaming=true:IS_RETURNING_USER, install_primary_identifier=UNKNOWN_ACTION_SURFACE using installer.
12-24 07:45:49.627  1503  5675 I Finsky:background: [39471] IV2::EIU: install request for [Package:rw.flipper, isid:9KoJyvLTTDOEZgtPr_R-kA] doesn't require existing install.
12-24 07:45:49.628  1503  5675 I Finsky:background: [39471] IV2::FGCV: Foreground check passed for rw.flipper
12-24 07:45:49.638  1503  1535 I Finsky:background: [39417] IV2::DRV: install for [Package:rw.flipper, isid:9KoJyvLTTDOEZgtPr_R-kA] not tracked by installer.
12-24 07:45:49.686  1503  5663 I Finsky:background: [39468] SM: Session with Context {name=rw.flipper versionCode=1756528594} already exists, skipping creation
12-24 07:45:49.695  1503  1537 I Finsky:background: [39419] IV2::TV: allowMeteredNetwork=true for [Package=rw.flipper, isid=9KoJyvLTTDOEZgtPr_R-kA]
12-24 07:45:49.695  1503  1537 I Finsky:background: [39419] IV2::TM: Task added. rw.flipper[iid:7702] [isid:9KoJyvLTTDOEZgtPr_R-kA] [tid: 1000008260]
12-24 07:45:49.704  1503  1503 I Finsky:background: [2] Received bitmap for rw.flipper
12-24 07:45:49.704  1503  1538 I Finsky:background: [39420] PIM: Successfully retrieved bitmap for package: rw.flipper.
12-24 07:45:49.720  1503  1538 I Finsky:background: [39420] IV2::TM: Starting task: rw.flipper[iid:7702] [isid:9KoJyvLTTDOEZgtPr_R-kA] [tid: 1000008260]
12-24 07:45:49.729  1503  1538 I Finsky:background: [39420] IV2::TD starting task. rw.flipper[iid:7702] [isid:9KoJyvLTTDOEZgtPr_R-kA] [tid: 1000008260]
12-24 07:45:49.730  1503  5675 I Finsky:background: [39471] IV2::TD: Fetching metadata start. rw.flipper[iid:7702] [isid:9KoJyvLTTDOEZgtPr_R-kA] [tid: 1000008260]
12-24 07:45:49.754  1503  1537 I Finsky:background: [39419] Attempt creation of cached APK for rw.flipper
12-24 07:45:51.301  1503  5675 I Finsky:background: [39471] IV2::TD: Fetching metadata done. rw.flipper[iid:7702] [isid:9KoJyvLTTDOEZgtPr_R-kA] [tid: 1000008260]
12-24 07:45:51.318  1503  1537 I Finsky:background: [39419] AV::DSC: sufficient disk space space available for rw.flipper[iid:7702] [isid:9KoJyvLTTDOEZgtPr_R-kA] [tid: 1000008260]: 130774631
12-24 07:45:51.357  1503  1535 W Finsky:background: [39417] AV::PV: Can't download patch for package rw.flipper, artifact rw.flipper.apk, because didn't receive one in delivery response.
12-24 07:45:51.360  1503  1535 W Finsky:background: [39417] AV::PV: Can't download patch for package rw.flipper, artifact config.arm64_v8a, because didn't receive one in delivery response.
12-24 07:45:51.364  1503  1535 W Finsky:background: [39417] AV::PV: Can't download patch for package rw.flipper, artifact config.en, because didn't receive one in delivery response.
12-24 07:45:51.368  1503  1535 W Finsky:background: [39417] AV::PV: Can't download patch for package rw.flipper, artifact config.fr, because didn't receive one in delivery response.
12-24 07:45:51.371  1503  1535 W Finsky:background: [39417] AV::PV: Can't download patch for package rw.flipper, artifact config.xxhdpi, because didn't receive one in delivery response.
12-24 07:45:51.376  1503  5675 I Finsky:background: [39471] IV2::TD: Resource fetch start. rw.flipper[iid:7702] [isid:9KoJyvLTTDOEZgtPr_R-kA] [tid: 1000008260]
12-24 07:45:51.395  1503  5675 I Finsky:background: [39471] IV2: onTaskProgress rw.flipper[iid:7702] [isid:9KoJyvLTTDOEZgtPr_R-kA] status:RESOURCE_FETCH_START, size: 0/0
12-24 07:45:51.407  1503  5403 I Finsky:background: [39463] IQ: Notifying installation update. [Package:rw.flipper, isid:9KoJyvLTTDOEZgtPr_R-kA], status=DOWNLOADING, status_code=0, reason=single_install, tsc=PT3.003S, attempt=0
12-24 07:45:51.434  1503  1503 I Finsky:background: [2] PIM: Handling install package event for: rw.flipper status:  DOWNLOADING, isid: 9KoJyvLTTDOEZgtPr_R-kA
12-24 07:45:51.477  1503  1535 I Finsky:background: [39417] RM: create resource request id f62a9358-0509-4830-abf0-9c66b7b00182 for request rw.flipper.dm reason: single_install isid: 9KoJyvLTTDOEZgtPr_R-kA
12-24 07:45:51.482  1503  1533 I Finsky:background: [39415] RM: create resource request id 12378249-7005-4ab5-a810-ff9f774131fa for request rw.flipper.apk reason: single_install isid: 9KoJyvLTTDOEZgtPr_R-kA
12-24 07:45:51.680  1503  5735 I Finsky:background: [39492] DS: enqueue(request_id=37536, files_to_download=[config.arm64_v8a(size:28000290)], context[group_id=rw.flipper:9KoJyvLTTDOEZgtPr_R-kA], display_data[invisible=false, title=flipper], network_restrictions=ANY_NETWORK
12-24 07:45:51.681  1503  5735 I Finsky:background: [39492] DS: enqueue(request_id=37537, files_to_download=[rw.flipper.dm(size:1405)], context[group_id=rw.flipper:9KoJyvLTTDOEZgtPr_R-kA], display_data[invisible=false, title=flipper], network_restrictions=ANY_NETWORK
12-24 07:45:51.681  1503  5735 I Finsky:background: [39492] DS: enqueue(request_id=37538, files_to_download=[config.en(size:11911)], context[group_id=rw.flipper:9KoJyvLTTDOEZgtPr_R-kA], display_data[invisible=false, title=flipper], network_restrictions=ANY_NETWORK
12-24 07:45:51.681  1503  5735 I Finsky:background: [39492] DS: enqueue(request_id=37539, files_to_download=[config.xxhdpi(size:164839)], context[group_id=rw.flipper:9KoJyvLTTDOEZgtPr_R-kA], display_data[invisible=false, title=flipper], network_restrictions=ANY_NETWORK
12-24 07:45:51.748  1503  5735 I Finsky:background: [39492] DS: enqueue(request_id=37540, files_to_download=[config.fr(size:11084)], context[group_id=rw.flipper:9KoJyvLTTDOEZgtPr_R-kA], display_data[invisible=false, title=flipper], network_restrictions=ANY_NETWORK
12-24 07:45:51.749  1503  5735 I Finsky:background: [39492] DS: enqueue(request_id=37541, files_to_download=[rw.flipper.apk(size:21182977)], context[group_id=rw.flipper:9KoJyvLTTDOEZgtPr_R-kA], display_data[invisible=false, title=flipper], network_restrictions=ANY_NETWORK
