12-24 14:46:44.473  4554  7485 D SurfaceControl: nativeSetFlags Done : Surface(name=ActivityRecord{e606e38 u0 rw.flipper/.MainActivity t6306})/@0xb26fb76
12-24 14:46:44.481  4554  7541 D MARsPolicyManager: onPackageResumedFG pkgName = rw.flipper, userId = 0
12-24 14:46:44.550  4554  7541 D WindowManager: rotationForOrientation, orientationSource=ActivityRecord{e606e38 u0 rw.flipper/.MainActivity t6306}
12-24 14:46:44.550  4554  7541 D WindowManager: rotationForOrientation, orientationSource=ActivityRecord{e606e38 u0 rw.flipper/.MainActivity t6306}
12-24 14:46:44.552  4554  7541 D WindowManager: rotationForOrientation, orientationSource=ActivityRecord{e606e38 u0 rw.flipper/.MainActivity t6306}
12-24 14:46:44.553  4554  7541 D PkgDataHelper: notifyAppCreate(), pkgName: rw.flipper, sendRet: true
12-24 14:46:44.553  4554  4702 D GameManagerService: onLooperPrepared(), msg: MSG_APP_CREATE, pkgName: rw.flipper
12-24 14:46:44.558  4554  4702 D GameManagerService: onLooperPrepared(), msg: MSG_TASK_FOCUSED, focusedComponent: ComponentInfo{rw.flipper/rw.flipper.MainActivity}
12-24 14:46:44.558  4554  4702 D GameManagerService:   handleTaskFocused(), pkgName: rw.flipper, clsName: rw.flipper.MainActivity, userID:0
12-24 14:46:44.558  4554  4702 D GameManagerService:   handleResume(). pkgName: rw.flipper, isTunableApp: null
12-24 14:46:44.558  4554  4702 D GameManagerService: notifyFocusInOut(). of pkg: rw.flipper, type: 4, isMinimized: false, isTunableApp: false
12-24 14:46:44.558  4554  7541 D MARsPolicyManager: onPackageResumedFG pkgName = rw.flipper, userId = 0
12-24 14:46:44.564  4554  4585 V ActivityManager: Changed top to 10874,ProcessRecord{ef1e781 32699:rw.flipper/u0a874}
12-24 14:46:44.575  4230  4845 I SurfaceFlinger: id=7417 createSurf (0x0),-1 flag=80004, 30c27e0 Splash Screen rw.flipper#0
12-24 14:46:44.583  4554  4583 D SehCodecSolutionService: Update top [rw.flipper]
12-24 14:46:44.584  4554  4791 D PkgPredictorService: rw.flipper go to foreground!
12-24 14:46:44.584  4554  4791 D PkgPredictorService: previous pkgs: rw.flipper,rw.flipper,com.whatsapp.w4b running pkg: rw.flipper, uid: 0 is system: false
12-24 14:46:44.584  4554  4791 D PkgPredictorService-Collector:  (hour:14 day:4 previous:[rw.flipper, rw.flipper, com.whatsapp.w4b] activityName:unknown running:rw.flipper userId:0 screenOrientation:0 wifi:1 bt:0 predictTime:11 apkVersion:1.180.4252223234901 consumeTime:-1 preloaded:false>)
12-24 14:46:44.584  4554  4791 D PkgPredictorService-NapPreloadController: User using: rw.flipper
12-24 14:46:44.585  4554  4791 D PkgPredictorService-NapClassifier: Predict result: 141.0,38.0,29.0, - [0_&_rw.flipper, 0_&_com.android.vending, 0_&_com.samsung.android.dialer]
12-24 14:46:44.588  4554  4586 D InsetsSourceConsumer: setRequestedVisible: visible=false, type=0, host=Splash Screen rw.flipper, from=android.view.InsetsSourceConsumer.hide:236 android.view.InsetsController.collectSourceControls:1172 android.view.InsetsController.controlAnimationUnchecked:1049 android.view.InsetsController.applyAnimation:1417 android.view.InsetsController.hide:984 android.view.InsetsController.hide:967 android.view.ViewRootImpl.controlInsetsForCompatibility:2865 android.view.ViewRootImpl.performTraversals:3327 android.view.ViewRootImpl.doTraversal:2631 android.view.ViewRootImpl$TraversalRunnable.run:9984 
12-24 14:46:44.588  4554  4586 V WindowManager: Relayout Window{30c27e0 u0 Splash Screen rw.flipper}: viewVisibility=0 req=1080x2340
12-24 14:46:44.589  4554  7485 D GameManagerService: identifyForegroundApp. rw.flipper, mCurrentUserId: 0, callerUserId: 0
12-24 14:46:44.589  4554  7485 D PkgDataHelper: getGamePkgData(). rw.flipper
12-24 14:46:44.591  4230  4845 I SurfaceFlinger: id=7418 createSurf (1080x2340),1 flag=4, Splash Screen rw.flipper#0
12-24 14:46:44.591  4554  4586 D WindowManager: makeSurface duration=1 name=Splash Screen rw.flipper
12-24 14:46:44.596  4554  7541 D GameManagerService: identifyGamePackage. rw.flipper, mCurrentUserId: 0, callerUserId: 0
12-24 14:46:44.596  4554  7541 D PkgDataHelper: getGamePkgData(). rw.flipper
12-24 14:46:44.606  4554  4585 D GameManagerService: noteResumeComponent(), received resumed-component: rw.flipper
12-24 14:46:44.606  4554  4702 D GameManagerService: onLooperPrepared(), msg: MSG_APP_RESUME, resumeComponent: ComponentInfo{rw.flipper/rw.flipper.MainActivity}
12-24 14:46:44.606  4554  4702 D GameManagerService:   handleResume(). pkgName: rw.flipper, isTunableApp: null
12-24 14:46:44.606  4554  4702 D GameManagerService: notifyFocusInOut(). of pkg: rw.flipper, type: 4, isMinimized: false, isTunableApp: false
12-24 14:46:44.614  4554  4585 I GameSDK@LifeCycle: noteResumeComponent(): package name  : rw.flipper
12-24 14:46:44.615  4554  4585 D GameManagerService: identifyGamePackage. rw.flipper, mCurrentUserId: 0, callerUserId: 0
12-24 14:46:44.615  4554  4585 D PkgDataHelper: getGamePkgData(). rw.flipper
12-24 14:46:44.623  4554  4585 D SemGameManager: isGamePackage(), pkgName=rw.flipper
12-24 14:46:44.624  4554  4585 D GameManagerService: identifyGamePackage. rw.flipper, mCurrentUserId: 0, callerUserId: 0
12-24 14:46:44.624  4554  4585 D PkgDataHelper: getGamePkgData(). rw.flipper
12-24 14:46:44.652  4554  4586 D WindowManager: finishDrawingWindow: Window{30c27e0 u0 Splash Screen rw.flipper} mDrawState=DRAW_PENDING
12-24 14:46:44.658  4554  4586 D WindowManager: createAnimationAdapter(): container=Task{7f42e11 #6306 visible=false type=standard mode=fullscreen translucent=true I=rw.flipper/.MainActivity U=0 StackId=6306 sz=1}
12-24 14:46:44.662  4554  4586 D WindowManager: 	Add container=Task{7f42e11 #6306 visible=false type=standard mode=fullscreen translucent=true I=rw.flipper/.MainActivity U=0 StackId=6306 sz=1}
12-24 14:46:44.666 32699 32699 D com.llfbandit.app_links: Intent { act=android.intent.action.MAIN cat=[android.intent.category.LAUNCHER] flg=0x10200000 cmp=rw.flipper/.MainActivity bnds=[38,1960][284,2214] }
12-24 14:46:44.670  4554  4586 I WindowManager: container=Task{7f42e11 #6306 visible=false type=standard mode=fullscreen translucent=true I=rw.flipper/.MainActivity U=0 StackId=6306 sz=1}
12-24 14:46:44.683  4554  4586 D InsetsSourceProvider: updateVisibility: serverVisible=true, clientVisible=false, source=InsetsSource: {mType=ITYPE_STATUS_BAR, mFrame=[0,0][1080,83], mVisible=false}, controlTarget=Window{30c27e0 u0 Splash Screen rw.flipper}, from=com.android.server.wm.InsetsSourceProvider.setClientVisible:378 com.android.server.wm.InsetsSourceProvider.onInsetsModified:363 com.android.server.wm.InsetsStateController.onInsetsModified:416 com.android.server.wm.InsetsPolicy.onInsetsModified:320 com.android.server.wm.Session.insetsModified:512 android.view.ViewRootInsetsControllerHost.onInsetsModified:152 android.view.InsetsController.updateRequestedState:1399 android.view.InsetsController.notifyVisibilityChanged:1309 android.view.InsetsSourceConsumer.setRequestedVisible:397 android.view.InsetsSourceConsumer.hide:236 
12-24 14:46:44.704  4230  4230 D SurfaceFlinger:      CLIENT | 0x781c8102c0 | 0000 | RGBA_8888    |    0.0 1123.0 1080.0 2203.0 |   75 1989  258 2172 | Splash Screen rw.flipper#0
12-24 14:46:44.713  4554  4586 V WindowManager: Relayout Window{30c27e0 u0 Splash Screen rw.flipper}: viewVisibility=0 req=1080x2340
12-24 14:46:44.716  4554  4586 I SurfaceControl: release : mNativeObject = 516514856576 - Surface(name=Splash Screen rw.flipper)/@0xf18b6be / android.view.SurfaceControl.assignNativeObject:571 android.view.SurfaceControl.copyFrom:591 com.android.server.wm.WindowSurfaceController.getSurfaceControl:561 com.android.server.wm.WindowManagerService.createSurfaceControl:2959 
12-24 14:46:44.717  4554  4961 D MdnieScenarioControlService:  packageName : rw.flipper    className : rw.flipper.MainActivity
12-24 14:46:44.719 32699 32699 D FirebaseSessions: App foregrounded on rw.flipper
12-24 14:46:44.723  4554  7541 D ConnectivityService: requestNetwork for uid/pid:10874/32699 NetworkRequest [ TRACK_DEFAULT id=7400, [ Capabilities: INTERNET&NOT_RESTRICTED&TRUSTED Uid: 10874 AdministratorUids: [] RequestorUid: 10874 RequestorPackageName: rw.flipper] ]
12-24 14:46:44.728  4866  4866 D PhoneSwitcherNetworkRequstListener: got request NetworkRequest [ TRACK_DEFAULT id=7400, [ Capabilities: INTERNET&NOT_RESTRICTED&TRUSTED Uid: 10874 AdministratorUids: [] RequestorUid: 10874 RequestorPackageName: rw.flipper] ] with score 60 and providerId 4
12-24 14:46:44.728  4554  4831 D Ethernet: got request NetworkRequest [ TRACK_DEFAULT id=7400, [ Capabilities: INTERNET&NOT_RESTRICTED&TRUSTED Uid: 10874 AdministratorUids: [] RequestorUid: 10874 RequestorPackageName: rw.flipper] ] with score 60 and providerId 4
12-24 14:46:44.732  4554  4727 D WifiNetworkFactory: got request NetworkRequest [ TRACK_DEFAULT id=7400, [ Capabilities: INTERNET&NOT_RESTRICTED&TRUSTED Uid: 10874 AdministratorUids: [] RequestorUid: 10874 RequestorPackageName: rw.flipper] ] with score 60 and providerId 4
12-24 14:46:44.732  4554  4727 D UntrustedWifiNetworkFactory: got request NetworkRequest [ TRACK_DEFAULT id=7400, [ Capabilities: INTERNET&NOT_RESTRICTED&TRUSTED Uid: 10874 AdministratorUids: [] RequestorUid: 10874 RequestorPackageName: rw.flipper] ] with score 60 and providerId 4
12-24 14:46:44.734  4230  4251 I SurfaceFlinger: id=7424 createSurf (0x0),-1 flag=80004, 62580ca rw.flipper/rw.flipper.MainActivity#0
12-24 14:46:44.757  4554  7541 V WindowManager: Relayout Window{62580ca u0 rw.flipper/rw.flipper.MainActivity}: viewVisibility=0 req=1080x2340
12-24 14:46:44.762  4230  4846 I SurfaceFlinger: id=7425 createSurf (1080x2340),1 flag=4, rw.flipper/rw.flipper.MainActivity$_32699#0
12-24 14:46:44.764  4554  7541 D WindowManager: makeSurface duration=3 name=rw.flipper/rw.flipper.MainActivity$_32699
12-24 14:46:44.766  4554  7541 V WindowManager: Changing focus from null to Window{62580ca u0 rw.flipper/rw.flipper.MainActivity} displayId=0 Callers=com.android.server.wm.RootWindowContainer.updateFocusedWindowLocked:567 com.android.server.wm.WindowManagerService.updateFocusedWindowLocked:6302 com.android.server.wm.WindowManagerService.relayoutWindow:2715 com.android.server.wm.Session.relayout:219 
12-24 14:46:44.770  4554  4586 D WindowManager: finishDrawingWindow: Window{30c27e0 u0 Splash Screen rw.flipper} mDrawState=HAS_DRAWN
12-24 14:46:44.771  4554  7541 I SurfaceControl: release : mNativeObject = 516516091488 - Surface(name=rw.flipper/rw.flipper.MainActivity$_32699)/@0x595d20f / android.view.SurfaceControl.writeToParcel:1140 android.view.IWindowSession$Stub.onTransact:925 com.android.server.wm.Session.onTransact:145 android.os.Binder.execTransactInternal:1190 
12-24 14:46:44.774  4554  7541 D InsetsSourceProvider: updateVisibility: serverVisible=true, clientVisible=true, source=InsetsSource: {mType=ITYPE_STATUS_BAR, mFrame=[0,0][1080,83], mVisible=true}, controlTarget=Window{62580ca u0 rw.flipper/rw.flipper.MainActivity}, from=com.android.server.wm.InsetsSourceProvider.setClientVisible:378 com.android.server.wm.InsetsSourceProvider.onInsetsModified:363 com.android.server.wm.InsetsStateController.onInsetsModified:416 com.android.server.wm.InsetsPolicy.onInsetsModified:320 com.android.server.wm.Session.insetsModified:512 android.view.IWindowSession$Stub.onTransact:1398 com.android.server.wm.Session.onTransact:145 android.os.Binder.execTransactInternal:1195 android.os.Binder.execTransact:1159 <bottom of call stack> 
12-24 14:46:44.783  4230  4230 D SurfaceFlinger:      CLIENT | 0x7846037300 | 0000 | RGBA_8888    |    0.0   45.0 1080.0 2334.0 |   18  458  887 2301 | Splash Screen rw.flipper#0
12-24 14:46:44.788  4230  4252 I SurfaceFlinger: id=7428 createSurf (0x0),-1 flag=80004, Bounds for - rw.flipper/rw.flipper.MainActivity@0#0
12-24 14:46:44.789  4230  4252 I SurfaceFlinger: id=7429 createSurf (1080x2214),4 flag=404, SurfaceView - rw.flipper/rw.flipper.MainActivity@7915f8f@0#0
12-24 14:46:44.789  4230  4251 I SurfaceFlinger: id=7430 createSurf (0x0),-1 flag=20404, Background for -SurfaceView - rw.flipper/rw.flipper.MainActivity@7915f8f@0#0
12-24 14:46:44.843  4230  4252 E BufferQueueProducer: [SurfaceView - rw.flipper/rw.flipper.MainActivity@7915f8f@0#0](id:108600000632,api:0,p:-1,c:4230) disconnect: not connected (req=1)
12-24 14:46:44.845 32699 32699 D LocationPlugin: Service connected: ComponentInfo{rw.flipper/com.lyokone.location.FlutterLocationService}
12-24 14:46:44.857  4554  7541 D ConnectivityService: requestNetwork for uid/pid:10874/32699 NetworkRequest [ TRACK_DEFAULT id=7401, [ Capabilities: INTERNET&NOT_RESTRICTED&TRUSTED Uid: 10874 AdministratorUids: [] RequestorUid: 10874 RequestorPackageName: rw.flipper] ]
12-24 14:46:44.858  4554  4727 D WifiNetworkFactory: got request NetworkRequest [ TRACK_DEFAULT id=7401, [ Capabilities: INTERNET&NOT_RESTRICTED&TRUSTED Uid: 10874 AdministratorUids: [] RequestorUid: 10874 RequestorPackageName: rw.flipper] ] with score 60 and providerId 4
12-24 14:46:44.858  4866  4866 D PhoneSwitcherNetworkRequstListener: got request NetworkRequest [ TRACK_DEFAULT id=7401, [ Capabilities: INTERNET&NOT_RESTRICTED&TRUSTED Uid: 10874 AdministratorUids: [] RequestorUid: 10874 RequestorPackageName: rw.flipper] ] with score 60 and providerId 4
12-24 14:46:44.862  4554  4831 D Ethernet: got request NetworkRequest [ TRACK_DEFAULT id=7401, [ Capabilities: INTERNET&NOT_RESTRICTED&TRUSTED Uid: 10874 AdministratorUids: [] RequestorUid: 10874 RequestorPackageName: rw.flipper] ] with score 60 and providerId 4
12-24 14:46:44.862  4554  4727 D UntrustedWifiNetworkFactory: got request NetworkRequest [ TRACK_DEFAULT id=7401, [ Capabilities: INTERNET&NOT_RESTRICTED&TRUSTED Uid: 10874 AdministratorUids: [] RequestorUid: 10874 RequestorPackageName: rw.flipper] ] with score 60 and providerId 4
12-24 14:46:44.877  4554  4732 D ConnectivityService: releasing NetworkRequest [ TRACK_DEFAULT id=7400, [ Capabilities: INTERNET&NOT_RESTRICTED&TRUSTED Uid: 10874 AdministratorUids: [] RequestorUid: 10874 RequestorPackageName: rw.flipper] ] (release request)
12-24 14:46:44.882  4554  5282 V WindowManager: Relayout Window{62580ca u0 rw.flipper/rw.flipper.MainActivity}: viewVisibility=0 req=1080x2340
12-24 14:46:44.887  4554  5282 I SurfaceControl: release : mNativeObject = 518729621664 - Surface(name=rw.flipper/rw.flipper.MainActivity$_32699)/@0xbcd635d / android.view.SurfaceControl.writeToParcel:1140 android.view.IWindowSession$Stub.onTransact:925 com.android.server.wm.Session.onTransact:145 android.os.Binder.execTransactInternal:1190 
12-24 14:46:44.888 32699 32699 I SurfaceControl: release : mNativeObject = 518744341472 - Surface(name=rw.flipper/rw.flipper.MainActivity$_32699)/@0x2900a95 / android.view.SurfaceControl.assignNativeObject:571 android.view.SurfaceControl.readFromParcel:1119 android.view.IWindowSession$Stub$Proxy.relayout:1814 android.view.ViewRootImpl.relayoutWindow:9018 
12-24 14:46:44.889  4230  4251 E BufferQueueProducer: [rw.flipper/rw.flipper.MainActivity$_32699#0](id:108600000631,api:0,p:-1,c:4230) disconnect: not connected (req=1)
12-24 14:46:44.901  4554  7541 V WindowManager: Relayout Window{62580ca u0 rw.flipper/rw.flipper.MainActivity}: viewVisibility=0 req=1080x2340
12-24 14:46:44.905  4554  7541 I SurfaceControl: release : mNativeObject = 516516091488 - Surface(name=rw.flipper/rw.flipper.MainActivity$_32699)/@0x3b9c9a3 / android.view.SurfaceControl.writeToParcel:1140 android.view.IWindowSession$Stub.onTransact:925 com.android.server.wm.Session.onTransact:145 android.os.Binder.execTransactInternal:1190 
12-24 14:46:44.906 32699 32699 I SurfaceControl: release : mNativeObject = 518743155264 - Surface(name=rw.flipper/rw.flipper.MainActivity$_32699)/@0x2900a95 / android.view.SurfaceControl.assignNativeObject:571 android.view.SurfaceControl.readFromParcel:1119 android.view.IWindowSession$Stub$Proxy.relayout:1814 android.view.ViewRootImpl.relayoutWindow:9018 
12-24 14:46:44.909 32699 32699 I ViewRootImpl@588ac4a[MainActivity]: updateBoundsLayer: shouldReparent = false t = android.view.SurfaceControl$Transaction@1cbf202 sc = Surface(name=Bounds for - rw.flipper/rw.flipper.MainActivity@0)/@0x71ed713 frame = 1
12-24 14:46:44.963  4139  4145 E statsd  : Predicate 5980654721335871649 dropping data for dimension key (10)0x2010101->10874[I] (10)0x30000->*job*/rw.flipper/com.google.android.datatransport.runtime.scheduling.jobscheduling.JobInfoSchedulerService[S] 
12-24 14:46:45.051  4554  7541 V WindowManager: Relayout Window{62580ca u0 rw.flipper/rw.flipper.MainActivity}: viewVisibility=0 req=1080x2340
12-24 14:46:45.054  4554  7541 I SurfaceControl: release : mNativeObject = 516516091488 - Surface(name=rw.flipper/rw.flipper.MainActivity$_32699)/@0xd6cca1b / android.view.SurfaceControl.writeToParcel:1140 android.view.IWindowSession$Stub.onTransact:925 com.android.server.wm.Session.onTransact:145 android.os.Binder.execTransactInternal:1190 
12-24 14:46:45.054 32699 32699 I SurfaceControl: release : mNativeObject = 518742908736 - Surface(name=rw.flipper/rw.flipper.MainActivity$_32699)/@0x2900a95 / android.view.SurfaceControl.assignNativeObject:571 android.view.SurfaceControl.readFromParcel:1119 android.view.IWindowSession$Stub$Proxy.relayout:1814 android.view.ViewRootImpl.relayoutWindow:9018 
12-24 14:46:45.056 32699 32699 I ViewRootImpl@588ac4a[MainActivity]: updateBoundsLayer: shouldReparent = false t = android.view.SurfaceControl$Transaction@1cbf202 sc = Surface(name=Bounds for - rw.flipper/rw.flipper.MainActivity@0)/@0x71ed713 frame = 1
12-24 14:46:45.056 32699 32699 D SurfaceControl: deferTransactionUntil : Surface(name=Bounds for - rw.flipper/rw.flipper.MainActivity@0)/@0x71ed713 FN:1 caller:android.view.ViewRootImpl.updateBoundsLayer:2477 android.view.ViewRootImpl.performTraversals:3701 android.view.ViewRootImpl.doTraversal:2631 android.view.ViewRootImpl$TraversalRunnable.run:9984 
12-24 14:46:45.058  4230  4251 E BufferQueueProducer: [SurfaceView - rw.flipper/rw.flipper.MainActivity@7915f8f@0#0](id:108600000632,api:0,p:-1,c:4230) disconnect: not connected (req=1)
12-24 14:46:45.089  4554  5282 D ActivityTaskManager: finishFixedRotationTransform, r=ActivityRecord{e606e38 u0 rw.flipper/.MainActivity t6306}, caller=com.android.server.wm.WindowToken.finishFixedRotationTransform:664 com.android.server.wm.DisplayContent$FixedRotationTransitionListener.onAppTransitionFinishedLocked:7024 com.android.server.wm.AppTransition.notifyAppTransitionFinishedLocked:543 com.android.server.wm.ActivityRecord.onAnimationFinished:7164 com.android.server.wm.WindowContainer.doAnimationFinished:2626 
12-24 14:46:45.091  4554  5282 D WindowManager: 	container=Task{7f42e11 #6306 visible=false type=standard mode=fullscreen translucent=true I=rw.flipper/.MainActivity U=0 StackId=6306 sz=1}
12-24 14:46:45.118  4230  4230 D SurfaceFlinger:      DEVICE | 0x7846037300 | 0000 | RGBA_8888    |    0.0    0.0 1080.0 2340.0 |    0    0 1080 2340 | Splash Screen rw.flipper#0
12-24 14:46:45.192 32699 32699 I flutter : 🔧 [DatabaseManager] Starting database configuration for: /data/user/0/rw.flipper/databases/flipper_v45.sqlite
12-24 14:46:45.264  4554  5282 V WindowManager: Relayout Window{62580ca u0 rw.flipper/rw.flipper.MainActivity}: viewVisibility=0 req=1080x2340
12-24 14:46:45.269  4554  5282 I SurfaceControl: release : mNativeObject = 516515521248 - Surface(name=rw.flipper/rw.flipper.MainActivity$_32699)/@0xcc583ef / android.view.SurfaceControl.writeToParcel:1140 android.view.IWindowSession$Stub.onTransact:925 com.android.server.wm.Session.onTransact:145 android.os.Binder.execTransactInternal:1190 
12-24 14:46:45.270 32699 32699 I SurfaceControl: release : mNativeObject = 518744335808 - Surface(name=rw.flipper/rw.flipper.MainActivity$_32699)/@0x2900a95 / android.view.SurfaceControl.assignNativeObject:571 android.view.SurfaceControl.readFromParcel:1119 android.view.IWindowSession$Stub$Proxy.relayout:1814 android.view.ViewRootImpl.relayoutWindow:9018 
12-24 14:46:45.271 32699 32699 I ViewRootImpl@588ac4a[MainActivity]: updateBoundsLayer: shouldReparent = false t = android.view.SurfaceControl$Transaction@1cbf202 sc = Surface(name=Bounds for - rw.flipper/rw.flipper.MainActivity@0)/@0x71ed713 frame = 1
12-24 14:46:45.272 32699 32699 D SurfaceControl: deferTransactionUntil : Surface(name=Bounds for - rw.flipper/rw.flipper.MainActivity@0)/@0x71ed713 FN:1 caller:android.view.ViewRootImpl.updateBoundsLayer:2477 android.view.ViewRootImpl.performTraversals:3701 android.view.ViewRootImpl.doTraversal:2631 android.view.ViewRootImpl$TraversalRunnable.run:9984 
12-24 14:46:45.293 32699   839 I SurfaceView: applySurfaceTransforms: t = android.view.SurfaceControl$Transaction@c068086 surfaceControl = Surface(name=SurfaceView - rw.flipper/rw.flipper.MainActivity@7915f8f@0)/@0xaf8b34f frame = 1
12-24 14:46:45.319  4554  5282 D WindowManager: finishDrawingWindow: Window{62580ca u0 rw.flipper/rw.flipper.MainActivity} mDrawState=DRAW_PENDING
12-24 14:46:45.334  4230  4230 D SurfaceFlinger:      DEVICE | 0x7846037300 | 0000 | RGBA_8888    |    0.0    0.0 1080.0 2340.0 |    0    0 1080 2340 | Splash Screen rw.flipper#0
12-24 14:46:45.349  4554  4590 D ArtManagerInternalImpl: /data/misc/iorapd/rw.flipper/1756528594/rw.flipper.MainActivity/compiled_traces/compiled_trace.pb doesn't exist
12-24 14:46:45.354  4554  4590 I ActivityTaskManager: Displayed rw.flipper/.MainActivity: +877ms
12-24 14:46:45.354  4554  4590 I ActivityTaskManager: Fully drawn rw.flipper/.MainActivity: +877ms
12-24 14:46:45.357  4554  4586 D PkgPredictorService: pkg:rw.flipper activity:rw.flipper.MainActivity thisTime:877
12-24 14:46:45.358  4554  5282 D ConnectivityService: requestNetwork for uid/pid:10874/32699 NetworkRequest [ TRACK_DEFAULT id=7402, [ Capabilities: INTERNET&NOT_RESTRICTED&TRUSTED Uid: 10874 AdministratorUids: [] RequestorUid: 10874 RequestorPackageName: rw.flipper] ]
12-24 14:46:45.373  4866  4866 D PhoneSwitcherNetworkRequstListener: got request NetworkRequest [ TRACK_DEFAULT id=7402, [ Capabilities: INTERNET&NOT_RESTRICTED&TRUSTED Uid: 10874 AdministratorUids: [] RequestorUid: 10874 RequestorPackageName: rw.flipper] ] with score 60 and providerId 4
12-24 14:46:45.374  4554  4727 D WifiNetworkFactory: got request NetworkRequest [ TRACK_DEFAULT id=7402, [ Capabilities: INTERNET&NOT_RESTRICTED&TRUSTED Uid: 10874 AdministratorUids: [] RequestorUid: 10874 RequestorPackageName: rw.flipper] ] with score 60 and providerId 4
12-24 14:46:45.374  4554  4727 D UntrustedWifiNetworkFactory: got request NetworkRequest [ TRACK_DEFAULT id=7402, [ Capabilities: INTERNET&NOT_RESTRICTED&TRUSTED Uid: 10874 AdministratorUids: [] RequestorUid: 10874 RequestorPackageName: rw.flipper] ] with score 60 and providerId 4
12-24 14:46:45.374  4554  4831 D Ethernet: got request NetworkRequest [ TRACK_DEFAULT id=7402, [ Capabilities: INTERNET&NOT_RESTRICTED&TRUSTED Uid: 10874 AdministratorUids: [] RequestorUid: 10874 RequestorPackageName: rw.flipper] ] with score 60 and providerId 4
12-24 14:46:45.378  4554  4586 I SurfaceControl: release : mNativeObject = 516515522016 - Surface(name=Splash Screen rw.flipper)/@0xf18b6be / android.view.ViewRootImpl.destroySurface:2497 android.view.ViewRootImpl.dispatchDetachedFromWindow:5719 android.view.ViewRootImpl.doDie:9350 android.view.ViewRootImpl$ViewRootHandler.handleMessage:6194 
12-24 14:46:45.393  4230  4230 D SurfaceFlinger:      DEVICE | 0x7846035b40 | 0002 | RGBA_8888    |    0.0    0.0 1080.0 2340.0 |    0    0 1080 2340 | SurfaceView - rw.flipper/rw.flipper.MainActivity@7915f8f@0#0
12-24 14:46:45.393  4230  4230 D SurfaceFlinger:      DEVICE | 0x78c7a376c0 | 0000 | RGBA_8888    |    0.0    0.0 1080.0 2340.0 |    0    0 1080 2340 | rw.flipper/rw.flipper.MainActivity$_32699#0
12-24 14:46:45.393  4230  4230 D SurfaceFlinger:      DEVICE | 0x7846037300 | 0000 | RGBA_8888    |    0.0    0.0 1080.0 2340.0 |    0    0 1080 2340 | Splash Screen rw.flipper#0
12-24 14:46:45.406  4554  4586 I WindowManager: Reparenting to leash, surface=Surface(name=30c27e0 Splash Screen rw.flipper)/@0x10c57c4, leashParent=Surface(name=ActivityRecord{e606e38 u0 rw.flipper/.MainActivity t6306})/@0xb26fb76
12-24 14:46:45.406  4230  4252 I SurfaceFlinger: id=7431 createSurf (0x0),-1 flag=24000, Surface(name=30c27e0 Splash Screen rw.flipper)/@0x10c57c4 - animation-leash#0
12-24 14:46:45.407  4554  4586 D WindowManager: makeSurface duration=1 leash=Surface(name=Surface(name=30c27e0 Splash Screen rw.flipper)/@0x10c57c4 - animation-leash)/@0xa9746ad
12-24 14:46:45.435 32699 32699 V InputMethodManager: Starting input: tba=rw.flipper ic=null mNaviBarColor -16777216 mIsGetNaviBarColorSuccess true , NavVisible : true , NavTrans : false
12-24 14:46:45.461  4554  4586 I WindowManager: Reparenting to original parent: Surface(name=ActivityRecord{e606e38 u0 rw.flipper/.MainActivity t6306})/@0xb26fb76, destroy=true, surface=Surface(name=30c27e0 Splash Screen rw.flipper)/@0x10c57c4
12-24 14:46:45.461  4554  4586 I SurfaceControl: release : mNativeObject = 516515522016 - Surface(name=Surface(name=30c27e0 Splash Screen rw.flipper)/@0x10c57c4 - animation-leash)/@0xa9746ad / android.view.SurfaceControl$Transaction.remove:3475 com.android.server.wm.SurfaceAnimator.removeLeash:418 com.android.server.wm.SurfaceAnimator.reset:384 com.android.server.wm.SurfaceAnimator.lambda$getFinishedCallback$0$SurfaceAnimator:110 
12-24 14:46:45.461  4554  4586 D SurfaceControl: hide : mNativeObject = 516509106720 - sc.mNativeObject = 516515512704 - Surface(name=Splash Screen rw.flipper)/@0x164162e
12-24 14:46:45.461  4554  4586 D SurfaceControl: nativeSetFlags Done : Surface(name=Splash Screen rw.flipper)/@0x164162e
12-24 14:46:45.462  4554  4586 E WindowManager: win=Window{30c27e0 u0 Splash Screen rw.flipper EXITING} destroySurfaces: appStopped=false win.mWindowRemovalAllowed=true win.mRemoveOnExit=true win.mViewVisibility=0 caller=com.android.server.wm.ActivityRecord.destroySurfaces:5251 com.android.server.wm.ActivityRecord.destroySurfaces:5232 com.android.server.wm.WindowState.onExitAnimationDone:5654 com.android.server.wm.WindowStateAnimator.onAnimationFinished:332 com.android.server.wm.WindowState.onAnimationFinished:6119 com.android.server.wm.-$$Lambda$dwJG8BAnLlvKNGuDY9U3-haNY4M.onAnimationFinished:2 com.android.server.wm.SurfaceAnimator.lambda$getFinishedCallback$0$SurfaceAnimator:112 
12-24 14:46:45.462  4554  4586 I WindowManager: Destroying surface Surface(name=Splash Screen rw.flipper)/@0x164162e called by com.android.server.wm.WindowStateAnimator.destroySurface:1794 com.android.server.wm.WindowStateAnimator.destroySurfaceLocked:765 com.android.server.wm.WindowState.destroySurfaceUnchecked:3949 com.android.server.wm.WindowState.destroySurface:3923 com.android.server.wm.ActivityRecord.destroySurfaces:5251 com.android.server.wm.ActivityRecord.destroySurfaces:5232 com.android.server.wm.WindowState.onExitAnimationDone:5654 com.android.server.wm.WindowStateAnimator.onAnimationFinished:332 
12-24 14:46:45.462  4554  4586 I SurfaceControl: release : mNativeObject = 516515512704 - Surface(name=Splash Screen rw.flipper)/@0x164162e / android.view.SurfaceControl$Transaction.remove:3475 com.android.server.wm.WindowSurfaceController.destroyNotInTransaction:225 com.android.server.wm.WindowStateAnimator.destroySurface:1794 com.android.server.wm.WindowStateAnimator.destroySurfaceLocked:765 
12-24 14:46:45.463  4230  5516 I Layer   : id=7418 removeFromCurrentState Splash Screen rw.flipper#0 (107)
12-24 14:46:45.463  4554  4586 I SurfaceControl: release : mNativeObject = 518729620992 - Surface(name=30c27e0 Splash Screen rw.flipper)/@0x10c57c4 / android.view.SurfaceControl$Transaction.remove:3475 com.android.server.wm.WindowContainer.removeImmediately:649 com.android.server.wm.WindowState.removeImmediately:2632 com.android.server.wm.WindowState.destroySurface:3926 
12-24 14:46:45.468  4230  5516 I Layer   : id=7417 removeFromCurrentState 30c27e0 Splash Screen rw.flipper#0 (107)
12-24 14:46:45.468  4230  5516 I Layer   : id=7431 removeFromCurrentState Surface(name=30c27e0 Splash Screen rw.flipper)/@0x10c57c4 - animation-leash#0 (107)
12-24 14:46:45.468  4230  4251 I SurfaceFlinger: id=7417 Removed 30c27e0 Splash Screen rw.flipper#0 (107)
12-24 14:46:45.468  4230  4251 I SurfaceFlinger: id=7431 Removed Surface(name=30c27e0 Splash Screen rw.flipper)/@0x10c57c4 - animation-leash#0 (107)
12-24 14:46:45.468  4230  4251 I SurfaceFlinger: id=7418 Removed Splash Screen rw.flipper#0 (107)
12-24 14:46:45.478  4230  4230 I Layer   : id=7431[1] Destroyed Surface(name=30c27e0 Splash Screen rw.flipper)/@0x10c57c4 - animation-leash#0
12-24 14:46:45.478  4230  4230 I Layer   : id=7417[1] Destroyed 30c27e0 Splash Screen rw.flipper#0
12-24 14:46:45.481  4230  4230 I Layer   : id=7418[1] Destroyed Splash Screen rw.flipper#0
12-24 14:46:45.486  4230  4230 D SurfaceFlinger:      DEVICE | 0x7846035b40 | 0002 | RGBA_8888    |    0.0    0.0 1080.0 2340.0 |    0    0 1080 2340 | SurfaceView - rw.flipper/rw.flipper.MainActivity@7915f8f@0#0
12-24 14:46:45.486  4230  4230 D SurfaceFlinger:      DEVICE | 0x78c7a376c0 | 0000 | RGBA_8888    |    0.0    0.0 1080.0 2340.0 |    0    0 1080 2340 | rw.flipper/rw.flipper.MainActivity$_32699#0
12-24 14:46:45.617  4554  4583 D SehCodecSolutionService: Update top [rw.flipper]
12-24 14:46:45.634 32699 32699 I flutter : 📂 Using persistence directory: /data/user/0/rw.flipper/databases
12-24 14:46:45.645 32699 32713 I rw.flipper: Background young concurrent copying GC freed 43196(3049KB) AllocSpace objects, 84(2448KB) LOS objects, 37% free, 7026KB/11MB, paused 3.001ms total 102.430ms
12-24 14:46:45.746  4554  4961 D MdnieScenarioControlService:  packageName : rw.flipper    className : rw.flipper.MainActivity
12-24 14:46:45.862 32699  1465 W Ditto   : ditto_init:new_auth_client{auth.kind=online_with_authentication}: retry loop: waiting for advisory lock lockfile_path="/data/data/rw.flipper/databases/ditto_auth/__ditto_store_lock_file" owning_pid="32699" my_pid=32699 current_try=1
12-24 14:46:46.063 32699  1465 E Ditto   : ditto_init:new_auth_client{auth.kind=online_with_authentication}: retry loop: waiting for advisory lock lockfile_path="/data/data/rw.flipper/databases/ditto_auth/__ditto_store_lock_file" owning_pid="32699" my_pid=32699 current_try=2
12-24 14:46:46.263 32699  1465 E Ditto   : ditto_init:new_auth_client{auth.kind=online_with_authentication}: retry loop: waiting for advisory lock lockfile_path="/data/data/rw.flipper/databases/ditto_auth/__ditto_store_lock_file" owning_pid="32699" my_pid=32699 current_try=3
12-24 14:46:46.464 32699  1465 E Ditto   : ditto_init:new_auth_client{auth.kind=online_with_authentication}: retry loop: waiting for advisory lock lockfile_path="/data/data/rw.flipper/databases/ditto_auth/__ditto_store_lock_file" owning_pid="32699" my_pid=32699 current_try=4
12-24 14:46:46.667 32699  1465 E Ditto   : ditto_init:new_auth_client{auth.kind=online_with_authentication}: retry loop: waiting for advisory lock lockfile_path="/data/data/rw.flipper/databases/ditto_auth/__ditto_store_lock_file" owning_pid="32699" my_pid=32699 current_try=5
12-24 14:46:46.847 32699  1465 E Ditto   : ditto_init: Panic: identity config can be used to create an auth client: Anyhow(Failed to create new file lock: File already locked, working dir = /data/data/rw.flipper/databases/ditto_auth, retried 5 times.
12-24 14:46:46.847 32699  1465 E Ditto   :     File already locked, working dir = /data/data/rw.flipper/databases/ditto_auth, retried 5 times.
12-24 14:46:47.222 32699  1465 F libc    : Fatal signal 6 (SIGABRT), code -1 (SI_QUEUE) in tid 1465 (rw.flipper), pid 32699 (rw.flipper)
12-24 14:46:47.411  1472  1472 F DEBUG   : pid: 32699, tid: 1465, name: rw.flipper  >>> rw.flipper <<<
12-24 14:46:47.420  1472  1472 F DEBUG   :       #01 pc 0000000002a565a0  /data/app/~~xwWCf7SJ-i5HfijEpKTSlA==/rw.flipper-RwSp0BDf7c9JJ9zHo9PQEw==/base.apk!libdittoffi.so (offset 0x2448000) (std::sys::pal::unix::abort_internal::h9859a92b8bfba9c1+8) (BuildId: dcd912402af37b31b7c97bb49e8c7ee92773bf30)
12-24 14:46:47.420  1472  1472 F DEBUG   :       #02 pc 0000000002a475a4  /data/app/~~xwWCf7SJ-i5HfijEpKTSlA==/rw.flipper-RwSp0BDf7c9JJ9zHo9PQEw==/base.apk!libdittoffi.so (offset 0x2448000) (std::process::abort::hbfa3a3ef29388544+8) (BuildId: dcd912402af37b31b7c97bb49e8c7ee92773bf30)
12-24 14:46:47.420  1472  1472 F DEBUG   :       #03 pc 0000000002061854  /data/app/~~xwWCf7SJ-i5HfijEpKTSlA==/rw.flipper-RwSp0BDf7c9JJ9zHo9PQEw==/base.apk!libdittoffi.so (offset 0x2448000) (BuildId: dcd912402af37b31b7c97bb49e8c7ee92773bf30)
12-24 14:46:47.420  1472  1472 F DEBUG   :       #04 pc 0000000002a4c9f0  /data/app/~~xwWCf7SJ-i5HfijEpKTSlA==/rw.flipper-RwSp0BDf7c9JJ9zHo9PQEw==/base.apk!libdittoffi.so (offset 0x2448000) (std::panicking::rust_panic_with_hook::hdd8652fbe01df54d+412) (BuildId: dcd912402af37b31b7c97bb49e8c7ee92773bf30)
12-24 14:46:47.420  1472  1472 F DEBUG   :       #05 pc 0000000002a4c678  /data/app/~~xwWCf7SJ-i5HfijEpKTSlA==/rw.flipper-RwSp0BDf7c9JJ9zHo9PQEw==/base.apk!libdittoffi.so (offset 0x2448000) (BuildId: dcd912402af37b31b7c97bb49e8c7ee92773bf30)
12-24 14:46:47.420  1472  1472 F DEBUG   :       #06 pc 0000000002a49dd8  /data/app/~~xwWCf7SJ-i5HfijEpKTSlA==/rw.flipper-RwSp0BDf7c9JJ9zHo9PQEw==/base.apk!libdittoffi.so (offset 0x2448000) (std::sys::backtrace::__rust_end_short_backtrace::h4825b147fc54c84f+8) (BuildId: dcd912402af37b31b7c97bb49e8c7ee92773bf30)
12-24 14:46:47.420  1472  1472 F DEBUG   :       #07 pc 0000000002a4c338  /data/app/~~xwWCf7SJ-i5HfijEpKTSlA==/rw.flipper-RwSp0BDf7c9JJ9zHo9PQEw==/base.apk!libdittoffi.so (offset 0x2448000) (rust_begin_unwind+28) (BuildId: dcd912402af37b31b7c97bb49e8c7ee92773bf30)
12-24 14:46:47.420  1472  1472 F DEBUG   :       #08 pc 0000000002a8db38  /data/app/~~xwWCf7SJ-i5HfijEpKTSlA==/rw.flipper-RwSp0BDf7c9JJ9zHo9PQEw==/base.apk!libdittoffi.so (offset 0x2448000) (core::panicking::panic_fmt::h205176a891f44e54+28) (BuildId: dcd912402af37b31b7c97bb49e8c7ee92773bf30)
12-24 14:46:47.420  1472  1472 F DEBUG   :       #09 pc 0000000002a8df94  /data/app/~~xwWCf7SJ-i5HfijEpKTSlA==/rw.flipper-RwSp0BDf7c9JJ9zHo9PQEw==/base.apk!libdittoffi.so (offset 0x2448000) (core::result::unwrap_failed::hb236d6c1ede2baf2+88) (BuildId: dcd912402af37b31b7c97bb49e8c7ee92773bf30)
12-24 14:46:47.420  1472  1472 F DEBUG   :       #10 pc 0000000000eab3b0  /data/app/~~xwWCf7SJ-i5HfijEpKTSlA==/rw.flipper-RwSp0BDf7c9JJ9zHo9PQEw==/base.apk!libdittoffi.so (offset 0x2448000) (BuildId: dcd912402af37b31b7c97bb49e8c7ee92773bf30)
12-24 14:46:47.420  1472  1472 F DEBUG   :       #11 pc 0000000000e9fb84  /data/app/~~xwWCf7SJ-i5HfijEpKTSlA==/rw.flipper-RwSp0BDf7c9JJ9zHo9PQEw==/base.apk!libdittoffi.so (offset 0x2448000) (BuildId: dcd912402af37b31b7c97bb49e8c7ee92773bf30)
12-24 14:46:47.420  1472  1472 F DEBUG   :       #12 pc 00000000014b4bdc  /data/app/~~xwWCf7SJ-i5HfijEpKTSlA==/rw.flipper-RwSp0BDf7c9JJ9zHo9PQEw==/base.apk!libdittoffi.so (offset 0x2448000) (BuildId: dcd912402af37b31b7c97bb49e8c7ee92773bf30)
12-24 14:46:47.420  1472  1472 F DEBUG   :       #13 pc 00000000011ecde8  /data/app/~~xwWCf7SJ-i5HfijEpKTSlA==/rw.flipper-RwSp0BDf7c9JJ9zHo9PQEw==/base.apk!libdittoffi.so (offset 0x2448000) (std::sys::backtrace::__rust_begin_short_backtrace::hd1f2750a9b7dfed1+748) (BuildId: dcd912402af37b31b7c97bb49e8c7ee92773bf30)
12-24 14:46:47.420  1472  1472 F DEBUG   :       #14 pc 0000000001207460  /data/app/~~xwWCf7SJ-i5HfijEpKTSlA==/rw.flipper-RwSp0BDf7c9JJ9zHo9PQEw==/base.apk!libdittoffi.so (offset 0x2448000) (BuildId: dcd912402af37b31b7c97bb49e8c7ee92773bf30)
12-24 14:46:47.420  1472  1472 F DEBUG   :       #15 pc 0000000002a55290  /data/app/~~xwWCf7SJ-i5HfijEpKTSlA==/rw.flipper-RwSp0BDf7c9JJ9zHo9PQEw==/base.apk!libdittoffi.so (offset 0x2448000) (BuildId: dcd912402af37b31b7c97bb49e8c7ee92773bf30)
12-24 14:46:47.588  4554  4791 D PkgPredictorService-NapPreloadController: [ML] Sent pkg = rw.flipper uid: 0 type: ml
12-24 14:46:47.591  4554  5312 I ActivityManager: [ML][SD] app:rw.flipper is exist findPkgforMl:false  isOnMemory:true
12-24 14:46:48.336  4554  1482 W ActivityManager: crash : rw.flipper,10874
12-24 14:46:48.346  4554  1482 W ActivityTaskManager:   Force finishing activity rw.flipper/.MainActivity
12-24 14:46:48.354  4554  1482 V WindowManager: Changing focus from Window{62580ca u0 rw.flipper/rw.flipper.MainActivity} to null displayId=0 Callers=com.android.server.wm.RootWindowContainer.updateFocusedWindowLocked:567 com.android.server.wm.WindowManagerService.updateFocusedWindowLocked:6302 com.android.server.wm.DisplayContent.setFocusedApp:6774 com.android.server.wm.ActivityTaskManagerService.setResumedActivityUncheckLocked:6690 
12-24 14:46:48.363  4118  4118 E audit   : type=1701 audit(1766580408.359:42615): auid=4294967295 uid=10874 gid=10874 ses=4294967295 subj=u:r:untrusted_app:s0:c106,c259,c512,c768 pid=32699 comm="rw.flipper" exe="/system/bin/app_process64" sig=6 res=1
12-24 14:46:48.457  4554  4585 D GameManagerService: notePauseComponent(), received paused-component: rw.flipper
12-24 14:46:48.458  7544  7544 I SDHMS:PowerAnomaly:GATHERERAPPERROR: update AppError : uid=10874, pkg=rw.flipper, errorType=crash
12-24 14:46:48.469  7544  7544 I SDHMS:PowerAnomaly:ANALYZERAPPERROR: analyze app error : uid=10874, pkg=rw.flipper, appErrorCount=2
12-24 14:46:48.499  4554  4732 E ConnectivityService: RemoteException caught trying to send a callback msg for NetworkRequest [ TRACK_DEFAULT id=7401, [ Capabilities: INTERNET&NOT_RESTRICTED&TRUSTED Uid: 10874 AdministratorUids: [] RequestorUid: 10874 RequestorPackageName: rw.flipper] ]
12-24 14:46:48.500  4554  4732 E ConnectivityService: RemoteException caught trying to send a callback msg for NetworkRequest [ TRACK_DEFAULT id=7402, [ Capabilities: INTERNET&NOT_RESTRICTED&TRUSTED Uid: 10874 AdministratorUids: [] RequestorUid: 10874 RequestorPackageName: rw.flipper] ]
12-24 14:46:48.501  4554  4586 W WindowManager: Failed to deliver inset state change to w=Window{62580ca u0 rw.flipper/rw.flipper.MainActivity}
12-24 14:46:48.511  4554  4586 V WindowManager: Setting visibility of Window{62580ca u0 rw.flipper/rw.flipper.MainActivity}: false, caller=com.android.server.wm.WindowContainer.sendAppVisibilityToClients:1004 com.android.server.wm.ActivityRecord.setClientVisible:6391 com.android.server.wm.ActivityRecord.onAnimationFinished:7143 com.android.server.wm.ActivityRecord.postApplyAnimation:5013 com.android.server.wm.ActivityRecord.commitVisibility:4995 
12-24 14:46:48.512  4554  4586 D ActivityTaskManager: finishFixedRotationTransform, r=ActivityRecord{e606e38 u0 rw.flipper/.MainActivity t6306 f}}, caller=com.android.server.wm.WindowToken.finishFixedRotationTransform:664 com.android.server.wm.DisplayContent$FixedRotationTransitionListener.onAppTransitionFinishedLocked:7024 com.android.server.wm.AppTransition.notifyAppTransitionFinishedLocked:543 com.android.server.wm.ActivityRecord.onAnimationFinished:7164 com.android.server.wm.ActivityRecord.postApplyAnimation:5013 
12-24 14:46:48.517  4554  4586 D SurfaceControl: hide : mNativeObject = 516509106720 - sc.mNativeObject = 518728860608 - Surface(name=ActivityRecord{e606e38 u0 rw.flipper/.MainActivity t6306})/@0xb26fb76
12-24 14:46:48.517  4554  4586 D SurfaceControl: nativeSetFlags Done : Surface(name=ActivityRecord{e606e38 u0 rw.flipper/.MainActivity t6306})/@0xb26fb76
12-24 14:46:48.517  4554  4586 D SurfaceControl: hide : mNativeObject = 516511610720 - sc.mNativeObject = 516516091008 - Surface(name=rw.flipper/rw.flipper.MainActivity$_32699)/@0x593a477
12-24 14:46:48.517  4554  4586 D SurfaceControl: nativeSetFlags Done : Surface(name=rw.flipper/rw.flipper.MainActivity$_32699)/@0x593a477
12-24 14:46:48.565  4554  7540 D ConnectivityService: ConnectivityService NetworkRequestInfo binderDied(NetworkRequest [ TRACK_DEFAULT id=7402, [ Capabilities: INTERNET&NOT_RESTRICTED&TRUSTED Uid: 10874 AdministratorUids: [] RequestorUid: 10874 RequestorPackageName: rw.flipper] ], android.os.BinderProxy@9709481)
12-24 14:46:48.566  4554  5146 D ConnectivityService: ConnectivityService NetworkRequestInfo binderDied(NetworkRequest [ TRACK_DEFAULT id=7401, [ Capabilities: INTERNET&NOT_RESTRICTED&TRUSTED Uid: 10874 AdministratorUids: [] RequestorUid: 10874 RequestorPackageName: rw.flipper] ], android.os.BinderProxy@ef4b926)
12-24 14:46:48.566  4230  5516 I SurfaceFlinger: id=7428 Removed Bounds for - rw.flipper/rw.flipper.MainActivity@0#0 (106)
12-24 14:46:48.566  4230  5516 I SurfaceFlinger: id=7429 Removed SurfaceView - rw.flipper/rw.flipper.MainActivity@7915f8f@0#0 (106)
12-24 14:46:48.566  4230  5516 I SurfaceFlinger: id=7430 Removed Background for -SurfaceView - rw.flipper/rw.flipper.MainActivity@7915f8f@0#0 (106)
12-24 14:46:48.566  4554  4798 I WindowManager: WIN DEATH: Window{62580ca u0 rw.flipper/rw.flipper.MainActivity}
12-24 14:46:48.566  4554  4798 W InputDispatcher: Attempted to unregister already unregistered input channel '62580ca rw.flipper/rw.flipper.MainActivity (server)'
12-24 14:46:48.568  4554  4732 D ConnectivityService: releasing NetworkRequest [ TRACK_DEFAULT id=7402, [ Capabilities: INTERNET&NOT_RESTRICTED&TRUSTED Uid: 10874 AdministratorUids: [] RequestorUid: 10874 RequestorPackageName: rw.flipper] ] (release request)
12-24 14:46:48.569  4554  4732 D ConnectivityService: releasing NetworkRequest [ TRACK_DEFAULT id=7401, [ Capabilities: INTERNET&NOT_RESTRICTED&TRUSTED Uid: 10874 AdministratorUids: [] RequestorUid: 10874 RequestorPackageName: rw.flipper] ] (release request)
12-24 14:46:48.572  4554  5387 D PowerManagerService: [api] handleWakeLockDeath : release WakeLock : PARTIAL_WAKE_LOCK              'wake:com.google.firebase.messaging' ACQ=-3s165ms (uid=10874 pid=32699 pkg=rw.flipper)
12-24 14:46:48.579  4554  4798 I SurfaceControl: release : mNativeObject = 516503613248 - Surface(name=62580ca rw.flipper/rw.flipper.MainActivity)/@0x990f7bd / android.view.SurfaceControl$Transaction.remove:3475 com.android.server.wm.WindowContainer.removeImmediately:649 com.android.server.wm.WindowState.removeImmediately:2632 com.android.server.wm.WindowState.removeIfPossible:2861 
12-24 14:46:48.589  4554  4798 I WindowManager: Destroying surface Surface(name=rw.flipper/rw.flipper.MainActivity$_32699)/@0x593a477 called by com.android.server.wm.WindowStateAnimator.destroySurface:1794 com.android.server.wm.WindowStateAnimator.destroySurfaceLocked:765 com.android.server.wm.WindowState.removeImmediately:2696 com.android.server.wm.WindowState.removeIfPossible:2861 com.android.server.wm.WindowState.access$300:300 com.android.server.wm.WindowState$DeathRecipient.binderDied:3438 android.os.IBinder$DeathRecipient.binderDied:311 android.os.BinderProxy.sendDeathNotice:719 
12-24 14:46:48.589  4554  4798 I SurfaceControl: release : mNativeObject = 516516091008 - Surface(name=rw.flipper/rw.flipper.MainActivity$_32699)/@0x593a477 / android.view.SurfaceControl$Transaction.remove:3475 com.android.server.wm.WindowSurfaceController.destroyNotInTransaction:225 com.android.server.wm.WindowStateAnimator.destroySurface:1794 com.android.server.wm.WindowStateAnimator.destroySurfaceLocked:765 
12-24 14:46:48.590  4230  4251 I Layer   : id=7425 removeFromCurrentState rw.flipper/rw.flipper.MainActivity$_32699#0 (107)
12-24 14:46:48.590  4230  4251 I Layer   : id=7428 removeFromCurrentState Bounds for - rw.flipper/rw.flipper.MainActivity@0#0 (107)
12-24 14:46:48.591  4230  4251 I Layer   : id=7429 removeFromCurrentState SurfaceView - rw.flipper/rw.flipper.MainActivity@7915f8f@0#0 (107)
12-24 14:46:48.591  4230  4251 I Layer   : id=7430 removeFromCurrentState Background for -SurfaceView - rw.flipper/rw.flipper.MainActivity@7915f8f@0#0 (107)
12-24 14:46:48.593  4230  4251 I SurfaceFlinger: id=7425 Removed rw.flipper/rw.flipper.MainActivity$_32699#0 (107)
12-24 14:46:48.596  4230  4251 I Layer   : id=7424 removeFromCurrentState 62580ca rw.flipper/rw.flipper.MainActivity#0 (107)
12-24 14:46:48.596  4139  4145 E statsd  : Predicate 5980654721335871649 dropping data for dimension key (10)0x2010101->10874[I] (10)0x30000->*job*/rw.flipper/com.google.android.datatransport.runtime.scheduling.jobscheduling.JobInfoSchedulerService[S] 
12-24 14:46:48.596  4230  4251 I SurfaceFlinger: id=7424 Removed 62580ca rw.flipper/rw.flipper.MainActivity#0 (107)
12-24 14:46:48.601  4230  4230 I Layer   : id=7424[1] Destroyed 62580ca rw.flipper/rw.flipper.MainActivity#0
12-24 14:46:48.602  4230  4230 I Layer   : id=7425[1] Destroyed rw.flipper/rw.flipper.MainActivity$_32699#0
12-24 14:46:48.602  4230  4230 I Layer   : id=7428[1] Destroyed Bounds for - rw.flipper/rw.flipper.MainActivity@0#0
12-24 14:46:48.602  4230  4230 I Layer   : id=7429[1] Destroyed SurfaceView - rw.flipper/rw.flipper.MainActivity@7915f8f@0#0
12-24 14:46:48.602  4230  4230 I Layer   : id=7430[1] Destroyed Background for -SurfaceView - rw.flipper/rw.flipper.MainActivity@7915f8f@0#0
12-24 14:46:48.624  4554  4554 W ActivityManager: Exception when unbinding service rw.flipper/com.google.android.datatransport.runtime.scheduling.jobscheduling.JobInfoSchedulerService
12-24 14:46:48.661  4554  7495 I ActivityManager: Process rw.flipper (pid 32699) has died: prcp LAST(202,646)
12-24 14:46:48.679  4554  5146 I ActivityTaskManager: Removing activity ActivityRecord{e606e38 u0 rw.flipper/.MainActivity t6306 f}}(finish-imm:idle exceptionInScheduleDestroy)  from stack callers=com.android.server.wm.ActivityRecord.destroyImmediately:3489 com.android.server.wm.ActivityRecord.destroyIfPossible:3390 com.android.server.wm.ActivityStackSupervisor.processStoppingAndFinishingActivities:2338 com.android.server.wm.ActivityStackSupervisor.activityIdleInternal:1657 com.android.server.wm.ActivityTaskManagerService.activityIdle:2486 
12-24 14:46:48.679  4554  5146 I SurfaceControl: release : mNativeObject = 518728860608 - Surface(name=ActivityRecord{e606e38 u0 rw.flipper/.MainActivity t6306})/@0xb26fb76 / android.view.SurfaceControl$Transaction.remove:3475 com.android.server.wm.WindowContainer.removeImmediately:649 com.android.server.wm.WindowToken.removeImmediately:428 com.android.server.wm.ActivityRecord.removeImmediately:3787 
12-24 14:46:48.688  4230  4846 I Layer   : id=7416 removeFromCurrentState ActivityRecord{e606e38 u0 rw.flipper/.MainActivity t6306}#0 (100)
12-24 14:46:48.689  4230  4846 I SurfaceFlinger: id=7416 Removed ActivityRecord{e606e38 u0 rw.flipper/.MainActivity t6306}#0 (100)
12-24 14:46:48.701  4230  4230 I Layer   : id=7416[1] Destroyed ActivityRecord{e606e38 u0 rw.flipper/.MainActivity t6306}#0
12-24 14:46:48.851  4554  4585 W ActivityTaskManager: Activity top resumed state loss timeout for ActivityRecord{e606e38 u0 rw.flipper/.MainActivity t-1 f}}
12-24 14:46:53.446  4554  4582 V LocationManagerService: location appop changed for rw.flipper
12-24 14:46:53.449  5978  6057 I RequestManager_FLP: onOpChanged, op=0 / packageName=rw.flipper
12-24 14:46:53.953  5254  5254 W AppStartUtils: sendActiveLaunchBroadcast() v.hasOnClickListeners() : true, iconInfo : WorkspaceItemInfo(id=285 type=APP container=desktop targetComponent=ComponentInfo{rw.flipper/rw.flipper.MainActivity} screen=11 cell(1,1) span(1,1) minSpan(1,1) rank=0 user=UserHandle{0} title=flipper hidden=0 screenType=0 lowResIcon=false runtimeStatusFlags=384)
12-24 14:46:53.963  4554  4585 D StorageManagerService: getExternalStorageMountMode: uid=10874 packageName=rw.flipper
12-24 14:46:53.969  4554  4592 I ActivityManager: Start proc 447:rw.flipper/u0a874 for activelaunch {rw.flipper/rw.flipper.MainActivity}
12-24 14:46:54.021   447   447 E rw.flipper: Not starting debugger since process cannot load the jdwp agent.
12-24 14:46:54.034  4554  5146 I ActivityManager: DSS OFF for rw.flipper
12-24 14:46:54.041  5254  5438 I AppIconSolution: getThemeIconWithBG called with public API, pkg = rw.flipper
12-24 14:46:54.041  4554  5146 D ActivityManager: attachApplicationLocked() app=ProcessRecord{ec111e8 447:rw.flipper/u0a874} app.isolatedEntryPoint=null instr2=null
12-24 14:46:54.042  4554  4568 I ActivityTaskManager: START u0 {act=android.intent.action.MAIN cat=[android.intent.category.LAUNCHER] flg=0x10200000 cmp=rw.flipper/.MainActivity bnds=[291,510][537,851]} from uid 10148
12-24 14:46:54.042  5254  5438 I AppIconSolution: start to load, pkg=rw.flipper, bg=192-192, dr=192-192, forDefault=true, density=640
12-24 14:46:54.044  5254  5438 I AppIconSolution: getIconScale, pkg=rw.flipper, size=192, iconScale=IconScale[alpha=18, scale=1.0, isCrop=true]
12-24 14:46:54.044  4554  4568 D ActivityTaskManager: TaskLaunchParamsModifier:task=null activity=ActivityRecord{8203c7e u0 rw.flipper/.MainActivity display-area-from-source=DefaultTaskDisplayArea@102847506 task-display-area=DefaultTaskDisplayArea@102847506 display-area-windowing-mode=1
12-24 14:46:54.044  4554  4568 D ActivityTaskManager: TaskLaunchParamsModifier:task=null activity=ActivityRecord{8203c7e u0 rw.flipper/.MainActivity t-1} display-area-from-source=DefaultTaskDisplayArea@102847506 task-display-area=DefaultTaskDisplayArea@102847506 display-area-windowing-mode=1 inherit-from-source=fullscreen activity-options-fullscreen=Rect(0, 0 - 0, 0) non-freeform-display maximized-bounds
12-24 14:46:54.048  5254  5438 I AppIconSolution: default container[CROP], pkg=rw.flipper, bg=156-156, dr=192-192
12-24 14:46:54.049  4554  4568 D ActivityTaskManager: TaskLaunchParamsModifier:task=Task{f9c55df #6307 visible=false type=standard mode=fullscreen translucent=true I=rw.flipper/.MainActivity U=0 StackId=6307 sz=0} activity=ActivityRecord{8203c7e u0 rw.flipper/.MainActivity t-1} display-from-task=0 task-display-area=DefaultTaskDisplayArea@102847506 display-area-windowing-mode=1 inherit-from-source=fullscreen activity-options-fullscreen=Rect(0, 0 - 0, 0) non-freeform-display maximized-bounds
12-24 14:46:54.050  4230  4846 I SurfaceFlinger: id=7440 createSurf (0x0),-1 flag=80004, ActivityRecord{8203c7e u0 rw.flipper/.MainActivity t6307}#0
