12-24 14:46:54.052  5254  5438 I LauncherActivityInfo: packageName: rw.flipper, useThemeIcon: false, height: 156, width: 156, density: 640
12-24 14:46:54.057  4554  4568 D SurfaceControl: hide : mNativeObject = 516509106720 - sc.mNativeObject = 516430596928 - Surface(name=ActivityRecord{8203c7e u0 rw.flipper/.MainActivity t6307})/@0x134b22c
12-24 14:46:54.058  4554  4568 D SurfaceControl: nativeSetFlags Done : Surface(name=ActivityRecord{8203c7e u0 rw.flipper/.MainActivity t6307})/@0x134b22c
12-24 14:46:54.070   447   447 D ActivityThread: handleBindApplication()++ app=rw.flipper
12-24 14:46:54.080  4554  4568 D MARsPolicyManager: onPackageResumedFG pkgName = rw.flipper, userId = 0
12-24 14:46:54.113   447   447 D ActivityThread: ActivityThread::handleMakeApplication() data=AppBindData{appInfo=ApplicationInfo{1f77415 rw.flipper}} appContext=android.app.ContextImpl@8f9032a appContext.mOpPackageName=rw.flipper appContext.mBasePackageName=rw.flipper appContext.mPackageInfo=android.app.LoadedApk@d79551b data.restrictedBackupMode= false data.providers= [ContentProviderInfo{name=rw.flipper.SentryPerformanceProvider className=io.sentry.android.core.SentryPerformanceProvider}, ContentProviderInfo{name=rw.flipper.firebaseinitprovider className=com.google.firebase.provider.FirebaseInitProvider}, ContentProviderInfo{name=rw.flipper.flutterfirebasemessaginginitprovider className=io.flutter.plugins.firebase.messaging.FlutterFirebaseMessagingInitProvider}, ContentProviderInfo{name=rw.flipper.mlkitinitprovider className=com.google.mlkit.common.internal.MlKitInitProvider}, ContentProviderInfo{name=rw.flipper.flutter.printing className=net.nfet.flutter.printing.PrintFileProvider}, ContentProviderInfo{name=rw.flipper.flutter.image_provider className=io.flutter.plugins.imagepicker.ImagePickerFileProvider}, ContentProviderInfo{name=rw.flipper.fileProvider.com.crazecoder.openfile className=com.crazecoder.openfile.FileProvider}, ContentProviderInfo{name=rw.flipper.flutter.share_provider className=dev.fluttercommunity.plus.share.ShareFileProvider}, ContentProviderInfo{name=rw.flipper.androidx-startup className=androidx.startup.InitializationProvider}] Caller=android.app.ActivityThread.handleBindApplication:7484 android.app.ActivityThread.access$1400:301 android.app.ActivityThread$H.handleMessage:2156 android.os.Handler.dispatchMessage:106 android.os.Looper.loop:246 
12-24 14:46:54.115   447   447 D LoadedApk: LoadedApk::makeApplication() appContext=android.app.ContextImpl@279a6b8 appContext.mOpPackageName=rw.flipper appContext.mBasePackageName=rw.flipper appContext.mPackageInfo=android.app.LoadedApk@d79551b
12-24 14:46:54.136  4554  4568 D WindowManager: rotationForOrientation, orientationSource=ActivityRecord{8203c7e u0 rw.flipper/.MainActivity t6307}
12-24 14:46:54.136  4554  4568 D WindowManager: rotationForOrientation, orientationSource=ActivityRecord{8203c7e u0 rw.flipper/.MainActivity t6307}
12-24 14:46:54.137  4554  4568 D WindowManager: rotationForOrientation, orientationSource=ActivityRecord{8203c7e u0 rw.flipper/.MainActivity t6307}
12-24 14:46:54.138  4554  4568 D PkgDataHelper: notifyAppCreate(), pkgName: rw.flipper, sendRet: true
12-24 14:46:54.138  4554  4702 D GameManagerService: onLooperPrepared(), msg: MSG_APP_CREATE, pkgName: rw.flipper
12-24 14:46:54.140  4554  4702 D GameManagerService: onLooperPrepared(), msg: MSG_TASK_FOCUSED, focusedComponent: ComponentInfo{rw.flipper/rw.flipper.MainActivity}
12-24 14:46:54.140  4554  4702 D GameManagerService:   handleTaskFocused(), pkgName: rw.flipper, clsName: rw.flipper.MainActivity, userID:0
12-24 14:46:54.141  4554  4702 D GameManagerService:   handleResume(). pkgName: rw.flipper, isTunableApp: null
12-24 14:46:54.141  4554  4702 D GameManagerService: notifyFocusInOut(). of pkg: rw.flipper, type: 4, isMinimized: false, isTunableApp: false
12-24 14:46:54.141  4554  4568 D MARsPolicyManager: onPackageResumedFG pkgName = rw.flipper, userId = 0
12-24 14:46:54.147  4554  4585 V ActivityManager: Changed top to 10874,ProcessRecord{ec111e8 447:rw.flipper/u0a874}
12-24 14:46:54.150  4230  4846 I SurfaceFlinger: id=7441 createSurf (0x0),-1 flag=80004, eea268d Splash Screen rw.flipper#0
12-24 14:46:54.155  4554  4582 V LocationManagerService: location appop changed for rw.flipper
12-24 14:46:54.156  5978  6057 I RequestManager_FLP: onOpChanged, op=0 / packageName=rw.flipper
12-24 14:46:54.160  4554  4583 D SehCodecSolutionService: Update top [rw.flipper]
12-24 14:46:54.161  4554  4791 D PkgPredictorService: rw.flipper go to foreground!
12-24 14:46:54.161  4554  4791 D PkgPredictorService: previous pkgs: rw.flipper,rw.flipper,rw.flipper running pkg: rw.flipper, uid: 0 is system: false
12-24 14:46:54.162  4554  4791 D PkgPredictorService-Collector:  (hour:14 day:4 previous:[rw.flipper, rw.flipper, rw.flipper] activityName:unknown running:rw.flipper userId:0 screenOrientation:0 wifi:1 bt:0 predictTime:2 apkVersion:1.180.4252223234901 consumeTime:-1 preloaded:false>)
12-24 14:46:54.162  4554  4791 D PkgPredictorService-NapPreloadController: User using: rw.flipper
12-24 14:46:54.163  4554  4791 D PkgPredictorService-NapClassifier: Predict result: 141.0,38.0,195.0, - [0_&_rw.flipper, 0_&_com.android.vending, 0_&_com.zhiliaoapp.musically]
12-24 14:46:54.166  4554  5146 D GameManagerService: identifyForegroundApp. rw.flipper, mCurrentUserId: 0, callerUserId: 0
12-24 14:46:54.166  4554  5146 D PkgDataHelper: getGamePkgData(). rw.flipper
12-24 14:46:54.167  4554  4586 D InsetsSourceConsumer: setRequestedVisible: visible=false, type=0, host=Splash Screen rw.flipper, from=android.view.InsetsSourceConsumer.hide:236 android.view.InsetsController.collectSourceControls:1172 android.view.InsetsController.controlAnimationUnchecked:1049 android.view.InsetsController.applyAnimation:1417 android.view.InsetsController.hide:984 android.view.InsetsController.hide:967 android.view.ViewRootImpl.controlInsetsForCompatibility:2865 android.view.ViewRootImpl.performTraversals:3327 android.view.ViewRootImpl.doTraversal:2631 android.view.ViewRootImpl$TraversalRunnable.run:9984 
12-24 14:46:54.167  4554  4586 V WindowManager: Relayout Window{eea268d u0 Splash Screen rw.flipper}: viewVisibility=0 req=1080x2340
12-24 14:46:54.169  4554  7523 D GameManagerService: identifyGamePackage. rw.flipper, mCurrentUserId: 0, callerUserId: 0
12-24 14:46:54.169  4554  7523 D PkgDataHelper: getGamePkgData(). rw.flipper
12-24 14:46:54.169  4230  4846 I SurfaceFlinger: id=7442 createSurf (1080x2340),1 flag=4, Splash Screen rw.flipper#0
12-24 14:46:54.170  4554  4586 D WindowManager: makeSurface duration=1 name=Splash Screen rw.flipper
12-24 14:46:54.171  4554  4585 D GameManagerService: noteResumeComponent(), received resumed-component: rw.flipper
12-24 14:46:54.171  4554  4702 D GameManagerService: onLooperPrepared(), msg: MSG_APP_RESUME, resumeComponent: ComponentInfo{rw.flipper/rw.flipper.MainActivity}
12-24 14:46:54.173  4554  4702 D GameManagerService:   handleResume(). pkgName: rw.flipper, isTunableApp: null
12-24 14:46:54.173  4554  4702 D GameManagerService: notifyFocusInOut(). of pkg: rw.flipper, type: 4, isMinimized: false, isTunableApp: false
12-24 14:46:54.182  4554  4585 I GameSDK@LifeCycle: noteResumeComponent(): package name  : rw.flipper
12-24 14:46:54.183  4554  4585 D GameManagerService: identifyGamePackage. rw.flipper, mCurrentUserId: 0, callerUserId: 0
12-24 14:46:54.183  4554  4585 D PkgDataHelper: getGamePkgData(). rw.flipper
12-24 14:46:54.194  4554  4585 D SemGameManager: isGamePackage(), pkgName=rw.flipper
12-24 14:46:54.194  4554  4585 D GameManagerService: identifyGamePackage. rw.flipper, mCurrentUserId: 0, callerUserId: 0
12-24 14:46:54.194  4554  4585 D PkgDataHelper: getGamePkgData(). rw.flipper
12-24 14:46:54.217  4554  4586 D WindowManager: finishDrawingWindow: Window{eea268d u0 Splash Screen rw.flipper} mDrawState=DRAW_PENDING
12-24 14:46:54.224  4554  4586 D WindowManager: createAnimationAdapter(): container=Task{f9c55df #6307 visible=false type=standard mode=fullscreen translucent=true I=rw.flipper/.MainActivity U=0 StackId=6307 sz=1}
12-24 14:46:54.227  4554  4586 D WindowManager: 	Add container=Task{f9c55df #6307 visible=false type=standard mode=fullscreen translucent=true I=rw.flipper/.MainActivity U=0 StackId=6307 sz=1}
12-24 14:46:54.232   447   447 I FirebaseCrashlytics: Initializing Firebase Crashlytics 20.0.3 for rw.flipper
12-24 14:46:54.236  4554  4586 I WindowManager: container=Task{f9c55df #6307 visible=false type=standard mode=fullscreen translucent=true I=rw.flipper/.MainActivity U=0 StackId=6307 sz=1}
12-24 14:46:54.250  4554  4586 D InsetsSourceProvider: updateVisibility: serverVisible=true, clientVisible=false, source=InsetsSource: {mType=ITYPE_STATUS_BAR, mFrame=[0,0][1080,83], mVisible=false}, controlTarget=Window{eea268d u0 Splash Screen rw.flipper}, from=com.android.server.wm.InsetsSourceProvider.setClientVisible:378 com.android.server.wm.InsetsSourceProvider.onInsetsModified:363 com.android.server.wm.InsetsStateController.onInsetsModified:416 com.android.server.wm.InsetsPolicy.onInsetsModified:320 com.android.server.wm.Session.insetsModified:512 android.view.ViewRootInsetsControllerHost.onInsetsModified:152 android.view.InsetsController.updateRequestedState:1399 android.view.InsetsController.notifyVisibilityChanged:1309 android.view.InsetsSourceConsumer.setRequestedVisible:397 android.view.InsetsSourceConsumer.hide:236 
12-24 14:46:54.278  4230  4230 D SurfaceFlinger:      CLIENT | 0x78460362c0 | 0000 | RGBA_8888    |    0.0  341.0 1080.0 1421.0 |  319  543  516  740 | Splash Screen rw.flipper#0
12-24 14:46:54.282  4554  4586 V WindowManager: Relayout Window{eea268d u0 Splash Screen rw.flipper}: viewVisibility=0 req=1080x2340
12-24 14:46:54.284  4554  4586 I SurfaceControl: release : mNativeObject = 516517042848 - Surface(name=Splash Screen rw.flipper)/@0x96d38fa / android.view.SurfaceControl.assignNativeObject:571 android.view.SurfaceControl.copyFrom:591 com.android.server.wm.WindowSurfaceController.getSurfaceControl:561 com.android.server.wm.WindowManagerService.createSurfaceControl:2959 
12-24 14:46:54.291  4554  4961 D MdnieScenarioControlService:  packageName : rw.flipper    className : rw.flipper.MainActivity
12-24 14:46:54.320   447  1600 W rw.flipper: ClassLoaderContext classpath size mismatch. expected=13, found=0 (DLC[];PCL[base.apk*2201765484:base.apk!classes2.dex*63625498:base.apk!classes3.dex*4125276836:base.apk!classes4.dex*4127933447:base.apk!classes5.dex*986730365:base.apk!classes6.dex*3139395390:base.apk!classes7.dex*1590257613:base.apk!classes8.dex*3095033817:base.apk!classes9.dex*1110017803:base.apk!classes10.dex*3607852532:base.apk!classes11.dex*736609121:base.apk!classes12.dex*1002466557:base.apk!classes13.dex*250645285]{PCL[/system/framework/org.apache.http.legacy.jar*876722329]#PCL[/system/framework/com.android.media.remotedisplay.jar*1573936315]#PCL[/system/framework/com.android.location.provider.jar*1664931834]#PCL[/system/framework/org.apache.http.legacy.jar*876722329]} | DLC[];PCL[])
12-24 14:46:54.320   447  1603 I TetheringManager: registerTetheringEventCallback:rw.flipper
12-24 14:46:54.322   447  1603 D ConnectivityManager: ConnectivityManager() mContext=android.app.Application@840af58 getOpPackageName()=rw.flipper getBasePackageName()=rw.flipper getPackageName()=rw.flipper
12-24 14:46:54.338  4554  4586 D WindowManager: finishDrawingWindow: Window{eea268d u0 Splash Screen rw.flipper} mDrawState=HAS_DRAWN
12-24 14:46:54.346   447  1600 I rw.flipper: Waiting for a blocking GC ClassLinker
12-24 14:46:54.413   447  1600 I rw.flipper: WaitForGcToComplete blocked ClassLinker on ClassLinker for 67.248ms
12-24 14:46:54.461  4118  4118 E audit   : type=1400 audit(1766580414.459:42616): avc:  denied  { read } for  pid=447 comm="rw.flipper" name="max_map_count" dev="proc" ino=5052891 scontext=u:r:untrusted_app:s0:c106,c259,c512,c768 tcontext=u:object_r:proc_max_map_count:s0 tclass=file permissive=0 SEPF_SM-A505U1_11_0010 audit_filtered
12-24 14:46:54.461  4118  4118 E audit   : type=1300 audit(1766580414.459:42616): arch=c00000b7 syscall=56 success=no exit=-13 a0=ffffff9c a1=784899131d a2=0 a3=0 items=0 ppid=4141 pid=447 auid=4294967295 uid=10874 gid=10874 euid=10874 suid=10874 fsuid=10874 egid=10874 sgid=10874 fsgid=10874 tty=(none) ses=4294967295 comm="rw.flipper" exe="/system/bin/app_process64" subj=u:r:untrusted_app:s0:c106,c259,c512,c768 key=(null)
12-24 14:46:54.461  4118  4118 E audit   : type=1327 audit(1766580414.459:42616): proctitle="rw.flipper"
12-24 14:46:54.470   447  1600 W rw.flipper: ClassLoaderContext classpath size mismatch. expected=13, found=2 (DLC[];PCL[base.apk*2201765484:base.apk!classes2.dex*63625498:base.apk!classes3.dex*4125276836:base.apk!classes4.dex*4127933447:base.apk!classes5.dex*986730365:base.apk!classes6.dex*3139395390:base.apk!classes7.dex*1590257613:base.apk!classes8.dex*3095033817:base.apk!classes9.dex*1110017803:base.apk!classes10.dex*3607852532:base.apk!classes11.dex*736609121:base.apk!classes12.dex*1002466557:base.apk!classes13.dex*250645285]{PCL[/system/framework/org.apache.http.legacy.jar*876722329]#PCL[/system/framework/com.android.media.remotedisplay.jar*1573936315]#PCL[/system/framework/com.android.location.provider.jar*1664931834]#PCL[/system/framework/org.apache.http.legacy.jar*876722329]} | DLC[];PCL[/data/app/~~xwWCf7SJ-i5HfijEpKTSlA==/rw.flipper-RwSp0BDf7c9JJ9zHo9PQEw==/base.apk*66741390:/data/app/~~xwWCf7SJ-i5HfijEpKTSlA==/rw.flipper-RwSp0BDf7c9JJ9zHo9PQEw==/base.apk!classes2.dex*1084988936])
12-24 14:46:54.475   447  1600 W rw.flipper: Found duplicate classes, falling back to extracting from APK : /data/app/~~YkLYefOUqP3Nd01k23wuBQ==/com.google.android.gms-gjU1uGlsNhac4m9uqWWYnw==/split_MeasurementDynamite_installtime.apk
12-24 14:46:54.475   447  1600 W rw.flipper: NOTE: This wastes RAM and hurts startup performance.
12-24 14:46:54.475   447  1600 W rw.flipper: Found duplicated class when checking oat files: 'Landroid/app/AppComponentFactory;' in /data/app/~~YkLYefOUqP3Nd01k23wuBQ==/com.google.android.gms-gjU1uGlsNhac4m9uqWWYnw==/split_MeasurementDynamite_installtime.apk and /data/app/~~xwWCf7SJ-i5HfijEpKTSlA==/rw.flipper-RwSp0BDf7c9JJ9zHo9PQEw==/base.apk
12-24 14:46:54.492  4554  7523 D ActivityTaskManager: finishFixedRotationTransform, r=ActivityRecord{8203c7e u0 rw.flipper/.MainActivity t6307}, caller=com.android.server.wm.WindowToken.finishFixedRotationTransform:664 com.android.server.wm.DisplayContent$FixedRotationTransitionListener.onAppTransitionFinishedLocked:7024 com.android.server.wm.AppTransition.notifyAppTransitionFinishedLocked:543 com.android.server.wm.ActivityRecord.onAnimationFinished:7164 com.android.server.wm.WindowContainer.doAnimationFinished:2626 
12-24 14:46:54.494  4554  7523 D WindowManager: 	container=Task{f9c55df #6307 visible=false type=standard mode=fullscreen translucent=true I=rw.flipper/.MainActivity U=0 StackId=6307 sz=1}
12-24 14:46:54.527  4230  4230 D SurfaceFlinger:      DEVICE | 0x781c810540 | 0000 | RGBA_8888    |    0.0    0.0 1080.0 2340.0 |    0    0 1080 2340 | Splash Screen rw.flipper#0
12-24 14:46:54.588  4230  4230 D SurfaceFlinger:      DEVICE | 0x781c810540 | 0000 | RGBA_8888    |    0.0    0.0 1080.0 2340.0 |    0    0 1080 2340 | Splash Screen rw.flipper#0
12-24 14:46:54.604  4554  4628 I AppsFilter: interaction: PackageSetting{a11031a rw.flipper.auth/10845} -> PackageSetting{b1360b4 com.facebook.appmanager/10222} BLOCKED
12-24 14:46:54.634   447   447 D com.llfbandit.app_links: Intent { act=android.intent.action.MAIN cat=[android.intent.category.LAUNCHER] flg=0x10200000 cmp=rw.flipper/.MainActivity bnds=[291,510][537,851] }
12-24 14:46:54.636 20676 26213 I PhenotypeResourceReader: unable to find any Phenotype resource metadata for rw.flipper
12-24 14:46:54.737   447   447 D FirebaseSessions: App foregrounded on rw.flipper
12-24 14:46:54.738   447   447 D FirebaseSessions: Process rw.flipper is stale
12-24 14:46:54.744   447  1596 D FirebaseSessions: Process rw.flipper is stale
12-24 14:46:54.744   447  1648 E rw.flipper: No package ID 6b found for ID 0x6b0b0013.
12-24 14:46:54.748  4230  4251 I SurfaceFlinger: id=7448 createSurf (0x0),-1 flag=80004, f0278e5 rw.flipper/rw.flipper.MainActivity#0
12-24 14:46:54.749   447  1648 I FA      :   adb shell setprop debug.firebase.analytics.app rw.flipper
12-24 14:46:54.788  4554  7495 V WindowManager: Relayout Window{f0278e5 u0 rw.flipper/rw.flipper.MainActivity}: viewVisibility=0 req=1080x2340
12-24 14:46:54.792  4230  4251 I SurfaceFlinger: id=7449 createSurf (1080x2340),1 flag=4, rw.flipper/rw.flipper.MainActivity$_447#0
12-24 14:46:54.793  4554  7495 D WindowManager: makeSurface duration=1 name=rw.flipper/rw.flipper.MainActivity$_447
12-24 14:46:54.794  4554  7495 V WindowManager: Changing focus from null to Window{f0278e5 u0 rw.flipper/rw.flipper.MainActivity} displayId=0 Callers=com.android.server.wm.RootWindowContainer.updateFocusedWindowLocked:567 com.android.server.wm.WindowManagerService.updateFocusedWindowLocked:6302 com.android.server.wm.WindowManagerService.relayoutWindow:2715 com.android.server.wm.Session.relayout:219 
12-24 14:46:54.802  4554  7495 I SurfaceControl: release : mNativeObject = 516428893408 - Surface(name=rw.flipper/rw.flipper.MainActivity$_447)/@0x1753b6a / android.view.SurfaceControl.writeToParcel:1140 android.view.IWindowSession$Stub.onTransact:925 com.android.server.wm.Session.onTransact:145 android.os.Binder.execTransactInternal:1190 
12-24 14:46:54.806  4554  4798 D InsetsSourceProvider: updateVisibility: serverVisible=true, clientVisible=true, source=InsetsSource: {mType=ITYPE_STATUS_BAR, mFrame=[0,0][1080,83], mVisible=true}, controlTarget=Window{f0278e5 u0 rw.flipper/rw.flipper.MainActivity}, from=com.android.server.wm.InsetsSourceProvider.setClientVisible:378 com.android.server.wm.InsetsSourceProvider.onInsetsModified:363 com.android.server.wm.InsetsStateController.onInsetsModified:416 com.android.server.wm.InsetsPolicy.onInsetsModified:320 com.android.server.wm.Session.insetsModified:512 android.view.IWindowSession$Stub.onTransact:1398 com.android.server.wm.Session.onTransact:145 android.os.Binder.execTransactInternal:1195 android.os.Binder.execTransact:1159 <bottom of call stack> 
12-24 14:46:54.811  4554  4585 D InsetsSourceProvider: updateVisibility: serverVisible=true, clientVisible=true, source=InsetsSource: {mType=ITYPE_STATUS_BAR, mFrame=[0,0][1080,83], mVisible=true}, controlTarget=Window{f0278e5 u0 rw.flipper/rw.flipper.MainActivity}, from=com.android.server.wm.InsetsSourceProvider.setServerVisible:384 com.android.server.wm.InsetsSourceProvider.onPostLayout:237 com.android.server.wm.InsetsStateController.onPostLayout:390 com.android.server.wm.DisplayContent.applySurfaceChangesTransaction:4879 com.android.server.wm.RootWindowContainer.applySurfaceChangesTransaction:1292 com.android.server.wm.RootWindowContainer.performSurfacePlacementNoTrace:1021 com.android.server.wm.RootWindowContainer.performSurfacePlacement:959 com.android.server.wm.WindowSurfacePlacer.performSurfacePlacementLoop:182 com.android.server.wm.WindowSurfacePlacer.performSurfacePlacement:131 com.android.server.wm.WindowSurfacePlacer.performSurfacePlacement:120 
12-24 14:46:54.817  4230  4251 I SurfaceFlinger: id=7452 createSurf (0x0),-1 flag=80004, Bounds for - rw.flipper/rw.flipper.MainActivity@0#0
12-24 14:46:54.818  4230  4845 I SurfaceFlinger: id=7453 createSurf (1080x2214),4 flag=404, SurfaceView - rw.flipper/rw.flipper.MainActivity@98caae9@0#0
12-24 14:46:54.818  4230  4845 I SurfaceFlinger: id=7454 createSurf (0x0),-1 flag=20404, Background for -SurfaceView - rw.flipper/rw.flipper.MainActivity@98caae9@0#0
12-24 14:46:54.885  4230  4251 E BufferQueueProducer: [SurfaceView - rw.flipper/rw.flipper.MainActivity@98caae9@0#0](id:108600000636,api:0,p:-1,c:4230) disconnect: not connected (req=1)
12-24 14:46:54.912   447   447 D LocationPlugin: Service connected: ComponentInfo{rw.flipper/com.lyokone.location.FlutterLocationService}
12-24 14:46:54.918  4554  5146 V WindowManager: Relayout Window{f0278e5 u0 rw.flipper/rw.flipper.MainActivity}: viewVisibility=0 req=1080x2340
12-24 14:46:54.921  4554  5146 I SurfaceControl: release : mNativeObject = 516516101472 - Surface(name=rw.flipper/rw.flipper.MainActivity$_447)/@0xcb8c6d4 / android.view.SurfaceControl.writeToParcel:1140 android.view.IWindowSession$Stub.onTransact:925 com.android.server.wm.Session.onTransact:145 android.os.Binder.execTransactInternal:1190 
12-24 14:46:54.922   447   447 I SurfaceControl: release : mNativeObject = 518626315296 - Surface(name=rw.flipper/rw.flipper.MainActivity$_447)/@0xa45d1c9 / android.view.SurfaceControl.assignNativeObject:571 android.view.SurfaceControl.readFromParcel:1119 android.view.IWindowSession$Stub$Proxy.relayout:1814 android.view.ViewRootImpl.relayoutWindow:9018 
12-24 14:46:54.924  4230  4251 E BufferQueueProducer: [rw.flipper/rw.flipper.MainActivity$_447#0](id:108600000635,api:0,p:-1,c:4230) disconnect: not connected (req=1)
12-24 14:46:54.947  4554  7523 D ConnectivityService: requestNetwork for uid/pid:10874/447 NetworkRequest [ TRACK_DEFAULT id=7403, [ Capabilities: INTERNET&NOT_RESTRICTED&TRUSTED Uid: 10874 AdministratorUids: [] RequestorUid: 10874 RequestorPackageName: rw.flipper] ]
12-24 14:46:54.948  4554  4727 D WifiNetworkFactory: got request NetworkRequest [ TRACK_DEFAULT id=7403, [ Capabilities: INTERNET&NOT_RESTRICTED&TRUSTED Uid: 10874 AdministratorUids: [] RequestorUid: 10874 RequestorPackageName: rw.flipper] ] with score 60 and providerId 4
12-24 14:46:54.949  4554  4831 D Ethernet: got request NetworkRequest [ TRACK_DEFAULT id=7403, [ Capabilities: INTERNET&NOT_RESTRICTED&TRUSTED Uid: 10874 AdministratorUids: [] RequestorUid: 10874 RequestorPackageName: rw.flipper] ] with score 60 and providerId 4
12-24 14:46:54.949  4866  4866 D PhoneSwitcherNetworkRequstListener: got request NetworkRequest [ TRACK_DEFAULT id=7403, [ Capabilities: INTERNET&NOT_RESTRICTED&TRUSTED Uid: 10874 AdministratorUids: [] RequestorUid: 10874 RequestorPackageName: rw.flipper] ] with score 60 and providerId 4
12-24 14:46:54.949  4554  4727 D UntrustedWifiNetworkFactory: got request NetworkRequest [ TRACK_DEFAULT id=7403, [ Capabilities: INTERNET&NOT_RESTRICTED&TRUSTED Uid: 10874 AdministratorUids: [] RequestorUid: 10874 RequestorPackageName: rw.flipper] ] with score 60 and providerId 4
12-24 14:46:54.994  4554  7523 V WindowManager: Relayout Window{f0278e5 u0 rw.flipper/rw.flipper.MainActivity}: viewVisibility=0 req=1080x2340
12-24 14:46:54.997  4554  7523 I SurfaceControl: release : mNativeObject = 516515512704 - Surface(name=rw.flipper/rw.flipper.MainActivity$_447)/@0x673cbb3 / android.view.SurfaceControl.writeToParcel:1140 android.view.IWindowSession$Stub.onTransact:925 com.android.server.wm.Session.onTransact:145 android.os.Binder.execTransactInternal:1190 
12-24 14:46:54.998   447   447 I SurfaceControl: release : mNativeObject = 516643668480 - Surface(name=rw.flipper/rw.flipper.MainActivity$_447)/@0xa45d1c9 / android.view.SurfaceControl.assignNativeObject:571 android.view.SurfaceControl.readFromParcel:1119 android.view.IWindowSession$Stub$Proxy.relayout:1814 android.view.ViewRootImpl.relayoutWindow:9018 
12-24 14:46:55.000   447   447 I ViewRootImpl@f21e20a[MainActivity]: updateBoundsLayer: shouldReparent = false t = android.view.SurfaceControl$Transaction@c7ee669 sc = Surface(name=Bounds for - rw.flipper/rw.flipper.MainActivity@0)/@0xa7248ee frame = 1
12-24 14:46:55.173  4554  5146 V WindowManager: Relayout Window{f0278e5 u0 rw.flipper/rw.flipper.MainActivity}: viewVisibility=0 req=1080x2340
12-24 14:46:55.176  4554  5146 I SurfaceControl: release : mNativeObject = 516516101472 - Surface(name=rw.flipper/rw.flipper.MainActivity$_447)/@0x8b15207 / android.view.SurfaceControl.writeToParcel:1140 android.view.IWindowSession$Stub.onTransact:925 com.android.server.wm.Session.onTransact:145 android.os.Binder.execTransactInternal:1190 
12-24 14:46:55.176   447   447 I SurfaceControl: release : mNativeObject = 516643669920 - Surface(name=rw.flipper/rw.flipper.MainActivity$_447)/@0xa45d1c9 / android.view.SurfaceControl.assignNativeObject:571 android.view.SurfaceControl.readFromParcel:1119 android.view.IWindowSession$Stub$Proxy.relayout:1814 android.view.ViewRootImpl.relayoutWindow:9018 
12-24 14:46:55.178   447   447 I ViewRootImpl@f21e20a[MainActivity]: updateBoundsLayer: shouldReparent = false t = android.view.SurfaceControl$Transaction@c7ee669 sc = Surface(name=Bounds for - rw.flipper/rw.flipper.MainActivity@0)/@0xa7248ee frame = 1
12-24 14:46:55.178   447   447 D SurfaceControl: deferTransactionUntil : Surface(name=Bounds for - rw.flipper/rw.flipper.MainActivity@0)/@0xa7248ee FN:1 caller:android.view.ViewRootImpl.updateBoundsLayer:2477 android.view.ViewRootImpl.performTraversals:3701 android.view.ViewRootImpl.doTraversal:2631 android.view.ViewRootImpl$TraversalRunnable.run:9984 
12-24 14:46:55.180  4230  5516 E BufferQueueProducer: [SurfaceView - rw.flipper/rw.flipper.MainActivity@98caae9@0#0](id:108600000636,api:0,p:-1,c:4230) disconnect: not connected (req=1)
12-24 14:46:55.382   447   447 I flutter : 🔧 [DatabaseManager] Starting database configuration for: /data/user/0/rw.flipper/databases/flipper_v45.sqlite
12-24 14:46:55.485  4554  4798 V WindowManager: Relayout Window{f0278e5 u0 rw.flipper/rw.flipper.MainActivity}: viewVisibility=0 req=1080x2340
12-24 14:46:55.488  4554  4798 I SurfaceControl: release : mNativeObject = 516517043712 - Surface(name=rw.flipper/rw.flipper.MainActivity$_447)/@0xc3f6791 / android.view.SurfaceControl.writeToParcel:1140 android.view.IWindowSession$Stub.onTransact:925 com.android.server.wm.Session.onTransact:145 android.os.Binder.execTransactInternal:1190 
12-24 14:46:55.489   447   447 I SurfaceControl: release : mNativeObject = 516643672128 - Surface(name=rw.flipper/rw.flipper.MainActivity$_447)/@0xa45d1c9 / android.view.SurfaceControl.assignNativeObject:571 android.view.SurfaceControl.readFromParcel:1119 android.view.IWindowSession$Stub$Proxy.relayout:1814 android.view.ViewRootImpl.relayoutWindow:9018 
12-24 14:46:55.491   447   447 I ViewRootImpl@f21e20a[MainActivity]: updateBoundsLayer: shouldReparent = false t = android.view.SurfaceControl$Transaction@c7ee669 sc = Surface(name=Bounds for - rw.flipper/rw.flipper.MainActivity@0)/@0xa7248ee frame = 1
12-24 14:46:55.491   447   447 D SurfaceControl: deferTransactionUntil : Surface(name=Bounds for - rw.flipper/rw.flipper.MainActivity@0)/@0xa7248ee FN:1 caller:android.view.ViewRootImpl.updateBoundsLayer:2477 android.view.ViewRootImpl.performTraversals:3701 android.view.ViewRootImpl.doTraversal:2631 android.view.ViewRootImpl$TraversalRunnable.run:9984 
12-24 14:46:55.512   447  1690 I SurfaceView: applySurfaceTransforms: t = android.view.SurfaceControl$Transaction@903e33d surfaceControl = Surface(name=SurfaceView - rw.flipper/rw.flipper.MainActivity@98caae9@0)/@0x3fbcd49 frame = 1
12-24 14:46:55.529  4554  4798 D WindowManager: finishDrawingWindow: Window{f0278e5 u0 rw.flipper/rw.flipper.MainActivity} mDrawState=DRAW_PENDING
12-24 14:46:55.533  4554  4586 D PkgPredictorService: pkg:rw.flipper activity:rw.flipper.MainActivity thisTime:1491
12-24 14:46:55.543  4230  4230 D SurfaceFlinger:      DEVICE | 0x781c810540 | 0000 | RGBA_8888    |    0.0    0.0 1080.0 2340.0 |    0    0 1080 2340 | Splash Screen rw.flipper#0
12-24 14:46:55.543  4554  4590 D ArtManagerInternalImpl: /data/misc/iorapd/rw.flipper/1756528594/rw.flipper.MainActivity/compiled_traces/compiled_trace.pb doesn't exist
12-24 14:46:55.547  4554  4590 I ActivityTaskManager: Displayed rw.flipper/.MainActivity: +1s491ms
12-24 14:46:55.548  4554  4590 I ActivityTaskManager: Fully drawn rw.flipper/.MainActivity: +1s491ms
12-24 14:46:55.560  4554  7523 D ConnectivityService: requestNetwork for uid/pid:10874/447 NetworkRequest [ TRACK_DEFAULT id=7404, [ Capabilities: INTERNET&NOT_RESTRICTED&TRUSTED Uid: 10874 AdministratorUids: [] RequestorUid: 10874 RequestorPackageName: rw.flipper] ]
12-24 14:46:55.562  4230  4230 D SurfaceFlinger:      DEVICE | 0x78c7a39740 | 0002 | RGBA_8888    |    0.0    0.0 1080.0 2340.0 |    0    0 1080 2340 | SurfaceView - rw.flipper/rw.flipper.MainActivity@98caae9@0#0
12-24 14:46:55.562  4230  4230 D SurfaceFlinger:      DEVICE | 0x78c7a376c0 | 0000 | RGBA_8888    |    0.0    0.0 1080.0 2340.0 |    0    0 1080 2340 | rw.flipper/rw.flipper.MainActivity$_447#0
12-24 14:46:55.562  4230  4230 D SurfaceFlinger:      DEVICE | 0x781c810540 | 0000 | RGBA_8888    |    0.0    0.0 1080.0 2340.0 |    0    0 1080 2340 | Splash Screen rw.flipper#0
12-24 14:46:55.563  4866  4866 D PhoneSwitcherNetworkRequstListener: got request NetworkRequest [ TRACK_DEFAULT id=7404, [ Capabilities: INTERNET&NOT_RESTRICTED&TRUSTED Uid: 10874 AdministratorUids: [] RequestorUid: 10874 RequestorPackageName: rw.flipper] ] with score 60 and providerId 4
12-24 14:46:55.563  4554  4727 D WifiNetworkFactory: got request NetworkRequest [ TRACK_DEFAULT id=7404, [ Capabilities: INTERNET&NOT_RESTRICTED&TRUSTED Uid: 10874 AdministratorUids: [] RequestorUid: 10874 RequestorPackageName: rw.flipper] ] with score 60 and providerId 4
12-24 14:46:55.563  4554  4727 D UntrustedWifiNetworkFactory: got request NetworkRequest [ TRACK_DEFAULT id=7404, [ Capabilities: INTERNET&NOT_RESTRICTED&TRUSTED Uid: 10874 AdministratorUids: [] RequestorUid: 10874 RequestorPackageName: rw.flipper] ] with score 60 and providerId 4
12-24 14:46:55.563  4554  4831 D Ethernet: got request NetworkRequest [ TRACK_DEFAULT id=7404, [ Capabilities: INTERNET&NOT_RESTRICTED&TRUSTED Uid: 10874 AdministratorUids: [] RequestorUid: 10874 RequestorPackageName: rw.flipper] ] with score 60 and providerId 4
12-24 14:46:55.571  4554  4586 I SurfaceControl: release : mNativeObject = 516519503328 - Surface(name=Splash Screen rw.flipper)/@0x96d38fa / android.view.ViewRootImpl.destroySurface:2497 android.view.ViewRootImpl.dispatchDetachedFromWindow:5719 android.view.ViewRootImpl.doDie:9350 android.view.ViewRootImpl$ViewRootHandler.handleMessage:6194 
12-24 14:46:55.572  4554  4586 I WindowManager: Reparenting to leash, surface=Surface(name=eea268d Splash Screen rw.flipper)/@0x3716900, leashParent=Surface(name=ActivityRecord{8203c7e u0 rw.flipper/.MainActivity t6307})/@0x134b22c
12-24 14:46:55.572  4230  4252 I SurfaceFlinger: id=7455 createSurf (0x0),-1 flag=24000, Surface(name=eea268d Splash Screen rw.flipper)/@0x3716900 - animation-leash#0
12-24 14:46:55.573  4554  4586 D WindowManager: makeSurface duration=1 leash=Surface(name=Surface(name=eea268d Splash Screen rw.flipper)/@0x3716900 - animation-leash)/@0xb47e539
12-24 14:46:55.620   447   447 V InputMethodManager: Starting input: tba=rw.flipper ic=null mNaviBarColor -16777216 mIsGetNaviBarColorSuccess true , NavVisible : true , NavTrans : false
12-24 14:46:55.640  4554  4586 I WindowManager: Reparenting to original parent: Surface(name=ActivityRecord{8203c7e u0 rw.flipper/.MainActivity t6307})/@0x134b22c, destroy=true, surface=Surface(name=eea268d Splash Screen rw.flipper)/@0x3716900
12-24 14:46:55.640  4554  4586 I SurfaceControl: release : mNativeObject = 516519503328 - Surface(name=Surface(name=eea268d Splash Screen rw.flipper)/@0x3716900 - animation-leash)/@0xb47e539 / android.view.SurfaceControl$Transaction.remove:3475 com.android.server.wm.SurfaceAnimator.removeLeash:418 com.android.server.wm.SurfaceAnimator.reset:384 com.android.server.wm.SurfaceAnimator.lambda$getFinishedCallback$0$SurfaceAnimator:110 
12-24 14:46:55.641  4554  4586 D SurfaceControl: hide : mNativeObject = 516509106720 - sc.mNativeObject = 516428895136 - Surface(name=Splash Screen rw.flipper)/@0x111ddc4
12-24 14:46:55.641  4554  4586 D SurfaceControl: nativeSetFlags Done : Surface(name=Splash Screen rw.flipper)/@0x111ddc4
12-24 14:46:55.641  4554  4586 E WindowManager: win=Window{eea268d u0 Splash Screen rw.flipper EXITING} destroySurfaces: appStopped=false win.mWindowRemovalAllowed=true win.mRemoveOnExit=true win.mViewVisibility=0 caller=com.android.server.wm.ActivityRecord.destroySurfaces:5251 com.android.server.wm.ActivityRecord.destroySurfaces:5232 com.android.server.wm.WindowState.onExitAnimationDone:5654 com.android.server.wm.WindowStateAnimator.onAnimationFinished:332 com.android.server.wm.WindowState.onAnimationFinished:6119 com.android.server.wm.-$$Lambda$dwJG8BAnLlvKNGuDY9U3-haNY4M.onAnimationFinished:2 com.android.server.wm.SurfaceAnimator.lambda$getFinishedCallback$0$SurfaceAnimator:112 
12-24 14:46:55.642  4554  4586 I WindowManager: Destroying surface Surface(name=Splash Screen rw.flipper)/@0x111ddc4 called by com.android.server.wm.WindowStateAnimator.destroySurface:1794 com.android.server.wm.WindowStateAnimator.destroySurfaceLocked:765 com.android.server.wm.WindowState.destroySurfaceUnchecked:3949 com.android.server.wm.WindowState.destroySurface:3923 com.android.server.wm.ActivityRecord.destroySurfaces:5251 com.android.server.wm.ActivityRecord.destroySurfaces:5232 com.android.server.wm.WindowState.onExitAnimationDone:5654 com.android.server.wm.WindowStateAnimator.onAnimationFinished:332 
12-24 14:46:55.642  4554  4586 I SurfaceControl: release : mNativeObject = 516428895136 - Surface(name=Splash Screen rw.flipper)/@0x111ddc4 / android.view.SurfaceControl$Transaction.remove:3475 com.android.server.wm.WindowSurfaceController.destroyNotInTransaction:225 com.android.server.wm.WindowStateAnimator.destroySurface:1794 com.android.server.wm.WindowStateAnimator.destroySurfaceLocked:765 
12-24 14:46:55.643  4230  5516 I Layer   : id=7442 removeFromCurrentState Splash Screen rw.flipper#0 (106)
12-24 14:46:55.643   447   447 V InputMethodManager: Starting input: tba=rw.flipper ic=null mNaviBarColor -16777216 mIsGetNaviBarColorSuccess true , NavVisible : true , NavTrans : false
12-24 14:46:55.647  4554  4586 I SurfaceControl: release : mNativeObject = 516516093888 - Surface(name=eea268d Splash Screen rw.flipper)/@0x3716900 / android.view.SurfaceControl$Transaction.remove:3475 com.android.server.wm.WindowContainer.removeImmediately:649 com.android.server.wm.WindowState.removeImmediately:2632 com.android.server.wm.WindowState.destroySurface:3926 
12-24 14:46:55.660  4230  4230 D SurfaceFlinger:      DEVICE | 0x78c7a39740 | 0002 | RGBA_8888    |    0.0    0.0 1080.0 2340.0 |    0    0 1080 2340 | SurfaceView - rw.flipper/rw.flipper.MainActivity@98caae9@0#0
12-24 14:46:55.660  4230  4230 D SurfaceFlinger:      DEVICE | 0x78c7a376c0 | 0000 | RGBA_8888    |    0.0    0.0 1080.0 2340.0 |    0    0 1080 2340 | rw.flipper/rw.flipper.MainActivity$_447#0
12-24 14:46:55.671  4230  4252 I Layer   : id=7441 removeFromCurrentState eea268d Splash Screen rw.flipper#0 (106)
12-24 14:46:55.671  4230  4252 I Layer   : id=7455 removeFromCurrentState Surface(name=eea268d Splash Screen rw.flipper)/@0x3716900 - animation-leash#0 (106)
12-24 14:46:55.671  4230  4252 I SurfaceFlinger: id=7441 Removed eea268d Splash Screen rw.flipper#0 (106)
12-24 14:46:55.671  4230  5516 I SurfaceFlinger: id=7455 Removed Surface(name=eea268d Splash Screen rw.flipper)/@0x3716900 - animation-leash#0 (106)
12-24 14:46:55.671  4230  4252 I SurfaceFlinger: id=7442 Removed Splash Screen rw.flipper#0 (106)
12-24 14:46:55.686  4230  4230 I Layer   : id=7442[1] Destroyed Splash Screen rw.flipper#0
12-24 14:46:55.686  4230  4230 I Layer   : id=7455[1] Destroyed Surface(name=eea268d Splash Screen rw.flipper)/@0x3716900 - animation-leash#0
12-24 14:46:55.686  4230  4230 I Layer   : id=7441[1] Destroyed eea268d Splash Screen rw.flipper#0
12-24 14:46:55.791   447   447 I flutter : 📂 Using persistence directory: /data/user/0/rw.flipper/databases
12-24 14:46:55.833  4554  4583 D SehCodecSolutionService: Update top [rw.flipper]
12-24 14:46:55.859   447  1737 I Ditto   : ditto_init: starting Ditto... app_id=84ba6a9e-c8fd-40dc-9126-d0924388b3b8 local.peer_id=pkAocCgkMCz-fWTO65GZAcoWc5dfYh8Hiljyk5Pjd3Erkq9jrC6LE sdk.platform=Android sdk.language=Flutter sdk.version=4.14.0 sdk.commit=a023919c3e absolute_persistence_directory=PersistenceDirectory("/data/data/rw.flipper/databases")
12-24 14:46:55.964  4554  4961 D MdnieScenarioControlService:  packageName : rw.flipper    className : rw.flipper.MainActivity
12-24 14:46:56.040  4554  4591 D ApplicationPolicy: isStatusBarNotificationAllowedAsUser: packageName = rw.flipper,userId = 0
12-24 14:46:56.041  4554  4591 D ApplicationPolicy: isStatusBarNotificationAllowedAsUser: packageName = rw.flipper,userId = 0
12-24 14:46:56.140   447   447 I flutter : [38;5;3m│ [warning] | 14:46:56 140ms | Local file not found: /Users/richard/Library/Containers/rw.flipper/Data/Documents/db/1747592308648_banana.jpg[0m
12-24 14:46:56.274   447  1579 I rw.flipper: Background concurrent copying GC freed 60037(3528KB) AllocSpace objects, 43(1788KB) LOS objects, 50% free, 5925KB/11MB, paused 233us total 121.320ms
12-24 14:46:56.678  5254  5254 I Launcher.NotificationListener: onNotificationPosted : rw.flipper number : 0
12-24 14:46:56.678  5254  5438 I Launcher.NotificationListener: notificationIsValidForUI : rw.flipper missingTitleAndText : false isGroupHeader : false
12-24 14:46:56.685 13290 13290 I Friday_SysNotificationListener: onNotificationPosted()::sbn.getPackageName() = rw.flipper
12-24 14:46:56.692  5978  6057 I RequestManager_FLP: Notification for foreground service is posted, from rw.flipper
12-24 14:46:56.817  4904  4904 D InterruptionStateProvider: No bubble up: not allowed to bubble: 0|rw.flipper|1001|null|10874
12-24 14:46:56.835  4904  4904 D InterruptionStateProvider:  no Heads up : edgelighting enabled app. 0|rw.flipper|1001|null|10874
12-24 14:46:57.165  4554  4791 D PkgPredictorService-NapPreloadController: [ML] Sent pkg = rw.flipper uid: 0 type: ml
12-24 14:46:57.167  4554  5312 I ActivityManager: [ML][SD] app:rw.flipper is exist findPkgforMl:false  isOnMemory:true
12-24 14:46:57.966   447  1736 W System.err: java.lang.ClassNotFoundException: Didn't find class "org/rustls/platformverifier/CertificateVerifier" on path: DexPathList[[zip file "/data/app/~~xwWCf7SJ-i5HfijEpKTSlA==/rw.flipper-RwSp0BDf7c9JJ9zHo9PQEw==/base.apk"],nativeLibraryDirectories=[/data/app/~~xwWCf7SJ-i5HfijEpKTSlA==/rw.flipper-RwSp0BDf7c9JJ9zHo9PQEw==/lib/arm64, /data/app/~~xwWCf7SJ-i5HfijEpKTSlA==/rw.flipper-RwSp0BDf7c9JJ9zHo9PQEw==/base.apk!/lib/arm64-v8a, /system/lib64]]
12-24 14:47:00.063   447  1998 D ProfileInstaller: Skipping profile installation for rw.flipper
12-24 14:47:00.214  4554 19860 D GameManagerService: identifyGamePackage. rw.flipper, mCurrentUserId: 0, callerUserId: 0
12-24 14:47:00.214  4554 19860 D PkgDataHelper: getGamePkgData(). rw.flipper
12-24 14:47:07.438 11001 11001 I AppsEdge.Badge: key=rw.flipper:0 count=1
12-24 14:47:08.583  4554  5099 V WindowManager: Relayout Window{f0278e5 u0 rw.flipper/rw.flipper.MainActivity}: viewVisibility=0 req=1080x2340
12-24 14:47:08.593  4554  5099 I SurfaceControl: release : mNativeObject = 516428897056 - Surface(name=rw.flipper/rw.flipper.MainActivity$_447)/@0xd005baa / android.view.SurfaceControl.writeToParcel:1140 android.view.IWindowSession$Stub.onTransact:925 com.android.server.wm.Session.onTransact:145 android.os.Binder.execTransactInternal:1190 
12-24 14:47:08.596   447   447 I SurfaceControl: release : mNativeObject = 516212121088 - Surface(name=rw.flipper/rw.flipper.MainActivity$_447)/@0xa45d1c9 / android.view.SurfaceControl.assignNativeObject:571 android.view.SurfaceControl.readFromParcel:1119 android.view.IWindowSession$Stub$Proxy.relayout:1814 android.view.ViewRootImpl.relayoutWindow:9018 
12-24 14:47:08.599   447   447 I ViewRootImpl@f21e20a[MainActivity]: updateBoundsLayer: shouldReparent = false t = android.view.SurfaceControl$Transaction@c7ee669 sc = Surface(name=Bounds for - rw.flipper/rw.flipper.MainActivity@0)/@0xa7248ee frame = 2
12-24 14:47:18.734  4139  4145 E statsd  : Predicate 5980654721335871649 dropping data for dimension key (10)0x2010101->10874[I] (10)0x30000->*job*/rw.flipper/com.google.android.datatransport.runtime.scheduling.jobscheduling.JobInfoSchedulerService[S] 
12-24 14:47:19.826 11001 11001 I AppsEdge.Badge: key=rw.flipper:0 count=1
12-24 14:47:21.869  4554  4554 D GameManagerService: identifyGamePackage. rw.flipper, mCurrentUserId: 0, callerUserId: 0
12-24 14:47:21.869  4554  4554 D PkgDataHelper: getGamePkgData(). rw.flipper
12-24 14:47:21.870  4554  4554 D GameManagerService: identifyGamePackage. rw.flipper, mCurrentUserId: 0, callerUserId: 0
12-24 14:47:21.870  4554  4554 D PkgDataHelper: getGamePkgData(). rw.flipper
12-24 14:47:22.159  4139  4145 E statsd  : Predicate 5980654721335871649 dropping data for dimension key (10)0x2010101->10874[I] (10)0x30000->*job*/rw.flipper/com.google.android.datatransport.runtime.scheduling.jobscheduling.JobInfoSchedulerService[S] 
12-24 14:47:22.733  4554  4554 D GameManagerService: identifyGamePackage. rw.flipper, mCurrentUserId: 0, callerUserId: 0
12-24 14:47:22.733  4554  4554 D PkgDataHelper: getGamePkgData(). rw.flipper
12-24 14:47:22.734  4554  4554 D GameManagerService: identifyGamePackage. rw.flipper, mCurrentUserId: 0, callerUserId: 0
12-24 14:47:22.734  4554  4554 D PkgDataHelper: getGamePkgData(). rw.flipper
12-24 14:47:23.789  4554  4554 D GameManagerService: identifyGamePackage. rw.flipper, mCurrentUserId: 0, callerUserId: 0
12-24 14:47:23.789  4554  4554 D PkgDataHelper: getGamePkgData(). rw.flipper
12-24 14:47:23.790  4554  4554 D GameManagerService: identifyGamePackage. rw.flipper, mCurrentUserId: 0, callerUserId: 0
12-24 14:47:23.790  4554  4554 D PkgDataHelper: getGamePkgData(). rw.flipper
12-24 14:47:27.373  4554  4583 D WindowManager: showInsets: types=0x3, fromIme=false, win=Window{f0278e5 u0 rw.flipper/rw.flipper.MainActivity}, from=com.android.server.wm.DisplayPolicy.requestTransientBars:4009 com.android.server.wm.DisplayPolicy.access$400:246 com.android.server.wm.DisplayPolicy$2.onSwipeFromTop:623 com.android.server.wm.SystemGesturesPointerEventListener.onPointerEvent:205 com.android.server.wm.PointerEventDispatcher.onInputEvent:53 android.view.InputEventReceiver.dispatchInputEvent:220 android.view.InputEventReceiver.nativeConsumeBatchedInputEvents:-2 android.view.InputEventReceiver.consumeBatchedInputEvents:200 android.view.InputEventReceiver.onBatchedInputEventPending:153 android.os.MessageQueue.nativePollOnce:-2 
12-24 14:47:27.433  4554  7491 V WindowManager: Changing focus from Window{f0278e5 u0 rw.flipper/rw.flipper.MainActivity} to Window{d73a2a7 u0 NotificationShade} displayId=0 Callers=com.android.server.wm.RootWindowContainer.updateFocusedWindowLocked:567 com.android.server.wm.WindowManagerService.updateFocusedWindowLocked:6302 com.android.server.wm.WindowManagerService.relayoutWindow:2715 com.android.server.wm.Session.relayout:219 
12-24 14:47:27.448  4230  4230 D SurfaceFlinger:      DEVICE | 0x78c7a39740 | 0002 | RGBA_8888    |    0.0    0.0 1080.0 2340.0 |    0    0 1080 2340 | SurfaceView - rw.flipper/rw.flipper.MainActivity@98caae9@0#0
12-24 14:47:27.448  4230  4230 D SurfaceFlinger:      DEVICE | 0x781c810680 | 0000 | RGBA_8888    |    0.0    0.0 1080.0 2340.0 |    0    0 1080 2340 | rw.flipper/rw.flipper.MainActivity$_447#0
12-24 14:47:27.499  4554  4554 D GameManagerService: identifyGamePackage. rw.flipper, mCurrentUserId: 0, callerUserId: 0
12-24 14:47:27.500  4554  4554 D PkgDataHelper: getGamePkgData(). rw.flipper
12-24 14:47:27.501  4554  4554 D GameManagerService: identifyGamePackage. rw.flipper, mCurrentUserId: 0, callerUserId: 0
12-24 14:47:27.501  4554  4554 D PkgDataHelper: getGamePkgData(). rw.flipper
12-24 14:47:27.563  4230  4230 D SurfaceFlinger:      DEVICE | 0x78c7a385c0 | 0002 | RGBA_8888    |    0.0    0.0 1080.0 2340.0 |    0    0 1080 2340 | SurfaceView - rw.flipper/rw.flipper.MainActivity@98caae9@0#0
12-24 14:47:27.563  4230  4230 D SurfaceFlinger:      DEVICE | 0x781c810680 | 0000 | RGBA_8888    |    0.0    0.0 1080.0 2340.0 |    0    0 1080 2340 | rw.flipper/rw.flipper.MainActivity$_447#0
12-24 14:47:28.743  4554  4554 D GameManagerService: identifyGamePackage. rw.flipper, mCurrentUserId: 0, callerUserId: 0
12-24 14:47:28.743  4554  4554 D PkgDataHelper: getGamePkgData(). rw.flipper
12-24 14:47:28.744  4554  4554 D GameManagerService: identifyGamePackage. rw.flipper, mCurrentUserId: 0, callerUserId: 0
12-24 14:47:28.744  4554  4554 D PkgDataHelper: getGamePkgData(). rw.flipper
12-24 14:47:29.370  4554  4554 D GameManagerService: identifyGamePackage. rw.flipper, mCurrentUserId: 0, callerUserId: 0
12-24 14:47:29.370  4554  4554 D PkgDataHelper: getGamePkgData(). rw.flipper
12-24 14:47:29.371  4554  4554 D GameManagerService: identifyGamePackage. rw.flipper, mCurrentUserId: 0, callerUserId: 0
12-24 14:47:29.371  4554  4554 D PkgDataHelper: getGamePkgData(). rw.flipper
12-24 14:47:30.041  4554  4554 D GameManagerService: identifyGamePackage. rw.flipper, mCurrentUserId: 0, callerUserId: 0
12-24 14:47:30.041  4554  4554 D PkgDataHelper: getGamePkgData(). rw.flipper
12-24 14:47:30.043  4554  4554 D GameManagerService: identifyGamePackage. rw.flipper, mCurrentUserId: 0, callerUserId: 0
12-24 14:47:30.044  4554  4554 D PkgDataHelper: getGamePkgData(). rw.flipper
12-24 14:47:35.524  4554  4554 D GameManagerService: identifyGamePackage. rw.flipper, mCurrentUserId: 0, callerUserId: 0
12-24 14:47:35.524  4554  4554 D PkgDataHelper: getGamePkgData(). rw.flipper
12-24 14:47:35.526  4554  4554 D GameManagerService: identifyGamePackage. rw.flipper, mCurrentUserId: 0, callerUserId: 0
12-24 14:47:35.526  4554  4554 D PkgDataHelper: getGamePkgData(). rw.flipper
12-24 14:47:36.761  4554  4554 D GameManagerService: identifyGamePackage. rw.flipper, mCurrentUserId: 0, callerUserId: 0
12-24 14:47:36.762  4554  4554 D PkgDataHelper: getGamePkgData(). rw.flipper
12-24 14:47:36.869  4554  4554 D GameManagerService: identifyGamePackage. rw.flipper, mCurrentUserId: 0, callerUserId: 0
12-24 14:47:36.869  4554  4554 D PkgDataHelper: getGamePkgData(). rw.flipper
12-24 14:47:36.872  4554  4554 D GameManagerService: identifyGamePackage. rw.flipper, mCurrentUserId: 0, callerUserId: 0
12-24 14:47:36.872  4554  4554 D PkgDataHelper: getGamePkgData(). rw.flipper
12-24 14:47:37.543  4554  4554 D GameManagerService: identifyGamePackage. rw.flipper, mCurrentUserId: 0, callerUserId: 0
12-24 14:47:37.543  4554  4554 D PkgDataHelper: getGamePkgData(). rw.flipper
12-24 14:47:40.023   447   447 D FirebaseSessions: App backgrounded on rw.flipper
12-24 14:47:40.048  4554  4585 D GameManagerService: notePauseComponent(), received paused-component: rw.flipper
12-24 14:47:40.066  4554  4800 V WindowManager: Changing focus from Window{d73a2a7 u0 NotificationShade} to Window{f0278e5 u0 rw.flipper/rw.flipper.MainActivity} displayId=0 Callers=com.android.server.wm.RootWindowContainer.updateFocusedWindowLocked:567 com.android.server.wm.WindowManagerService.updateFocusedWindowLocked:6302 com.android.server.wm.WindowManagerService.relayoutWindow:2715 com.android.server.wm.Session.relayout:219 
12-24 14:47:40.100  4554  4798 D WindowManager: rotationForOrientation, orientationSource=ActivityRecord{8203c7e u0 rw.flipper/.MainActivity t6307}
12-24 14:47:40.121  4554  4798 V WindowManager: Changing focus from Window{f0278e5 u0 rw.flipper/rw.flipper.MainActivity} to null displayId=0 Callers=com.android.server.wm.RootWindowContainer.updateFocusedWindowLocked:567 com.android.server.wm.WindowManagerService.updateFocusedWindowLocked:6302 com.android.server.wm.DisplayContent.setFocusedApp:6774 com.android.server.wm.ActivityTaskManagerService.setResumedActivityUncheckLocked:6690 
12-24 14:47:40.140   447   447 V InputMethodManager: Starting input: tba=rw.flipper ic=null mNaviBarColor -16777216 mIsGetNaviBarColorSuccess true , NavVisible : true , NavTrans : false
12-24 14:47:40.175  4554  4791 D PkgPredictorService: previous pkgs: com.sec.android.app.shealth,rw.flipper,rw.flipper running pkg: com.sec.android.app.shealth, uid: 0 is system: false
12-24 14:47:40.176  4554  4791 D PkgPredictorService-Collector:  (hour:14 day:4 previous:[com.sec.android.app.shealth, rw.flipper, rw.flipper] activityName:unknown running:com.sec.android.app.shealth userId:0 screenOrientation:0 wifi:1 bt:0 predictTime:1 apkVersion:6.30.6.007 consumeTime:-1 preloaded:false>)
12-24 14:47:40.177  4554  4791 D PkgPredictorService-NapClassifier: Predict result: 141.0,160.0,38.0, - [0_&_rw.flipper, 0_&_com.whatsapp.w4b, 0_&_com.android.vending]
12-24 14:47:40.694  4230  4230 D SurfaceFlinger:      DEVICE | 0x78c7a385c0 | 0002 | RGBA_8888    |    0.0    0.0 1080.0 2340.0 |    0    0 1080 2340 | SurfaceView - rw.flipper/rw.flipper.MainActivity@98caae9@0#0
12-24 14:47:40.694  4230  4230 D SurfaceFlinger:      DEVICE | 0x781c810680 | 0000 | RGBA_8888    |    0.0    0.0 1080.0 2340.0 |    0    0 1080 2340 | rw.flipper/rw.flipper.MainActivity$_447#0
12-24 14:47:40.725  4230  4230 D SurfaceFlinger:      DEVICE | 0x78c7a385c0 | 0002 | RGBA_8888    |    0.0    0.0 1080.0 2340.0 |    0    0 1080 2340 | SurfaceView - rw.flipper/rw.flipper.MainActivity@98caae9@0#0
12-24 14:47:40.725  4230  4230 D SurfaceFlinger:      DEVICE | 0x781c810680 | 0000 | RGBA_8888    |    0.0    0.0 1080.0 2340.0 |    0    0 1080 2340 | rw.flipper/rw.flipper.MainActivity$_447#0
12-24 14:47:41.004  4554  7541 D WindowManager: rotationForOrientation, orientationSource=ActivityRecord{8203c7e u0 rw.flipper/.MainActivity t6307}
12-24 14:47:41.119  4554  4798 V WindowManager: Setting visibility of Window{f0278e5 u0 rw.flipper/rw.flipper.MainActivity}: false, caller=com.android.server.wm.WindowContainer.sendAppVisibilityToClients:1004 com.android.server.wm.ActivityRecord.setClientVisible:6391 com.android.server.wm.ActivityRecord.onAnimationFinished:7143 com.android.server.wm.ActivityRecord.postApplyAnimation:5013 com.android.server.wm.ActivityRecord.commitVisibility:4995 
