12-24 14:38:12.225  4904  4904 D PluginAODManager: onNotificationInfoUpdated() 0|rw.flipper|1001|null|10874
12-24 14:38:21.825  4904  4904 D PluginAODManager: onNotificationInfoUpdated() 0|rw.flipper|1001|null|10874
12-24 14:38:29.711  4904  4904 D PluginAODManager: onNotificationInfoUpdated() 0|rw.flipper|1001|null|10874
12-24 14:38:31.089  4904  4904 D PluginAODManager: onNotificationInfoUpdated() 0|rw.flipper|1001|null|10874
12-24 14:38:31.762  4904  4904 D PluginAODManager: onNotificationInfoUpdated() 0|rw.flipper|1001|null|10874
12-24 14:38:39.772 11001 11001 I AppsEdge.Badge: key=rw.flipper:0 count=1
12-24 14:38:41.417  4904  4904 D PluginAODManager: onNotificationInfoUpdated() 0|rw.flipper|1001|null|10874
12-24 14:38:44.551  4904  4904 D PluginAODManager: onNotificationInfoUpdated() 0|rw.flipper|1001|null|10874
12-24 14:38:50.935  4904  4904 D PluginAODManager: onNotificationInfoUpdated() 0|rw.flipper|1001|null|10874
12-24 14:38:54.909  4904  4904 D PluginAODManager: onNotificationInfoUpdated() 0|rw.flipper|1001|null|10874
12-24 14:38:55.291  4904  4904 D PluginAODManager: onNotificationInfoUpdated() 0|rw.flipper|1001|null|10874
12-24 14:38:56.503 11001 11001 I AppsEdge.Badge: key=rw.flipper:0 count=1
12-24 14:39:00.312 11001 11001 I AppsEdge.Badge: key=rw.flipper:0 count=1
12-24 14:39:01.128  4904  4904 D PluginAODManager: onNotificationInfoUpdated() 0|rw.flipper|1001|null|10874
12-24 14:39:04.935  4904  4904 D PluginAODManager: onNotificationInfoUpdated() 0|rw.flipper|1001|null|10874
12-24 14:39:05.302 11001 11001 I AppsEdge.Badge: key=rw.flipper:0 count=1
12-24 14:39:05.697 17407 19252 W System.err: java.lang.ClassNotFoundException: Didn't find class "org/rustls/platformverifier/CertificateVerifier" on path: DexPathList[[zip file "/data/app/~~aFEAUmemI3Y3dTk2j6523Q==/rw.flipper-hMhfpT7V2BPkUlW_MLBSJw==/base.apk"],nativeLibraryDirectories=[/data/app/~~aFEAUmemI3Y3dTk2j6523Q==/rw.flipper-hMhfpT7V2BPkUlW_MLBSJw==/lib/arm64, /data/app/~~aFEAUmemI3Y3dTk2j6523Q==/rw.flipper-hMhfpT7V2BPkUlW_MLBSJw==/base.apk!/lib/arm64-v8a, /system/lib64]]
12-24 14:39:06.233  4904  4904 D PluginAODManager: onNotificationInfoUpdated() 0|rw.flipper|1001|null|10874
12-24 14:39:09.140  4904  4904 D PluginAODManager: onNotificationInfoUpdated() 0|rw.flipper|1001|null|10874
12-24 14:39:19.351  4904  4904 D PluginAODManager: onNotificationInfoUpdated() 0|rw.flipper|1001|null|10874
12-24 14:39:25.595  4904  4904 D PluginAODManager: onNotificationInfoUpdated() 0|rw.flipper|1001|null|10874
12-24 14:39:27.055 11001 11001 I AppsEdge.Badge: key=rw.flipper:0 count=1
12-24 14:39:32.677  4904  4904 D PluginAODManager: onNotificationInfoUpdated() 0|rw.flipper|1001|null|10874
12-24 14:39:40.768  4904  4904 D PluginAODManager: onNotificationInfoUpdated() 0|rw.flipper|1001|null|10874
12-24 14:39:47.526  4904  4904 D PluginAODManager: onNotificationInfoUpdated() 0|rw.flipper|1001|null|10874
12-24 14:39:50.131  4904  4904 D PluginAODManager: onNotificationInfoUpdated() 0|rw.flipper|1001|null|10874
12-24 14:39:58.273  4904  4904 D PluginAODManager: onNotificationInfoUpdated() 0|rw.flipper|1001|null|10874
12-24 14:40:05.859  4904  4904 D PluginAODManager: onNotificationInfoUpdated() 0|rw.flipper|1001|null|10874
12-24 14:40:10.615  4904  4904 D PluginAODManager: onNotificationInfoUpdated() 0|rw.flipper|1001|null|10874
12-24 14:40:21.346  4904  4904 D PluginAODManager: onNotificationInfoUpdated() 0|rw.flipper|1001|null|10874
12-24 14:40:26.079  4904  4904 D PluginAODManager: onNotificationInfoUpdated() 0|rw.flipper|1001|null|10874
12-24 14:40:32.682  4904  4904 D PluginAODManager: onNotificationInfoUpdated() 0|rw.flipper|1001|null|10874
12-24 14:40:37.528  4904  4904 D PluginAODManager: onNotificationInfoUpdated() 0|rw.flipper|1001|null|10874
12-24 14:40:47.921  4904  4904 D PluginAODManager: onNotificationInfoUpdated() 0|rw.flipper|1001|null|10874
12-24 14:40:52.827  4904  4904 D PluginAODManager: onNotificationInfoUpdated() 0|rw.flipper|1001|null|10874
12-24 14:40:57.470  4904  4904 D PluginAODManager: onNotificationInfoUpdated() 0|rw.flipper|1001|null|10874
12-24 14:41:04.289  4904  4904 D PluginAODManager: onNotificationInfoUpdated() 0|rw.flipper|1001|null|10874
12-24 14:41:10.421 17407 19255 W System.err: java.lang.ClassNotFoundException: Didn't find class "org/rustls/platformverifier/CertificateVerifier" on path: DexPathList[[zip file "/data/app/~~aFEAUmemI3Y3dTk2j6523Q==/rw.flipper-hMhfpT7V2BPkUlW_MLBSJw==/base.apk"],nativeLibraryDirectories=[/data/app/~~aFEAUmemI3Y3dTk2j6523Q==/rw.flipper-hMhfpT7V2BPkUlW_MLBSJw==/lib/arm64, /data/app/~~aFEAUmemI3Y3dTk2j6523Q==/rw.flipper-hMhfpT7V2BPkUlW_MLBSJw==/base.apk!/lib/arm64-v8a, /system/lib64]]
12-24 14:41:10.641  4904  4904 D PluginAODManager: onNotificationInfoUpdated() 0|rw.flipper|1001|null|10874
12-24 14:41:17.353  4904  4904 D PluginAODManager: onNotificationInfoUpdated() 0|rw.flipper|1001|null|10874
12-24 14:41:22.668  4904  4904 D PluginAODManager: onNotificationInfoUpdated() 0|rw.flipper|1001|null|10874
12-24 14:41:32.375  4904  4904 D PluginAODManager: onNotificationInfoUpdated() 0|rw.flipper|1001|null|10874
12-24 14:41:37.187  4904  4904 D PluginAODManager: onNotificationInfoUpdated() 0|rw.flipper|1001|null|10874
12-24 14:41:42.821  4904  4904 D PluginAODManager: onNotificationInfoUpdated() 0|rw.flipper|1001|null|10874
12-24 14:41:52.976  4904  4904 D PluginAODManager: onNotificationInfoUpdated() 0|rw.flipper|1001|null|10874
12-24 14:42:01.770  4904  4904 D PluginAODManager: onNotificationInfoUpdated() 0|rw.flipper|1001|null|10874
12-24 14:42:04.260  4904  4904 D PluginAODManager: onNotificationInfoUpdated() 0|rw.flipper|1001|null|10874
12-24 14:42:12.052  4904  4904 D PluginAODManager: onNotificationInfoUpdated() 0|rw.flipper|1001|null|10874
12-24 14:42:16.892  4904  4904 D PluginAODManager: onNotificationInfoUpdated() 0|rw.flipper|1001|null|10874
12-24 14:42:28.300  4904  4904 D PluginAODManager: onNotificationInfoUpdated() 0|rw.flipper|1001|null|10874
12-24 14:42:32.372  4904  4904 D PluginAODManager: onNotificationInfoUpdated() 0|rw.flipper|1001|null|10874
12-24 14:42:34.621 11001 11001 I AppsEdge.Badge: key=rw.flipper:0 count=1
12-24 14:42:43.256  4904  4904 D PluginAODManager: onNotificationInfoUpdated() 0|rw.flipper|1001|null|10874
12-24 14:42:48.001  4904  4904 D PluginAODManager: onNotificationInfoUpdated() 0|rw.flipper|1001|null|10874
12-24 14:42:52.338  4904  4904 D PluginAODManager: onNotificationInfoUpdated() 0|rw.flipper|1001|null|10874
12-24 14:42:56.727  4904  4904 D PluginAODManager: onNotificationInfoUpdated() 0|rw.flipper|1001|null|10874
12-24 14:43:05.066  4904  4904 D PluginAODManager: onNotificationInfoUpdated() 0|rw.flipper|1001|null|10874
12-24 14:43:08.826 17407 19254 W System.err: java.lang.ClassNotFoundException: Didn't find class "org/rustls/platformverifier/CertificateVerifier" on path: DexPathList[[zip file "/data/app/~~aFEAUmemI3Y3dTk2j6523Q==/rw.flipper-hMhfpT7V2BPkUlW_MLBSJw==/base.apk"],nativeLibraryDirectories=[/data/app/~~aFEAUmemI3Y3dTk2j6523Q==/rw.flipper-hMhfpT7V2BPkUlW_MLBSJw==/lib/arm64, /data/app/~~aFEAUmemI3Y3dTk2j6523Q==/rw.flipper-hMhfpT7V2BPkUlW_MLBSJw==/base.apk!/lib/arm64-v8a, /system/lib64]]
12-24 14:43:12.131  4904  4904 D PluginAODManager: onNotificationInfoUpdated() 0|rw.flipper|1001|null|10874
12-24 14:43:17.774  4904  4904 D PluginAODManager: onNotificationInfoUpdated() 0|rw.flipper|1001|null|10874
12-24 14:43:23.289  4904  4904 D PluginAODManager: onNotificationInfoUpdated() 0|rw.flipper|1001|null|10874
12-24 14:43:29.747  4904  4904 D PluginAODManager: onNotificationInfoUpdated() 0|rw.flipper|1001|null|10874
12-24 14:43:37.560  4904  4904 D PluginAODManager: onNotificationInfoUpdated() 0|rw.flipper|1001|null|10874
12-24 14:43:44.926  4904  4904 D PluginAODManager: onNotificationInfoUpdated() 0|rw.flipper|1001|null|10874
12-24 14:43:50.175  4904  4904 D PluginAODManager: onNotificationInfoUpdated() 0|rw.flipper|1001|null|10874
12-24 14:43:57.349  4904  4904 D PluginAODManager: onNotificationInfoUpdated() 0|rw.flipper|1001|null|10874
12-24 14:44:07.323  4904  4904 D PluginAODManager: onNotificationInfoUpdated() 0|rw.flipper|1001|null|10874
12-24 14:44:12.242  4904  4904 D PluginAODManager: onNotificationInfoUpdated() 0|rw.flipper|1001|null|10874
12-24 14:44:20.566  4904  4904 D PluginAODManager: onNotificationInfoUpdated() 0|rw.flipper|1001|null|10874
12-24 14:44:31.991  4904  4904 D PluginAODManager: onNotificationInfoUpdated() 0|rw.flipper|1001|null|10874
12-24 14:44:53.040  4904  4904 D PluginAODManager: onNotificationInfoUpdated() 0|rw.flipper|1001|null|10874
12-24 14:44:54.539  4904  4904 D PluginAODManager: onNotificationInfoUpdated() 0|rw.flipper|1001|null|10874
12-24 14:44:55.130  4904  4904 D PluginAODManager: onNotificationInfoUpdated() 0|rw.flipper|1001|null|10874
12-24 14:44:57.785 17407 19258 W System.err: java.lang.ClassNotFoundException: Didn't find class "org/rustls/platformverifier/CertificateVerifier" on path: DexPathList[[zip file "/data/app/~~aFEAUmemI3Y3dTk2j6523Q==/rw.flipper-hMhfpT7V2BPkUlW_MLBSJw==/base.apk"],nativeLibraryDirectories=[/data/app/~~aFEAUmemI3Y3dTk2j6523Q==/rw.flipper-hMhfpT7V2BPkUlW_MLBSJw==/lib/arm64, /data/app/~~aFEAUmemI3Y3dTk2j6523Q==/rw.flipper-hMhfpT7V2BPkUlW_MLBSJw==/base.apk!/lib/arm64-v8a, /system/lib64]]
12-24 14:45:01.347  4904  4904 D PluginAODManager: onNotificationInfoUpdated() 0|rw.flipper|1001|null|10874
12-24 14:45:01.484  4904  4904 D PluginAODManager: onNotificationInfoUpdated() 0|rw.flipper|1001|null|10874
12-24 14:45:07.504  4904  4904 D PluginAODManager: onNotificationInfoUpdated() 0|rw.flipper|1001|null|10874
12-24 14:45:08.461  4904  4904 D PluginAODManager: onNotificationInfoUpdated() 0|rw.flipper|1001|null|10874
12-24 14:45:09.603  4904  4904 D PluginAODManager: onNotificationInfoUpdated() 0|rw.flipper|1001|null|10874
12-24 14:45:12.205  4904  4904 D PluginAODManager: onNotificationInfoUpdated() 0|rw.flipper|1001|null|10874
12-24 14:45:18.462  4554  4586 D SurfaceControl: hide : mNativeObject = 516509106720 - sc.mNativeObject = 516430599904 - Surface(name=ActivityRecord{1c1a535 u0 rw.flipper/.MainActivity t6280})/@0xf34bb3b
12-24 14:45:18.462  4554  4586 D SurfaceControl: nativeSetFlags Done : Surface(name=ActivityRecord{1c1a535 u0 rw.flipper/.MainActivity t6280})/@0xf34bb3b
12-24 14:45:40.810 11001 11001 I AppsEdge.Badge: key=rw.flipper:0 count=1
12-24 14:45:48.284  4554  4645 I PackageManager:           pkg{rw.flipper}
12-24 14:45:48.512 31999 31999 I Finsky  : [2] VerifyApps: Install-time verification requested for package rw.flipper, PackageManager id = 30, Verifier id = beec2d23-20d0-44e5-84f2-1ce6496f1d44
12-24 14:45:48.544  4554  4701 W PackageParsing: Ignoring duplicate uses-permissions/uses-permissions-sdk-m: android.permission.INTERNET in package: rw.flipper at: Binary XML file line #36
12-24 14:45:48.544  4554  4701 W PackageParsing: Ignoring duplicate uses-permissions/uses-permissions-sdk-m: android.permission.ACCESS_NETWORK_STATE in package: rw.flipper at: Binary XML file line #38
12-24 14:45:48.648 31999 32054 W PackageParsing: Ignoring duplicate uses-permissions/uses-permissions-sdk-m: android.permission.INTERNET in package: rw.flipper at: Binary XML file line #36
12-24 14:45:48.648 31999 32054 W PackageParsing: Ignoring duplicate uses-permissions/uses-permissions-sdk-m: android.permission.ACCESS_NETWORK_STATE in package: rw.flipper at: Binary XML file line #38
12-24 14:45:49.240 11001 11001 I AppsEdge.Badge: key=rw.flipper:0 count=1
12-24 14:45:49.247 32491 32517 I GOS:GameServiceReceiver:  PkgInstallStarted for rw.flipper UserID : 0
12-24 14:45:49.521 32491 32521 I GOS:GameIntentService: onPackageChanged(). extras: Bundle[{changeType=2, userId=0, type=15, packageName=rw.flipper}]
12-24 14:45:49.521 32491 32521 I GOS:GameIntentService: onPackageChanged(). changeType(INSTALL_STARTED), pkgName(rw.flipper), UserHandle(0), userId(0), Installed(true)
12-24 14:45:49.857 31999 32054 I Finsky  : [60571] VerifyApps: Anti-malware verification task started for package=rw.flipper
12-24 14:45:52.371 31999 32086 I Finsky  : [60584] VerifyApps: Starting APK Analysis scan for rw.flipper.
12-24 14:45:52.377 31999 32086 I Finsky  : [60584] Scanning package rw.flipper contents with client side protections. File: [WxIB0P5vaRR_q2zcS_fyXFVR132XaG4oNV134DhObg4]
12-24 14:45:52.383 31999 32086 I Finsky  : [60584] VerifyApps: APK Analysis scan finished for rw.flipper. Verdict: SAFE
12-24 14:45:53.412 11001 11001 I AppsEdge.Badge: key=rw.flipper:0 count=1
12-24 14:45:53.769 31999 32097 I Finsky  : [60588] VerifyApps: Verification package=rw.flipper, id=30, response=0, upload_requested=false, enable_ecm=false
12-24 14:45:53.782 31999 32097 I Finsky  : [60588] VerifyApps: PAM result saving to datastore delayed for package: rw.flipper
12-24 14:45:53.797 31999 32054 I Finsky  : [60571] VerifyApps: Starting required split types check for rw.flipper.
12-24 14:45:53.818 31999 32054 I Finsky  : [60571] VerifyApps: Required split types check successful for rw.flipper.
12-24 14:45:53.871 31999 32054 I Finsky  : [60571] VerifyApps V31SignatureVerification: Successful verification for the package: rw.flipper using APK Signature Scheme v3
12-24 14:45:53.882 31999 31999 I Finsky  : [2] VerifyApps: Install-time verification complete: id=30, package_name=rw.flipper
12-24 14:45:53.938  4554  4628 W PackageParsing: Ignoring duplicate uses-permissions/uses-permissions-sdk-m: android.permission.INTERNET in package: rw.flipper at: Binary XML file line #36
12-24 14:45:53.938  4554  4628 W PackageParsing: Ignoring duplicate uses-permissions/uses-permissions-sdk-m: android.permission.ACCESS_NETWORK_STATE in package: rw.flipper at: Binary XML file line #38
12-24 14:45:54.276  4554  4591 I ActivityManager: Force stopping rw.flipper appid=10874 user=-1: installPackageLI
12-24 14:45:54.278  4554  4591 I ActivityManager: Killing 17407:rw.flipper/u0a874 (adj 200): stop rw.flipper due to installPackageLI
12-24 14:45:54.295  4554  4591 D ActivityManager: proc ProcessRecord{30213be 17407:rw.flipper/u0a874} already removed. so we skip next process.
12-24 14:45:54.296  4554  4591 W ActivityTaskManager: Force removing ActivityRecord{1c1a535 u0 rw.flipper/.MainActivity t6280 f}}: app died, no saved state
12-24 14:45:54.324  4554  4591 I ActivityTaskManager: Removing activity ActivityRecord{1c1a535 u0 rw.flipper/.MainActivity t6280 f}}(appDied)  from stack callers=com.android.server.wm.ActivityStack$RemoveHistoryRecordsForApp.processActivity:565 com.android.server.wm.ActivityStack$RemoveHistoryRecordsForApp.process:480 com.android.server.wm.ActivityStack.handleAppDied:3395 com.android.server.wm.RootWindowContainer.handleAppDied:3664 com.android.server.wm.ActivityTaskManagerService$LocalService.handleAppDied:8269 
12-24 14:45:54.376  4554  4591 I SurfaceControl: release : mNativeObject = 516516099072 - Surface(name=bca0216 rw.flipper/rw.flipper.MainActivity)/@0x4191fb / android.view.SurfaceControl$Transaction.remove:3475 com.android.server.wm.WindowContainer.removeImmediately:649 com.android.server.wm.WindowState.removeImmediately:2632 com.android.server.wm.WindowState.removeIfPossible:2861 
12-24 14:45:54.398  4230  4846 I Layer   : id=4463 removeFromCurrentState bca0216 rw.flipper/rw.flipper.MainActivity#0 (97)
12-24 14:45:54.400  4230  4846 I SurfaceFlinger: id=4463 Removed bca0216 rw.flipper/rw.flipper.MainActivity#0 (97)
12-24 14:45:54.407  4554  4591 I SurfaceControl: release : mNativeObject = 516430599904 - Surface(name=ActivityRecord{1c1a535 u0 rw.flipper/.MainActivity t6280})/@0xf34bb3b / android.view.SurfaceControl$Transaction.remove:3475 com.android.server.wm.WindowContainer.removeImmediately:649 com.android.server.wm.WindowToken.removeImmediately:428 com.android.server.wm.ActivityRecord.removeImmediately:3787 
12-24 14:45:54.421  4230  4230 I Layer   : id=4463[1] Destroyed bca0216 rw.flipper/rw.flipper.MainActivity#0
12-24 14:45:54.456  4230  4252 I Layer   : id=4455 removeFromCurrentState ActivityRecord{1c1a535 u0 rw.flipper/.MainActivity t6280}#0 (96)
12-24 14:45:54.456  4230  4252 I SurfaceFlinger: id=4455 Removed ActivityRecord{1c1a535 u0 rw.flipper/.MainActivity t6280}#0 (96)
12-24 14:45:54.460  4554  7512 D ConnectivityService: ConnectivityService NetworkRequestInfo binderDied(NetworkRequest [ TRACK_DEFAULT id=5637, [ Capabilities: INTERNET&NOT_RESTRICTED&TRUSTED Uid: 10874 AdministratorUids: [] RequestorUid: 10874 RequestorPackageName: rw.flipper] ], android.os.BinderProxy@987d218)
12-24 14:45:54.461  4554  4732 D ConnectivityService: releasing NetworkRequest [ TRACK_DEFAULT id=5637, [ Capabilities: INTERNET&NOT_RESTRICTED&TRUSTED Uid: 10874 AdministratorUids: [] RequestorUid: 10874 RequestorPackageName: rw.flipper] ] (release request)
12-24 14:45:54.464  4230  4230 I Layer   : id=4455[1] Destroyed ActivityRecord{1c1a535 u0 rw.flipper/.MainActivity t6280}#0
12-24 14:45:54.498  4554  4554 D EdgeLightingManager: hideForNotification : packageName = rw.flipper
12-24 14:45:54.499  4554  4554 D EdgeLightingPolicyManager:NotificationGroup: remove : sbn : StatusBarNotification(pkg=rw.flipper user=UserHandle{0} id=1001 tag=null key=0|rw.flipper|1001|null|10874: Notification(channel=BackgroundDataSyncId shortcut=null contentView=null vibrate=null sound=null defaults=0x0 flags=0x62 color=0x00000000 vis=PRIVATE semFlags=0x0 semPriority=0 semMissedCount=0))
12-24 14:45:54.544  4904  4904 D FaceWidgetNotificationManager: removeFaceWidgetMusicNotification() key : 0|rw.flipper|1001|null|10874
12-24 14:45:54.572  5978  6057 I RequestManager_FLP: Notification for foreground service is removed, from rw.flipper
12-24 14:45:55.029  4554  4628 I PackageManager: Update package rw.flipper code path from /data/app/~~aFEAUmemI3Y3dTk2j6523Q==/rw.flipper-hMhfpT7V2BPkUlW_MLBSJw== to /data/app/~~xwWCf7SJ-i5HfijEpKTSlA==/rw.flipper-RwSp0BDf7c9JJ9zHo9PQEw==; Retain data and using new
12-24 14:45:55.030  4554  4628 I PackageManager: Update package rw.flipper resource path from /data/app/~~aFEAUmemI3Y3dTk2j6523Q==/rw.flipper-hMhfpT7V2BPkUlW_MLBSJw== to /data/app/~~xwWCf7SJ-i5HfijEpKTSlA==/rw.flipper-RwSp0BDf7c9JJ9zHo9PQEw==; Retain data and using new
12-24 14:45:55.041  4554  4628 I AppsFilter: interaction: PackageSetting{2635c3c dk.blockbonds.spenn.debug/10743} -> PackageSetting{86e815a rw.flipper/10874} BLOCKED
12-24 14:45:55.041  4554  4628 I AppsFilter: interaction: PackageSetting{a11031a rw.flipper.auth/10845} -> PackageSetting{86e815a rw.flipper/10874} BLOCKED
12-24 14:45:55.042  4554  4628 I AppsFilter: interaction: PackageSetting{2635c3c dk.blockbonds.spenn.debug/10743} -> PackageSetting{86e815a rw.flipper/10874} BLOCKED
12-24 14:45:55.042  4554  4628 I AppsFilter: interaction: PackageSetting{a11031a rw.flipper.auth/10845} -> PackageSetting{86e815a rw.flipper/10874} BLOCKED
12-24 14:45:57.233  4308  9715 E cutils  : Failed to open(/data/misc/profiles/cur/11/rw.flipper/primary.prof): No such file or directory
12-24 14:45:57.233  4308  9715 E installd: Failed to prepare /data/misc/profiles/cur/11/rw.flipper/primary.prof: No such file or directory
12-24 14:45:57.233  4554  4628 E ArtManagerService: Failed to prepare profile for rw.flipper:/data/app/~~xwWCf7SJ-i5HfijEpKTSlA==/rw.flipper-RwSp0BDf7c9JJ9zHo9PQEw==/base.apk
12-24 14:45:57.252  4554  4628 I PackageDexOptimizer: Running dexopt (dexoptNeeded=1) on: /data/app/~~xwWCf7SJ-i5HfijEpKTSlA==/rw.flipper-RwSp0BDf7c9JJ9zHo9PQEw==/base.apk pkg=rw.flipper isa=arm64 dexoptFlags=boot_complete,profile_guided,public,enable_hidden_api_checks targetFilter=speed-profile oatDir=/data/app/~~xwWCf7SJ-i5HfijEpKTSlA==/rw.flipper-RwSp0BDf7c9JJ9zHo9PQEw==/oat classLoaderContext=PCL[]{} dexMetadataPath=/data/app/~~xwWCf7SJ-i5HfijEpKTSlA==/rw.flipper-RwSp0BDf7c9JJ9zHo9PQEw==/base.dm async=false
12-24 14:45:57.261  4308  9715 V installd: DexInv: --- BEGIN '/data/app/~~xwWCf7SJ-i5HfijEpKTSlA==/rw.flipper-RwSp0BDf7c9JJ9zHo9PQEw==/base.apk' ---
12-24 14:45:57.374 32531 32531 I dex2oat32: /apex/com.android.art/bin/dex2oat32 --input-vdex-fd=-1 --output-vdex-fd=10 --updatable-bcp-packages-file=/system/etc/updatable-bcp-packages.txt --resolve-startup-const-strings=true --max-image-block-size=524288 --compiler-filter=speed-profile -j6 --profile-file-fd=14 --classpath-dir=/data/app/~~xwWCf7SJ-i5HfijEpKTSlA==/rw.flipper-RwSp0BDf7c9JJ9zHo9PQEw== --class-loader-context=PCL[]{} --generate-mini-debug-info --compact-dex-level=none --dm-fd=16 --compilation-reason=install-dm-spqr
12-24 14:45:59.281  4554  4582 V LocationManagerService: location appop changed for rw.flipper
12-24 14:45:59.282  5978  6057 I RequestManager_FLP: onOpChanged, op=0 / packageName=rw.flipper
12-24 14:46:03.881  4308  9715 V installd: DexInv: --- END '/data/app/~~xwWCf7SJ-i5HfijEpKTSlA==/rw.flipper-RwSp0BDf7c9JJ9zHo9PQEw==/base.apk' (success) ---
12-24 14:46:03.920  4554  4628 I AppsFilter: interaction: PackageSetting{2635c3c dk.blockbonds.spenn.debug/10743} -> PackageSetting{967dcaa rw.flipper/10874} BLOCKED
12-24 14:46:03.921  4554  4628 I AppsFilter: interaction: PackageSetting{a11031a rw.flipper.auth/10845} -> PackageSetting{967dcaa rw.flipper/10874} BLOCKED
12-24 14:46:04.000  4554  4628 D MultiUserInstallPolicy: applyInstallPolicyPackageInternalLPw : rw.flipper
12-24 14:46:04.000  4554  4628 D MultiUserInstallPolicy: installedOrEnabledPackage : rw.flipper
12-24 14:46:04.014  4554  4628 I ActivityManager: Force stopping rw.flipper appid=10874 user=0: pkg removed
12-24 14:46:04.078  4554  4628 I ActivityManager: Force stopping rw.flipper appid=10874 user=0: pkg removed
12-24 14:46:04.106  7259  7259 I MediaProvider: Invalidating LocalCallingIdentity cache for package rw.flipper. Reason: package android.intent.action.PACKAGE_REMOVED
12-24 14:46:04.113  4904  4904 D TileServices: mUninstallReceiver onReceive = Intent { act=android.intent.action.PACKAGE_REMOVED dat=package:rw.flipper flg=0x4000010 (has extras) }
12-24 14:46:04.119  5978  6057 I PackageInfoManager_FLP: action : ACTION_PACKAGE_REMOVED, packageName = rw.flipper
12-24 14:46:04.121  4554  4591 W BroadcastQueue: Background execution not allowed: receiving Intent { act=android.intent.action.PACKAGE_REMOVED dat=package:rw.flipper flg=0x4000010 (has extras) } to com.android.vending/com.google.android.finsky.packagemonitor.impl.PackageMonitorReceiverImpl$RegisteredReceiver
12-24 14:46:04.122  4554  4591 W BroadcastQueue: Background execution not allowed: receiving Intent { act=android.intent.action.PACKAGE_REMOVED dat=package:rw.flipper flg=0x4000010 (has extras) } to com.android.vending/com.google.android.finsky.packagemonitor.backgroundimpl.BackgroundPackageMonitorReceiverImpl$RegisteredReceiver
12-24 14:46:04.122  4554  4591 W BroadcastQueue: Background execution not allowed: receiving Intent { act=android.intent.action.PACKAGE_REMOVED dat=package:rw.flipper flg=0x4000010 (has extras) } to com.android.vending/com.google.android.finsky.instantapps.appmanagement.InstantAppRemoveMonitor
12-24 14:46:04.122  4554  4591 W BroadcastQueue: Background execution not allowed: receiving Intent { act=android.intent.action.PACKAGE_REMOVED dat=package:rw.flipper flg=0x4000010 (has extras) } to com.google.android.gms/.chimera.GmsIntentOperationService$PersistentTrustedReceiver
12-24 14:46:04.122  4554  4591 W BroadcastQueue: Background execution not allowed: receiving Intent { act=android.intent.action.PACKAGE_REMOVED dat=package:rw.flipper flg=0x4000010 (has extras) } to com.microsoft.office.officehubhl/com.microsoft.office.asyncdatapointreporting.InstallBroadcastReceiver
12-24 14:46:04.123  4554  4591 W BroadcastQueue: Background execution not allowed: receiving Intent { act=android.intent.action.PACKAGE_REMOVED dat=package:rw.flipper flg=0x4000010 (has extras) } to com.samsung.android.app.taskedge/.edgepanel.TaskEdgePanelProvider
12-24 14:46:04.123  4554  4591 W BroadcastQueue: Background execution not allowed: receiving Intent { act=android.intent.action.PACKAGE_REMOVED dat=package:rw.flipper flg=0x4000010 (has extras) } to com.samsung.cmh/.core.ClearDataReceiver
12-24 14:46:04.123  4554  4591 W BroadcastQueue: Background execution not allowed: receiving Intent { act=android.intent.action.PACKAGE_REMOVED dat=package:rw.flipper flg=0x4000010 (has extras) } to com.sec.android.app.samsungapps/com.samsung.android.iap.receiver.IapReceiver
12-24 14:46:04.130  4554  4591 W BroadcastQueue: Background execution not allowed: receiving Intent { act=android.intent.action.PACKAGE_REMOVED dat=package:rw.flipper flg=0x4000010 (has extras) } to com.sec.android.widgetapp.samsungapps/.PackageChangeReceiver
12-24 14:46:04.130  4554  4591 W BroadcastQueue: Background execution not allowed: receiving Intent { act=android.intent.action.PACKAGE_REMOVED dat=package:rw.flipper flg=0x4000010 (has extras) } to com.sec.imsservice/com.sec.internal.ims.imsservice.ImsIntentReceiver
12-24 14:46:04.131  4554  4591 W BroadcastQueue: Background execution not allowed: receiving Intent { act=android.intent.action.PACKAGE_REMOVED dat=package:rw.flipper flg=0x4000010 (has extras) } to com.google.android.videos/com.google.android.libraries.social.peoplekit.thirdparty.viewcontrollers.ThirdPartyReceiver
12-24 14:46:04.131  4554  4591 W BroadcastQueue: Background execution not allowed: receiving Intent { act=android.intent.action.PACKAGE_REMOVED dat=package:rw.flipper flg=0x4000010 (has extras) } to com.microsoft.windowsintune.companyportal/com.microsoft.omadm.apppolicy.AppUninstallationReceiver
12-24 14:46:04.161  4904  4904 D FaceWidgetMusicViewModel: onPackageRemoved() pkg = rw.flipper, r = true
12-24 14:46:04.164  4554  4590 D MetaDataCollector: onReceive: done pkgName=rw.flipper
12-24 14:46:04.165  4904  4904 D FaceWidgetMetadataParser: removePackage() key = rw.flipper
12-24 14:46:04.201  7259  7259 I MediaProvider: Invalidating LocalCallingIdentity cache for package rw.flipper. Reason: package android.intent.action.PACKAGE_ADDED
12-24 14:46:04.207  5978  6057 I PackageInfoManager_FLP: action : ACTION_PACKAGE_ADDED, packageName = rw.flipper
12-24 14:46:04.228  5978  6057 I PackageInfoManager_FLP: handled onPackageAdded for rw.flipper(WHILE_USING)
12-24 14:46:04.233  4554  4791 D PkgPredictorService-MultiUserPkgManager: user=0  uid=10874 onPackageStatusChange rw.flipper action=android.intent.action.PACKAGE_REMOVED
12-24 14:46:04.242  4554  4554 D SdpManagerService.receiver: On android.intent.action.PACKAGE_REMOVED : DATA = package:rw.flipper, UID = 10874, UserId = 0, Is replacing? true
12-24 14:46:04.249  4554  4554 I DomainFilter: onReceive() - Intent { act=android.intent.action.PACKAGE_REMOVED dat=package:rw.flipper flg=0x4000010 (has extras) }
12-24 14:46:04.251  4554  4554 I DomainFilter: packageRemoved() - packageName: rw.flipper uid: 0
12-24 14:46:04.319 31999 31999 I Finsky  : [2] AIM: AppInfoCacheUpdater -> invalidating apps: [rw.flipper]
12-24 14:46:04.340  4904  4904 D FaceWidgetMetadataParser: updatePackage() rw.flipper true
12-24 14:46:04.354  5314  5314 D RegisteredServicesCache: rw.flipper is not related HCE package
12-24 14:46:04.380  4904  4904 D FaceWidgetMetadataParser: removePackage() key = rw.flipper
12-24 14:46:04.423  4866  4866 I VvmPkgInstalledRcvr: onReceive() : action android.intent.action.PACKAGE_REMOVED packageName :rw.flipper
12-24 14:46:04.506  4554  4554 D SemGameManager: isGamePackage(), pkgName=rw.flipper
12-24 14:46:04.508  4554  4554 D GameManagerService: identifyGamePackage. rw.flipper, mCurrentUserId: 0, callerUserId: 0
12-24 14:46:04.508  4554  4554 D PkgDataHelper: getGamePkgData(). rw.flipper
12-24 14:46:04.511  4554  4791 D PkgPredictorService-MultiUserPkgManager: user=0  uid=10874 onPackageStatusChange rw.flipper action=android.intent.action.PACKAGE_ADDED
12-24 14:46:04.516  4554  4554 I DomainFilter: onReceive() - Intent { act=android.intent.action.PACKAGE_ADDED dat=package:rw.flipper flg=0x4000010 (has extras) }
12-24 14:46:04.517  4554  4780 D SemGameManager: isGamePackage(), pkgName=rw.flipper
12-24 14:46:04.518  4554  4554 I DomainFilter: packageAdded() - packageName: rw.flipper, uid: 0
12-24 14:46:04.519  4554  4780 D GameManagerService: identifyGamePackage. rw.flipper, mCurrentUserId: 0, callerUserId: 0
12-24 14:46:04.519  4554  4780 D PkgDataHelper: getGamePkgData(). rw.flipper
12-24 14:46:04.527 31999 32093 I Finsky  : [60587] AIM: AppInfoManager-Perf > OnDeviceAppInfo > cacheHitCount=0, cacheMissCount=1. Missed  in cache (limit 10) : [rw.flipper]
12-24 14:46:04.612 32201 32201 I Finsky:background: [2] IQ: onPackageRemoved rw.flipper, replacing=true, uninstallingFromPlay=false
12-24 14:46:04.627  4554  4554 I Telecom:SamsungCommonPolicyPackageBroadcastReceiver: action : android.intent.action.PACKAGE_ADDED / packageName : rw.flipper
12-24 14:46:04.711  4554  4554 I DomainFilter: onReceive() - Intent { act=android.intent.action.PACKAGE_REPLACED dat=package:rw.flipper flg=0x4000010 (has extras) }
12-24 14:46:04.716  4554  4554 I DomainFilter: packageReplaced() - packageName: rw.flipper oldUid: 10874 newUid:10874
12-24 14:46:04.862  4554  7537 W BroadcastQueue: Background execution not allowed: receiving Intent { act=android.intent.action.PACKAGE_ADDED dat=package:rw.flipper flg=0x4000010 (has extras) } to com.google.android.packageinstaller/com.android.packageinstaller.PackageInstalledReceiver
12-24 14:46:04.882  4866  4866 I VvmPkgInstalledRcvr: onReceive() : action android.intent.action.PACKAGE_ADDED packageName :rw.flipper
12-24 14:46:04.928  4554  4591 W BroadcastQueue: Background execution not allowed: receiving Intent { act=android.intent.action.PACKAGE_ADDED dat=package:rw.flipper flg=0x4000010 (has extras) } to com.android.vending/com.google.android.finsky.packagemonitor.impl.PackageMonitorReceiverImpl$RegisteredReceiver
12-24 14:46:04.932  4554  4591 W BroadcastQueue: Background execution not allowed: receiving Intent { act=android.intent.action.PACKAGE_ADDED dat=package:rw.flipper flg=0x4000010 (has extras) } to com.android.vending/com.google.android.finsky.packagemonitor.backgroundimpl.BackgroundPackageMonitorReceiverImpl$RegisteredReceiver
12-24 14:46:04.933  4554  4591 W BroadcastQueue: Background execution not allowed: receiving Intent { act=android.intent.action.PACKAGE_ADDED dat=package:rw.flipper flg=0x4000010 (has extras) } to com.facebook.katana/com.facebook.feed.platformads.AppInstallReceiver
12-24 14:46:04.941  4554  4591 W BroadcastQueue: Background execution not allowed: receiving Intent { act=android.intent.action.PACKAGE_ADDED dat=package:rw.flipper flg=0x4000010 (has extras) } to com.google.android.gms/.chimera.GmsIntentOperationService$PersistentTrustedReceiver
12-24 14:46:04.951  4554  4591 W BroadcastQueue: Background execution not allowed: receiving Intent { act=android.intent.action.PACKAGE_ADDED dat=package:rw.flipper flg=0x4000010 (has extras) } to com.google.android.gms/.gass.chimera.PackageChangeBroadcastReceiver
12-24 14:46:04.953  4554  4591 W BroadcastQueue: Background execution not allowed: receiving Intent { act=android.intent.action.PACKAGE_ADDED dat=package:rw.flipper flg=0x4000010 (has extras) } to com.samsung.android.app.taskedge/.edgepanel.TaskEdgePanelProvider
12-24 14:46:04.953  4554  4591 W BroadcastQueue: Background execution not allowed: receiving Intent { act=android.intent.action.PACKAGE_ADDED dat=package:rw.flipper flg=0x4000010 (has extras) } to com.samsung.android.localeoverlaymanager/.PackageAddedReceiver
12-24 14:46:04.954  4554  4591 W BroadcastQueue: Background execution not allowed: receiving Intent { act=android.intent.action.PACKAGE_ADDED dat=package:rw.flipper flg=0x4000010 (has extras) } to com.sec.android.app.samsungapps/.receiver.PackageAddedReceiver
12-24 14:46:04.955  4554  4591 W BroadcastQueue: Background execution not allowed: receiving Intent { act=android.intent.action.PACKAGE_ADDED dat=package:rw.flipper flg=0x4000010 (has extras) } to com.sec.android.widgetapp.samsungapps/.PackageChangeReceiver
12-24 14:46:04.957  4554  4591 W BroadcastQueue: Background execution not allowed: receiving Intent { act=android.intent.action.PACKAGE_ADDED dat=package:rw.flipper flg=0x4000010 (has extras) } to com.sec.imsservice/com.sec.internal.ims.imsservice.ImsIntentReceiver
12-24 14:46:04.958  4554  4591 W BroadcastQueue: Background execution not allowed: receiving Intent { act=android.intent.action.PACKAGE_ADDED dat=package:rw.flipper flg=0x4000010 (has extras) } to com.google.android.apps.nbu.files/.documentbrowser.browselanding.rootcontainerlist.receiver.PackageChangeReceiver_Receiver
12-24 14:46:04.960  4554  4591 W BroadcastQueue: Background execution not allowed: receiving Intent { act=android.intent.action.PACKAGE_ADDED dat=package:rw.flipper flg=0x4000010 (has extras) } to com.microsoft.windowsintune.companyportal/com.microsoft.omadm.apppolicy.AppInstallationReceiver
12-24 14:46:04.963  4554  4591 W BroadcastQueue: Background execution not allowed: receiving Intent { act=android.intent.action.PACKAGE_ADDED dat=package:rw.flipper flg=0x4000010 (has extras) } to com.microsoft.windowsintune.companyportal/com.microsoft.omadm.client.BlockUninstallAppsReceiver
12-24 14:46:04.964  4554  4591 W BroadcastQueue: Background execution not allowed: receiving Intent { act=android.intent.action.PACKAGE_ADDED dat=package:rw.flipper flg=0x4000010 (has extras) } to com.zhiliaoapp.musically/com.ss.android.common.applog.HotsoonReceiver
12-24 14:46:04.965  4866  4866 D ImsResolver: maybeAddedImsService, packageName: rw.flipper
12-24 14:46:04.980 31999 32092 I Finsky  : [60586] A library licensing entry already exists for rw.flipper.
12-24 14:46:05.000 31999 31999 I Finsky  : [2] AIM: AppInfoCacheUpdater -> invalidating apps: [rw.flipper]
12-24 14:46:05.051 31999 32086 I Finsky  : [60584] AIM: AppInfoManager-Perf > OnDeviceAppInfo > cacheHitCount=0, cacheMissCount=1. Missed  in cache (limit 10) : [rw.flipper]
12-24 14:46:05.229  4554  4568 W BroadcastQueue: Background execution not allowed: receiving Intent { act=android.intent.action.PACKAGE_REPLACED dat=package:rw.flipper flg=0x4000010 (has extras) } to com.google.android.gms/.chimera.GmsIntentOperationService$PersistentTrustedReceiver
12-24 14:46:05.272  4554  4591 W BroadcastQueue: Background execution not allowed: receiving Intent { act=android.intent.action.PACKAGE_REPLACED dat=package:rw.flipper flg=0x4000010 (has extras) } to com.google.android.gms/.gass.chimera.PackageChangeBroadcastReceiver
12-24 14:46:05.273  4554  4591 W BroadcastQueue: Background execution not allowed: receiving Intent { act=android.intent.action.PACKAGE_REPLACED dat=package:rw.flipper flg=0x4000010 (has extras) } to com.samsung.android.calendar/com.samsung.android.app.calendar.model.settings.receiver.UpdateReceiver
12-24 14:46:05.276  4554  4591 W BroadcastQueue: Background execution not allowed: receiving Intent { act=android.intent.action.PACKAGE_REPLACED dat=package:rw.flipper flg=0x4000010 (has extras) } to com.sec.android.app.samsungapps/.receiver.PackageAddedReceiver
12-24 14:46:05.276  4554  4591 W BroadcastQueue: Background execution not allowed: receiving Intent { act=android.intent.action.PACKAGE_REPLACED dat=package:rw.flipper flg=0x4000010 (has extras) } to com.sec.android.app.samsungapps/com.samsung.android.iap.receiver.IapReceiver
12-24 14:46:05.278  4554  4591 W BroadcastQueue: Background execution not allowed: receiving Intent { act=android.intent.action.PACKAGE_REPLACED dat=package:rw.flipper flg=0x4000010 (has extras) } to com.sec.android.widgetapp.samsungapps/.PackageChangeReceiver
12-24 14:46:05.279  4554  4591 W BroadcastQueue: Background execution not allowed: receiving Intent { act=android.intent.action.PACKAGE_REPLACED dat=package:rw.flipper flg=0x4000010 (has extras) } to com.sec.imsservice/com.sec.internal.ims.servicemodules.tapi.service.receiver.PackageEventReceiver
12-24 14:46:05.279  4554  4591 W BroadcastQueue: Background execution not allowed: receiving Intent { act=android.intent.action.PACKAGE_REPLACED dat=package:rw.flipper flg=0x4000010 (has extras) } to com.sec.imsservice/com.sec.internal.ims.imsservice.ImsIntentReceiver
12-24 14:46:05.280  4554  4591 W BroadcastQueue: Background execution not allowed: receiving Intent { act=android.intent.action.PACKAGE_REPLACED dat=package:rw.flipper flg=0x4000010 (has extras) } to com.google.android.apps.nbu.files/.documentbrowser.browselanding.rootcontainerlist.receiver.PackageChangeReceiver_Receiver
12-24 14:46:05.280  4554  4591 W BroadcastQueue: Background execution not allowed: receiving Intent { act=android.intent.action.PACKAGE_REPLACED dat=package:rw.flipper flg=0x4000010 (has extras) } to com.microsoft.windowsintune.companyportal/com.microsoft.omadm.apppolicy.AppInstallationReceiver
12-24 14:46:05.282  4554  4591 D StorageManagerService: getExternalStorageMountMode: uid=10874 packageName=rw.flipper
12-24 14:46:05.307  4554  4592 I ActivityManager: Start proc 32699:rw.flipper/u0a874 for broadcast {rw.flipper/com.dexterous.flutterlocalnotifications.ScheduledNotificationBootReceiver}
12-24 14:46:05.308 32588 32588 I RoutineDebug[3.1.21.8]: RoutineService: Should not remove data truerw.flipper
12-24 14:46:05.313 32588 32588 I RoutineDebug[3.1.21.8]: RoutineJobService: start: packageNamerw.flipper,forced=true
12-24 14:46:05.314 32588 32588 I RoutineDebug[3.1.21.8]: RoutineJobService: pushMetaLoaderTargetPackage: null + rw.flipper
12-24 14:46:05.326 32588 32588 I RoutineDebug[3.1.21.8]: RoutineJobService: start: packageNamerw.flipper,forced=true
12-24 14:46:05.326 32588 32588 I RoutineDebug[3.1.21.8]: RoutineJobService: pushMetaLoaderTargetPackage: rw.flipper + rw.flipper
12-24 14:46:05.383 32699 32699 E rw.flipper: Not starting debugger since process cannot load the jdwp agent.
12-24 14:46:05.400 32588 32588 I RoutineDebug[3.1.21.8]: RoutineJobService: packageName : rw.flipper, forced : true
12-24 14:46:05.402  4554  5098 I ActivityManager: DSS OFF for rw.flipper
12-24 14:46:05.412  4554  5098 D ActivityManager: attachApplicationLocked() app=ProcessRecord{ef1e781 32699:rw.flipper/u0a874} app.isolatedEntryPoint=null instr2=null
12-24 14:46:05.425 32699 32699 D ActivityThread: handleBindApplication()++ app=rw.flipper
12-24 14:46:05.448 32588 32721 I RoutineDebug[3.1.21.8]: RoutineMetaDataLoader: collect: rw.flipper
12-24 14:46:05.570 32699 32699 D ActivityThread: ActivityThread::handleMakeApplication() data=AppBindData{appInfo=ApplicationInfo{1f77415 rw.flipper}} appContext=android.app.ContextImpl@8f9032a appContext.mOpPackageName=rw.flipper appContext.mBasePackageName=rw.flipper appContext.mPackageInfo=android.app.LoadedApk@d79551b data.restrictedBackupMode= false data.providers= [ContentProviderInfo{name=rw.flipper.SentryPerformanceProvider className=io.sentry.android.core.SentryPerformanceProvider}, ContentProviderInfo{name=rw.flipper.firebaseinitprovider className=com.google.firebase.provider.FirebaseInitProvider}, ContentProviderInfo{name=rw.flipper.flutterfirebasemessaginginitprovider className=io.flutter.plugins.firebase.messaging.FlutterFirebaseMessagingInitProvider}, ContentProviderInfo{name=rw.flipper.mlkitinitprovider className=com.google.mlkit.common.internal.MlKitInitProvider}, ContentProviderInfo{name=rw.flipper.flutter.printing className=net.nfet.flutter.printing.PrintFileProvider}, ContentProviderInfo{name=rw.flipper.flutter.image_provider className=io.flutter.plugins.imagepicker.ImagePickerFileProvider}, ContentProviderInfo{name=rw.flipper.fileProvider.com.crazecoder.openfile className=com.crazecoder.openfile.FileProvider}, ContentProviderInfo{name=rw.flipper.flutter.share_provider className=dev.fluttercommunity.plus.share.ShareFileProvider}, ContentProviderInfo{name=rw.flipper.androidx-startup className=androidx.startup.InitializationProvider}] Caller=android.app.ActivityThread.handleBindApplication:7484 android.app.ActivityThread.access$1400:301 android.app.ActivityThread$H.handleMessage:2156 android.os.Handler.dispatchMessage:106 android.os.Looper.loop:246 
12-24 14:46:05.579 32699 32699 D LoadedApk: LoadedApk::makeApplication() appContext=android.app.ContextImpl@279a6b8 appContext.mOpPackageName=rw.flipper appContext.mBasePackageName=rw.flipper appContext.mPackageInfo=android.app.LoadedApk@d79551b
12-24 14:46:06.267 32699 32699 I FirebaseCrashlytics: Initializing Firebase Crashlytics 20.0.3 for rw.flipper
12-24 14:46:07.153 32699 32751 W rw.flipper: ClassLoaderContext classpath size mismatch. expected=13, found=0 (DLC[];PCL[base.apk*2201765484:base.apk!classes2.dex*63625498:base.apk!classes3.dex*4125276836:base.apk!classes4.dex*4127933447:base.apk!classes5.dex*986730365:base.apk!classes6.dex*3139395390:base.apk!classes7.dex*1590257613:base.apk!classes8.dex*3095033817:base.apk!classes9.dex*1110017803:base.apk!classes10.dex*3607852532:base.apk!classes11.dex*736609121:base.apk!classes12.dex*1002466557:base.apk!classes13.dex*250645285]{PCL[/system/framework/org.apache.http.legacy.jar*876722329]#PCL[/system/framework/com.android.media.remotedisplay.jar*1573936315]#PCL[/system/framework/com.android.location.provider.jar*1664931834]#PCL[/system/framework/org.apache.http.legacy.jar*876722329]} | DLC[];PCL[])
12-24 14:46:07.617  4554  4780 D SemGameManager: isGamePackage(), pkgName=rw.flipper
12-24 14:46:07.619  4554  4780 D GameManagerService: identifyGamePackage. rw.flipper, mCurrentUserId: 0, callerUserId: 0
12-24 14:46:07.619  4554  4780 D PkgDataHelper: getGamePkgData(). rw.flipper
12-24 14:46:07.759 29761 32595 W SQLiteLog: (28) double-quoted string literal: "rw.flipper"
12-24 14:46:08.341 32699 32751 W rw.flipper: ClassLoaderContext classpath size mismatch. expected=13, found=2 (DLC[];PCL[base.apk*2201765484:base.apk!classes2.dex*63625498:base.apk!classes3.dex*4125276836:base.apk!classes4.dex*4127933447:base.apk!classes5.dex*986730365:base.apk!classes6.dex*3139395390:base.apk!classes7.dex*1590257613:base.apk!classes8.dex*3095033817:base.apk!classes9.dex*1110017803:base.apk!classes10.dex*3607852532:base.apk!classes11.dex*736609121:base.apk!classes12.dex*1002466557:base.apk!classes13.dex*250645285]{PCL[/system/framework/org.apache.http.legacy.jar*876722329]#PCL[/system/framework/com.android.media.remotedisplay.jar*1573936315]#PCL[/system/framework/com.android.location.provider.jar*1664931834]#PCL[/system/framework/org.apache.http.legacy.jar*876722329]} | DLC[];PCL[/data/app/~~xwWCf7SJ-i5HfijEpKTSlA==/rw.flipper-RwSp0BDf7c9JJ9zHo9PQEw==/base.apk*66741390:/data/app/~~xwWCf7SJ-i5HfijEpKTSlA==/rw.flipper-RwSp0BDf7c9JJ9zHo9PQEw==/base.apk!classes2.dex*1084988936])
12-24 14:46:08.353 32699 32751 W rw.flipper: Found duplicate classes, falling back to extracting from APK : /data/app/~~YkLYefOUqP3Nd01k23wuBQ==/com.google.android.gms-gjU1uGlsNhac4m9uqWWYnw==/split_MeasurementDynamite_installtime.apk
12-24 14:46:08.353 32699 32751 W rw.flipper: NOTE: This wastes RAM and hurts startup performance.
12-24 14:46:08.353 32699 32751 W rw.flipper: Found duplicated class when checking oat files: 'Landroid/app/AppComponentFactory;' in /data/app/~~xwWCf7SJ-i5HfijEpKTSlA==/rw.flipper-RwSp0BDf7c9JJ9zHo9PQEw==/base.apk and /data/app/~~YkLYefOUqP3Nd01k23wuBQ==/com.google.android.gms-gjU1uGlsNhac4m9uqWWYnw==/split_MeasurementDynamite_installtime.apk
12-24 14:46:08.796 32699 32751 I rw.flipper: Waiting for a blocking GC ClassLinker
12-24 14:46:09.627 32699 32751 I rw.flipper: WaitForGcToComplete blocked ClassLinker on ClassLinker for 831.190ms
12-24 14:46:10.018   367   367 D EdgeLightingReceiver: com.samsung.android.app.edgelighting.PACKAGE_REMOVED rw.flipper
12-24 14:46:10.418 20676 26213 I PhenotypeResourceReader: unable to find any Phenotype resource metadata for rw.flipper
12-24 14:46:10.568 32699 32723 I rw.flipper: Waiting for a blocking GC ProfileSaver
12-24 14:46:10.933 32699 32723 I rw.flipper: WaitForGcToComplete blocked ProfileSaver on ClassLinker for 365.376ms
12-24 14:46:10.960 32699 32713 I rw.flipper: WaitForGcToComplete blocked RunEmptyCheckpoint on ProfileSaver for 15.622ms
12-24 14:46:11.273 32699   435 W rw.flipper: Verification of void m7.qe.<clinit>() took 494.001ms (3186.23 bytecodes/s) (38304B approximate peak alloc)
12-24 14:46:12.473 32699   435 E rw.flipper: No package ID 6b found for ID 0x6b0b0013.
12-24 14:46:12.487 32699   435 I FA      :   adb shell setprop debug.firebase.analytics.app rw.flipper
12-24 14:46:12.978  5254  5438 I PackageUpdatedTask: mAllAppsList.updatePackage rw.flipper
12-24 14:46:13.013  5254  5438 I AppIconSolution: getThemeIconWithBG called with public API, pkg = rw.flipper
12-24 14:46:13.018  5254  5438 I AppIconSolution: start to load, pkg=rw.flipper, bg=192-192, dr=192-192, forDefault=true, density=640
12-24 14:46:13.020  5254  5438 I AppIconSolution: getIconScale, pkg=rw.flipper, size=192, iconScale=IconScale[alpha=18, scale=1.0, isCrop=true]
12-24 14:46:13.026  5254  5438 I AppIconSolution: default container[CROP], pkg=rw.flipper, bg=156-156, dr=192-192
12-24 14:46:13.034  5254  5438 I LauncherActivityInfo: packageName: rw.flipper, useThemeIcon: false, height: 156, width: 156, density: 640
12-24 14:46:13.473  5254  5254 W AppStartUtils: sendActiveLaunchBroadcast() v.hasOnClickListeners() : true, iconInfo : WorkspaceItemInfo(id=285 type=APP container=desktop targetComponent=ComponentInfo{rw.flipper/rw.flipper.MainActivity} screen=11 cell(1,1) span(1,1) minSpan(1,1) rank=0 user=UserHandle{0} title=flipper hidden=0 screenType=0 lowResIcon=false runtimeStatusFlags=384)
12-24 14:46:13.562  4554  4590 D EnterpriseDeviceManagerService: onPackageUpdateFinished - packageName: rw.flipper, uid: 10874
12-24 14:46:13.573  5254  5438 I AppIconSolution: getThemeIconWithBG called with public API, pkg = rw.flipper
12-24 14:46:13.574  5254  5438 I AppIconSolution: start to load, pkg=rw.flipper, bg=192-192, dr=192-192, forDefault=true, density=640
12-24 14:46:13.575  5254  5438 I AppIconSolution: getIconScale, pkg=rw.flipper, size=192, iconScale=IconScale[alpha=18, scale=1.0, isCrop=true]
12-24 14:46:13.580  5254  5438 I AppIconSolution: default container[CROP], pkg=rw.flipper, bg=156-156, dr=192-192
12-24 14:46:13.582  4554  4590 D MetaDataCollector: onReceive: done pkgName=rw.flipper
12-24 14:46:13.583  5254  5438 I LauncherActivityInfo: packageName: rw.flipper, useThemeIcon: false, height: 156, width: 156, density: 640
12-24 14:46:13.600  4554  7512 I ActivityTaskManager: START u0 {act=android.intent.action.MAIN cat=[android.intent.category.LAUNCHER] flg=0x10200000 cmp=rw.flipper/.MainActivity bnds=[291,510][537,851]} from uid 10148
12-24 14:46:13.608  4554  4590 I GameManagerService: PkgUpdateReceiver, onPackageReplaced : rw.flipper userID : UserHandle{0}
12-24 14:46:13.608  4554  4590 D MetaDataCollector: onReceive: done pkgName=rw.flipper
12-24 14:46:13.609  4554  4703 D GameManagerService:GosNotifyThread: notifyPackageChangedToGos(), before send intent to GOS. type:15, changeType: 8, packageName:rw.flipper
12-24 14:46:13.614  4554  7512 D ActivityTaskManager: TaskLaunchParamsModifier:task=null activity=ActivityRecord{9f8592c u0 rw.flipper/.MainActivity display-area-from-source=DefaultTaskDisplayArea@102847506 task-display-area=DefaultTaskDisplayArea@102847506 display-area-windowing-mode=1
12-24 14:46:13.614  4554  7512 D ActivityTaskManager: TaskLaunchParamsModifier:task=null activity=ActivityRecord{9f8592c u0 rw.flipper/.MainActivity t-1} display-area-from-source=DefaultTaskDisplayArea@102847506 task-display-area=DefaultTaskDisplayArea@102847506 display-area-windowing-mode=1 inherit-from-source=fullscreen activity-options-fullscreen=Rect(0, 0 - 0, 0) non-freeform-display maximized-bounds
12-24 14:46:13.631  4554  7512 D ActivityTaskManager: TaskLaunchParamsModifier:task=Task{635218a #6305 visible=false type=standard mode=fullscreen translucent=true I=rw.flipper/.MainActivity U=0 StackId=6305 sz=0} activity=ActivityRecord{9f8592c u0 rw.flipper/.MainActivity t-1} display-from-task=0 task-display-area=DefaultTaskDisplayArea@102847506 display-area-windowing-mode=1 inherit-from-source=fullscreen activity-options-fullscreen=Rect(0, 0 - 0, 0) non-freeform-display maximized-bounds
12-24 14:46:13.643  4230  4251 I SurfaceFlinger: id=7390 createSurf (0x0),-1 flag=80004, ActivityRecord{9f8592c u0 rw.flipper/.MainActivity t6305}#0
12-24 14:46:13.668  4554  7512 D WindowManager: CustomStartingWindowData: className=rw.flipper.MainActivity, packageName=rw.flipper, taskUserId=0
12-24 14:46:13.675  4554  7512 D SurfaceControl: hide : mNativeObject = 516509106720 - sc.mNativeObject = 516506260864 - Surface(name=ActivityRecord{9f8592c u0 rw.flipper/.MainActivity t6305})/@0x327dc18
12-24 14:46:13.675  4554  7512 D SurfaceControl: nativeSetFlags Done : Surface(name=ActivityRecord{9f8592c u0 rw.flipper/.MainActivity t6305})/@0x327dc18
12-24 14:46:13.697  4554  4567 D MARsPolicyManager: onPackageResumedFG pkgName = rw.flipper, userId = 0
12-24 14:46:13.712  4554  4567 D WindowManager: rotationForOrientation, orientationSource=ActivityRecord{9f8592c u0 rw.flipper/.MainActivity t6305}
12-24 14:46:13.713  4554  4567 D WindowManager: rotationForOrientation, orientationSource=ActivityRecord{9f8592c u0 rw.flipper/.MainActivity t6305}
12-24 14:46:13.729  4554  4567 D WindowManager: rotationForOrientation, orientationSource=ActivityRecord{9f8592c u0 rw.flipper/.MainActivity t6305}
12-24 14:46:13.731  4554  4567 D PkgDataHelper: notifyAppCreate(), pkgName: rw.flipper, sendRet: true
12-24 14:46:13.732  4554  4702 D GameManagerService: onLooperPrepared(), msg: MSG_APP_CREATE, pkgName: rw.flipper
12-24 14:46:13.749  4554  4702 D GameManagerService: onLooperPrepared(), msg: MSG_TASK_FOCUSED, focusedComponent: ComponentInfo{rw.flipper/rw.flipper.MainActivity}
12-24 14:46:13.749  4554  4702 D GameManagerService:   handleTaskFocused(), pkgName: rw.flipper, clsName: rw.flipper.MainActivity, userID:0
12-24 14:46:13.750  4554  4567 D MARsPolicyManager: onPackageResumedFG pkgName = rw.flipper, userId = 0
12-24 14:46:13.751  4554  4702 D GameManagerService:   handleResume(). pkgName: rw.flipper, isTunableApp: null
