12-24 14:46:13.751  4554  4702 D GameManagerService: notifyFocusInOut(). of pkg: rw.flipper, type: 4, isMinimized: false, isTunableApp: false
12-24 14:46:13.823  4554  4585 V ActivityManager: Changed top to 10874,ProcessRecord{ef1e781 32699:rw.flipper/u0a874}
12-24 14:46:13.850  4554  4582 V LocationManagerService: location appop changed for rw.flipper
12-24 14:46:13.854  5978  6057 I RequestManager_FLP: onOpChanged, op=0 / packageName=rw.flipper
12-24 14:46:13.856  4230  4251 I SurfaceFlinger: id=7391 createSurf (0x0),-1 flag=80004, f890f43 Splash Screen rw.flipper#0
12-24 14:46:13.873  4554  4586 D InsetsSourceConsumer: setRequestedVisible: visible=false, type=0, host=Splash Screen rw.flipper, from=android.view.InsetsSourceConsumer.hide:236 android.view.InsetsController.collectSourceControls:1172 android.view.InsetsController.controlAnimationUnchecked:1049 android.view.InsetsController.applyAnimation:1417 android.view.InsetsController.hide:984 android.view.InsetsController.hide:967 android.view.ViewRootImpl.controlInsetsForCompatibility:2865 android.view.ViewRootImpl.performTraversals:3327 android.view.ViewRootImpl.doTraversal:2631 android.view.ViewRootImpl$TraversalRunnable.run:9984 
12-24 14:46:13.873  4554  4586 V WindowManager: Relayout Window{f890f43 u0 Splash Screen rw.flipper}: viewVisibility=0 req=1080x2340
12-24 14:46:13.879  4230  4251 I SurfaceFlinger: id=7392 createSurf (1080x2340),1 flag=4, Splash Screen rw.flipper#0
12-24 14:46:13.880  4554  4586 D WindowManager: makeSurface duration=4 name=Splash Screen rw.flipper
12-24 14:46:13.910  4554  4583 D SehCodecSolutionService: Update top [rw.flipper]
12-24 14:46:13.917  4554  4791 D PkgPredictorService: rw.flipper go to foreground!
12-24 14:46:13.918  4554  4791 D PkgPredictorService: previous pkgs: rw.flipper,com.whatsapp.w4b,com.whatsapp.w4b running pkg: rw.flipper, uid: 0 is system: false
12-24 14:46:13.920  4554  4791 D PkgPredictorService-Collector:  (hour:14 day:4 previous:[rw.flipper, com.whatsapp.w4b, com.whatsapp.w4b] activityName:unknown running:rw.flipper userId:0 screenOrientation:0 wifi:1 bt:0 predictTime:2 apkVersion:1.180.4252223234901 consumeTime:-1 preloaded:false>)
12-24 14:46:13.923  4554  4791 D PkgPredictorService-NapPreloadController: User using: rw.flipper
12-24 14:46:13.941  4554  4586 D WindowManager: finishDrawingWindow: Window{f890f43 u0 Splash Screen rw.flipper} mDrawState=DRAW_PENDING
12-24 14:46:13.949  4554  4586 D WindowManager: createAnimationAdapter(): container=Task{635218a #6305 visible=false type=standard mode=fullscreen translucent=true I=rw.flipper/.MainActivity U=0 StackId=6305 sz=1}
12-24 14:46:13.953  4554  4586 D WindowManager: 	Add container=Task{635218a #6305 visible=false type=standard mode=fullscreen translucent=true I=rw.flipper/.MainActivity U=0 StackId=6305 sz=1}
12-24 14:46:13.982  4554  4586 I WindowManager: container=Task{635218a #6305 visible=false type=standard mode=fullscreen translucent=true I=rw.flipper/.MainActivity U=0 StackId=6305 sz=1}
12-24 14:46:13.985  4554  7095 D GameManagerService: identifyForegroundApp. rw.flipper, mCurrentUserId: 0, callerUserId: 0
12-24 14:46:13.985  4554  7095 D PkgDataHelper: getGamePkgData(). rw.flipper
12-24 14:46:13.992  4554  7095 D GameManagerService: identifyGamePackage. rw.flipper, mCurrentUserId: 0, callerUserId: 0
12-24 14:46:13.992  4554  7095 D PkgDataHelper: getGamePkgData(). rw.flipper
12-24 14:46:13.993  4554  4586 D InsetsSourceProvider: updateVisibility: serverVisible=true, clientVisible=false, source=InsetsSource: {mType=ITYPE_STATUS_BAR, mFrame=[0,0][1080,83], mVisible=false}, controlTarget=Window{f890f43 u0 Splash Screen rw.flipper}, from=com.android.server.wm.InsetsSourceProvider.setClientVisible:378 com.android.server.wm.InsetsSourceProvider.onInsetsModified:363 com.android.server.wm.InsetsStateController.onInsetsModified:416 com.android.server.wm.InsetsPolicy.onInsetsModified:320 com.android.server.wm.Session.insetsModified:512 android.view.ViewRootInsetsControllerHost.onInsetsModified:152 android.view.InsetsController.updateRequestedState:1399 android.view.InsetsController.notifyVisibilityChanged:1309 android.view.InsetsSourceConsumer.setRequestedVisible:397 android.view.InsetsSourceConsumer.hide:236 
12-24 14:46:14.003  4554  4961 D MdnieScenarioControlService:  packageName : rw.flipper    className : rw.flipper.MainActivity
12-24 14:46:14.030  4554  4586 V WindowManager: Relayout Window{f890f43 u0 Splash Screen rw.flipper}: viewVisibility=0 req=1080x2340
12-24 14:46:14.041  4230  4230 D SurfaceFlinger:      CLIENT | 0x78c7a39ec0 | 0000 | RGBA_8888    |    0.0  341.0 1080.0 1421.0 |  324  546  507  729 | Splash Screen rw.flipper#0
12-24 14:46:14.042  4554  4586 I SurfaceControl: release : mNativeObject = 516506262592 - Surface(name=Splash Screen rw.flipper)/@0x50c4b4 / android.view.SurfaceControl.assignNativeObject:571 android.view.SurfaceControl.copyFrom:591 com.android.server.wm.WindowSurfaceController.getSurfaceControl:561 com.android.server.wm.WindowManagerService.createSurfaceControl:2959 
12-24 14:46:14.108  4554  4586 D WindowManager: finishDrawingWindow: Window{f890f43 u0 Splash Screen rw.flipper} mDrawState=HAS_DRAWN
12-24 14:46:14.136  4554  4585 D GameManagerService: noteResumeComponent(), received resumed-component: rw.flipper
12-24 14:46:14.136  4554  4702 D GameManagerService: onLooperPrepared(), msg: MSG_APP_RESUME, resumeComponent: ComponentInfo{rw.flipper/rw.flipper.MainActivity}
12-24 14:46:14.136  4554  4702 D GameManagerService:   handleResume(). pkgName: rw.flipper, isTunableApp: null
12-24 14:46:14.136  4554  4702 D GameManagerService: notifyFocusInOut(). of pkg: rw.flipper, type: 4, isMinimized: false, isTunableApp: false
12-24 14:46:14.144  4554  4585 I GameSDK@LifeCycle: noteResumeComponent(): package name  : rw.flipper
12-24 14:46:14.145  4554  4585 D GameManagerService: identifyGamePackage. rw.flipper, mCurrentUserId: 0, callerUserId: 0
12-24 14:46:14.145  4554  4585 D PkgDataHelper: getGamePkgData(). rw.flipper
12-24 14:46:14.155  4554  4585 D SemGameManager: isGamePackage(), pkgName=rw.flipper
12-24 14:46:14.156  4554  4585 D GameManagerService: identifyGamePackage. rw.flipper, mCurrentUserId: 0, callerUserId: 0
12-24 14:46:14.156  4554  4585 D PkgDataHelper: getGamePkgData(). rw.flipper
12-24 14:46:14.257  4554  7495 D ActivityTaskManager: finishFixedRotationTransform, r=ActivityRecord{9f8592c u0 rw.flipper/.MainActivity t6305}, caller=com.android.server.wm.WindowToken.finishFixedRotationTransform:664 com.android.server.wm.DisplayContent$FixedRotationTransitionListener.onAppTransitionFinishedLocked:7024 com.android.server.wm.AppTransition.notifyAppTransitionFinishedLocked:543 com.android.server.wm.ActivityRecord.onAnimationFinished:7164 com.android.server.wm.WindowContainer.doAnimationFinished:2626 
12-24 14:46:14.262  4554  7495 D WindowManager: 	container=Task{635218a #6305 visible=false type=standard mode=fullscreen translucent=true I=rw.flipper/.MainActivity U=0 StackId=6305 sz=1}
12-24 14:46:14.305  4230  4230 D SurfaceFlinger:      DEVICE | 0x781c80fc80 | 0000 | RGBA_8888    |    0.0    0.0 1080.0 2340.0 |    0    0 1080 2340 | Splash Screen rw.flipper#0
12-24 14:46:14.320  4230  4230 D SurfaceFlinger:      DEVICE | 0x781c80fc80 | 0000 | RGBA_8888    |    0.0    0.0 1080.0 2340.0 |    0    0 1080 2340 | Splash Screen rw.flipper#0
12-24 14:46:14.571 32699 32699 D com.llfbandit.app_links: Intent { act=android.intent.action.MAIN cat=[android.intent.category.LAUNCHER] flg=0x10200000 cmp=rw.flipper/.MainActivity bnds=[291,510][537,851] }
12-24 14:46:14.575 32699 32699 I TetheringManager: registerTetheringEventCallback:rw.flipper
12-24 14:46:14.576 32699 32699 D ConnectivityManager: ConnectivityManager() mContext=android.app.Application@ac3f7c3 getOpPackageName()=rw.flipper getBasePackageName()=rw.flipper getPackageName()=rw.flipper
12-24 14:46:14.765  4554  7512 D GameManagerService: identifyForegroundApp. rw.flipper, mCurrentUserId: 0, callerUserId: 0
12-24 14:46:14.765  4554  7512 D PkgDataHelper: getGamePkgData(). rw.flipper
12-24 14:46:14.855 32699 32699 D FirebaseSessions: App foregrounded on rw.flipper
12-24 14:46:14.876  4230  4252 I SurfaceFlinger: id=7398 createSurf (0x0),-1 flag=80004, acdb307 rw.flipper/rw.flipper.MainActivity#0
12-24 14:46:14.882 32699 32749 D FirebaseSessions: Process rw.flipper is stale
12-24 14:46:14.946 32699   712 D ProfileInstaller: Installing profile for rw.flipper
12-24 14:46:14.970  4554  7537 V WindowManager: Relayout Window{acdb307 u0 rw.flipper/rw.flipper.MainActivity}: viewVisibility=0 req=1080x2340
12-24 14:46:14.973  4230  5516 I SurfaceFlinger: id=7399 createSurf (1080x2340),1 flag=4, rw.flipper/rw.flipper.MainActivity$_32699#0
12-24 14:46:14.973  4554  7537 D WindowManager: makeSurface duration=1 name=rw.flipper/rw.flipper.MainActivity$_32699
12-24 14:46:14.975  4554  7537 V WindowManager: Changing focus from null to Window{acdb307 u0 rw.flipper/rw.flipper.MainActivity} displayId=0 Callers=com.android.server.wm.RootWindowContainer.updateFocusedWindowLocked:567 com.android.server.wm.WindowManagerService.updateFocusedWindowLocked:6302 com.android.server.wm.WindowManagerService.relayoutWindow:2715 com.android.server.wm.Session.relayout:219 
12-24 14:46:14.980  4554  7537 I SurfaceControl: release : mNativeObject = 516426095008 - Surface(name=rw.flipper/rw.flipper.MainActivity$_32699)/@0xbb0edc7 / android.view.SurfaceControl.writeToParcel:1140 android.view.IWindowSession$Stub.onTransact:925 com.android.server.wm.Session.onTransact:145 android.os.Binder.execTransactInternal:1190 
12-24 14:46:14.985  4554  7537 D InsetsSourceProvider: updateVisibility: serverVisible=true, clientVisible=true, source=InsetsSource: {mType=ITYPE_STATUS_BAR, mFrame=[0,0][1080,83], mVisible=true}, controlTarget=Window{acdb307 u0 rw.flipper/rw.flipper.MainActivity}, from=com.android.server.wm.InsetsSourceProvider.setClientVisible:378 com.android.server.wm.InsetsSourceProvider.onInsetsModified:363 com.android.server.wm.InsetsStateController.onInsetsModified:416 com.android.server.wm.InsetsPolicy.onInsetsModified:320 com.android.server.wm.Session.insetsModified:512 android.view.IWindowSession$Stub.onTransact:1398 com.android.server.wm.Session.onTransact:145 android.os.Binder.execTransactInternal:1195 android.os.Binder.execTransact:1159 <bottom of call stack> 
12-24 14:46:14.991  4230  4845 I SurfaceFlinger: id=7402 createSurf (0x0),-1 flag=80004, Bounds for - rw.flipper/rw.flipper.MainActivity@0#0
12-24 14:46:14.993  4230  4252 I SurfaceFlinger: id=7403 createSurf (1080x2214),4 flag=404, SurfaceView - rw.flipper/rw.flipper.MainActivity@889542a@0#0
12-24 14:46:14.994  4230  4251 I SurfaceFlinger: id=7404 createSurf (0x0),-1 flag=20404, Background for -SurfaceView - rw.flipper/rw.flipper.MainActivity@889542a@0#0
12-24 14:46:15.003  4554  4585 D InsetsSourceProvider: updateVisibility: serverVisible=true, clientVisible=true, source=InsetsSource: {mType=ITYPE_STATUS_BAR, mFrame=[0,0][1080,83], mVisible=true}, controlTarget=Window{acdb307 u0 rw.flipper/rw.flipper.MainActivity}, from=com.android.server.wm.InsetsSourceProvider.setServerVisible:384 com.android.server.wm.InsetsSourceProvider.onPostLayout:237 com.android.server.wm.InsetsStateController.onPostLayout:390 com.android.server.wm.DisplayContent.applySurfaceChangesTransaction:4879 com.android.server.wm.RootWindowContainer.applySurfaceChangesTransaction:1292 com.android.server.wm.RootWindowContainer.performSurfacePlacementNoTrace:1021 com.android.server.wm.RootWindowContainer.performSurfacePlacement:959 com.android.server.wm.WindowSurfacePlacer.performSurfacePlacementLoop:182 com.android.server.wm.WindowSurfacePlacer.performSurfacePlacement:131 com.android.server.wm.WindowSurfacePlacer.performSurfacePlacement:120 
12-24 14:46:15.105   665   708 I GOS:GameIntentService: onPackageChanged(). extras: Bundle[{changeType=8, type=15, packageName=rw.flipper}]
12-24 14:46:15.106   665   708 I GOS:GameIntentService: onPackageChanged(). changeType(REPLACED), pkgName(rw.flipper), UserHandle(0), userId(0), Installed(true)
12-24 14:46:16.461   367   367 D EdgeLightingSettingManager: removeSilentInstalledPackage : on, packageName = rw.flipper AllApplication = false
12-24 14:46:16.827   720   720 I FILP/PackageIntentReceiver: pkgName : rw.flipper
12-24 14:46:16.851   720   720 I FILP/PackageIntentReceiver: pkgName : rw.flipper
12-24 14:46:16.881   720   770 I FILP/FilterInstaller: removeFromFS : rw.flipper, cursor size : 0
12-24 14:46:16.898   720   770 I FILP/FilterInstaller: Delete DB result : rw.flipper, 0
12-24 14:46:17.091  4230  4845 E BufferQueueProducer: [SurfaceView - rw.flipper/rw.flipper.MainActivity@889542a@0#0](id:10860000062e,api:0,p:-1,c:4230) disconnect: not connected (req=1)
12-24 14:46:17.114 32699 32699 D LocationPlugin: Service connected: ComponentInfo{rw.flipper/com.lyokone.location.FlutterLocationService}
12-24 14:46:17.166  4554  4567 D ConnectivityService: requestNetwork for uid/pid:10874/32699 NetworkRequest [ TRACK_DEFAULT id=7392, [ Capabilities: INTERNET&NOT_RESTRICTED&TRUSTED Uid: 10874 AdministratorUids: [] RequestorUid: 10874 RequestorPackageName: rw.flipper] ]
12-24 14:46:17.169  4554  4727 D WifiNetworkFactory: got request NetworkRequest [ TRACK_DEFAULT id=7392, [ Capabilities: INTERNET&NOT_RESTRICTED&TRUSTED Uid: 10874 AdministratorUids: [] RequestorUid: 10874 RequestorPackageName: rw.flipper] ] with score 60 and providerId 4
12-24 14:46:17.169  4554  4727 D UntrustedWifiNetworkFactory: got request NetworkRequest [ TRACK_DEFAULT id=7392, [ Capabilities: INTERNET&NOT_RESTRICTED&TRUSTED Uid: 10874 AdministratorUids: [] RequestorUid: 10874 RequestorPackageName: rw.flipper] ] with score 60 and providerId 4
12-24 14:46:17.170  4866  4866 D PhoneSwitcherNetworkRequstListener: got request NetworkRequest [ TRACK_DEFAULT id=7392, [ Capabilities: INTERNET&NOT_RESTRICTED&TRUSTED Uid: 10874 AdministratorUids: [] RequestorUid: 10874 RequestorPackageName: rw.flipper] ] with score 60 and providerId 4
12-24 14:46:17.177  4554  4831 D Ethernet: got request NetworkRequest [ TRACK_DEFAULT id=7392, [ Capabilities: INTERNET&NOT_RESTRICTED&TRUSTED Uid: 10874 AdministratorUids: [] RequestorUid: 10874 RequestorPackageName: rw.flipper] ] with score 60 and providerId 4
12-24 14:46:17.179  4118  4118 E audit   : type=1327 audit(1766580377.175:42611): proctitle="rw.flipper"
12-24 14:46:17.212  4554  5387 V WindowManager: Relayout Window{acdb307 u0 rw.flipper/rw.flipper.MainActivity}: viewVisibility=0 req=1080x2340
12-24 14:46:17.216  4554  5387 I SurfaceControl: release : mNativeObject = 516426093760 - Surface(name=rw.flipper/rw.flipper.MainActivity$_32699)/@0x6ae2f31 / android.view.SurfaceControl.writeToParcel:1140 android.view.IWindowSession$Stub.onTransact:925 com.android.server.wm.Session.onTransact:145 android.os.Binder.execTransactInternal:1190 
12-24 14:46:17.217 32699 32699 I SurfaceControl: release : mNativeObject = 518626312320 - Surface(name=rw.flipper/rw.flipper.MainActivity$_32699)/@0xe13bd9 / android.view.SurfaceControl.assignNativeObject:571 android.view.SurfaceControl.readFromParcel:1119 android.view.IWindowSession$Stub$Proxy.relayout:1814 android.view.ViewRootImpl.relayoutWindow:9018 
12-24 14:46:17.220  4230  4251 E BufferQueueProducer: [rw.flipper/rw.flipper.MainActivity$_32699#0](id:10860000062d,api:0,p:-1,c:4230) disconnect: not connected (req=1)
12-24 14:46:17.312  4554  4567 V WindowManager: Relayout Window{acdb307 u0 rw.flipper/rw.flipper.MainActivity}: viewVisibility=0 req=1080x2340
12-24 14:46:17.316  4554  4567 I SurfaceControl: release : mNativeObject = 516428887168 - Surface(name=rw.flipper/rw.flipper.MainActivity$_32699)/@0x6b47d1c / android.view.SurfaceControl.writeToParcel:1140 android.view.IWindowSession$Stub.onTransact:925 com.android.server.wm.Session.onTransact:145 android.os.Binder.execTransactInternal:1190 
12-24 14:46:17.317 32699 32699 I SurfaceControl: release : mNativeObject = 518626310688 - Surface(name=rw.flipper/rw.flipper.MainActivity$_32699)/@0xe13bd9 / android.view.SurfaceControl.assignNativeObject:571 android.view.SurfaceControl.readFromParcel:1119 android.view.IWindowSession$Stub$Proxy.relayout:1814 android.view.ViewRootImpl.relayoutWindow:9018 
12-24 14:46:17.319 32699 32699 I ViewRootImpl@3fee1ba[MainActivity]: updateBoundsLayer: shouldReparent = false t = android.view.SurfaceControl$Transaction@2aaf505 sc = Surface(name=Bounds for - rw.flipper/rw.flipper.MainActivity@0)/@0x50095a frame = 1
12-24 14:46:17.388   367   367 D EdgeLightingReceiver: com.samsung.android.app.edgelighting.PACKAGE_ADDED rw.flipper
12-24 14:46:17.395   367   367 D EdgeLightingSettingManager: addSilentInstalledPackage : on, packageName = rw.flipper
12-24 14:46:17.425   367   367 D EdgeLightingReceiver: com.samsung.android.app.edgelighting.PACKAGE_REPLACED rw.flipper
12-24 14:46:17.427   367   367 D EdgeLightingSettingManager: replaceSilentInstalledPackage : true, packageName = rw.flipper
12-24 14:46:17.522  4554  7537 V WindowManager: Relayout Window{acdb307 u0 rw.flipper/rw.flipper.MainActivity}: viewVisibility=0 req=1080x2340
12-24 14:46:17.530  4554  7537 I SurfaceControl: release : mNativeObject = 518729622432 - Surface(name=rw.flipper/rw.flipper.MainActivity$_32699)/@0x5d3b29e / android.view.SurfaceControl.writeToParcel:1140 android.view.IWindowSession$Stub.onTransact:925 com.android.server.wm.Session.onTransact:145 android.os.Binder.execTransactInternal:1190 
12-24 14:46:17.532 32699 32699 I SurfaceControl: release : mNativeObject = 518626312032 - Surface(name=rw.flipper/rw.flipper.MainActivity$_32699)/@0xe13bd9 / android.view.SurfaceControl.assignNativeObject:571 android.view.SurfaceControl.readFromParcel:1119 android.view.IWindowSession$Stub$Proxy.relayout:1814 android.view.ViewRootImpl.relayoutWindow:9018 
12-24 14:46:17.535 32699 32699 I ViewRootImpl@3fee1ba[MainActivity]: updateBoundsLayer: shouldReparent = false t = android.view.SurfaceControl$Transaction@2aaf505 sc = Surface(name=Bounds for - rw.flipper/rw.flipper.MainActivity@0)/@0x50095a frame = 1
12-24 14:46:17.535 32699 32699 D SurfaceControl: deferTransactionUntil : Surface(name=Bounds for - rw.flipper/rw.flipper.MainActivity@0)/@0x50095a FN:1 caller:android.view.ViewRootImpl.updateBoundsLayer:2477 android.view.ViewRootImpl.performTraversals:3701 android.view.ViewRootImpl.doTraversal:2631 android.view.ViewRootImpl$TraversalRunnable.run:9984 
12-24 14:46:17.538  4230  4845 E BufferQueueProducer: [SurfaceView - rw.flipper/rw.flipper.MainActivity@889542a@0#0](id:10860000062e,api:0,p:-1,c:4230) disconnect: not connected (req=1)
12-24 14:46:17.928 32699 32699 I flutter : 🔧 [DatabaseManager] Starting database configuration for: /data/user/0/rw.flipper/databases/flipper_v45.sqlite
12-24 14:46:18.190  4554  7537 V WindowManager: Relayout Window{acdb307 u0 rw.flipper/rw.flipper.MainActivity}: viewVisibility=0 req=1080x2340
12-24 14:46:18.205  4554  7537 I SurfaceControl: release : mNativeObject = 518729622432 - Surface(name=rw.flipper/rw.flipper.MainActivity$_32699)/@0x60311e4 / android.view.SurfaceControl.writeToParcel:1140 android.view.IWindowSession$Stub.onTransact:925 com.android.server.wm.Session.onTransact:145 android.os.Binder.execTransactInternal:1190 
12-24 14:46:18.208 32699 32699 I SurfaceControl: release : mNativeObject = 518626313856 - Surface(name=rw.flipper/rw.flipper.MainActivity$_32699)/@0xe13bd9 / android.view.SurfaceControl.assignNativeObject:571 android.view.SurfaceControl.readFromParcel:1119 android.view.IWindowSession$Stub$Proxy.relayout:1814 android.view.ViewRootImpl.relayoutWindow:9018 
12-24 14:46:18.211 32699 32699 I ViewRootImpl@3fee1ba[MainActivity]: updateBoundsLayer: shouldReparent = false t = android.view.SurfaceControl$Transaction@2aaf505 sc = Surface(name=Bounds for - rw.flipper/rw.flipper.MainActivity@0)/@0x50095a frame = 1
12-24 14:46:18.211 32699 32699 D SurfaceControl: deferTransactionUntil : Surface(name=Bounds for - rw.flipper/rw.flipper.MainActivity@0)/@0x50095a FN:1 caller:android.view.ViewRootImpl.updateBoundsLayer:2477 android.view.ViewRootImpl.performTraversals:3701 android.view.ViewRootImpl.doTraversal:2631 android.view.ViewRootImpl$TraversalRunnable.run:9984 
12-24 14:46:18.228 32699   840 I SurfaceView: applySurfaceTransforms: t = android.view.SurfaceControl$Transaction@3e779e8 surfaceControl = Surface(name=SurfaceView - rw.flipper/rw.flipper.MainActivity@889542a@0)/@0xe7bfbd frame = 1
12-24 14:46:18.280  4554  7537 D WindowManager: finishDrawingWindow: Window{acdb307 u0 rw.flipper/rw.flipper.MainActivity} mDrawState=DRAW_PENDING
12-24 14:46:18.295  4230  4230 D SurfaceFlinger:      DEVICE | 0x781c80fc80 | 0000 | RGBA_8888    |    0.0    0.0 1080.0 2340.0 |    0    0 1080 2340 | Splash Screen rw.flipper#0
12-24 14:46:18.296  4554  4586 D PkgPredictorService: pkg:rw.flipper activity:rw.flipper.MainActivity thisTime:4687
12-24 14:46:18.304  4554  4586 I SurfaceControl: release : mNativeObject = 516514856576 - Surface(name=Splash Screen rw.flipper)/@0x50c4b4 / android.view.ViewRootImpl.destroySurface:2497 android.view.ViewRootImpl.dispatchDetachedFromWindow:5719 android.view.ViewRootImpl.doDie:9350 android.view.ViewRootImpl$ViewRootHandler.handleMessage:6194 
12-24 14:46:18.309  4554  4586 I WindowManager: Reparenting to leash, surface=Surface(name=f890f43 Splash Screen rw.flipper)/@0x5d16850, leashParent=Surface(name=ActivityRecord{9f8592c u0 rw.flipper/.MainActivity t6305})/@0x327dc18
12-24 14:46:18.310  4230  4252 I SurfaceFlinger: id=7405 createSurf (0x0),-1 flag=24000, Surface(name=f890f43 Splash Screen rw.flipper)/@0x5d16850 - animation-leash#0
12-24 14:46:18.311  4554  4586 D WindowManager: makeSurface duration=2 leash=Surface(name=Surface(name=f890f43 Splash Screen rw.flipper)/@0x5d16850 - animation-leash)/@0x5d1fa49
12-24 14:46:18.317  4230  4230 D SurfaceFlinger:      DEVICE | 0x781c80fdc0 | 0002 | RGBA_8888    |    0.0    0.0 1080.0 2340.0 |    0    0 1080 2340 | SurfaceView - rw.flipper/rw.flipper.MainActivity@889542a@0#0
12-24 14:46:18.317  4230  4230 D SurfaceFlinger:      DEVICE | 0x78c7a39d80 | 0000 | RGBA_8888    |    0.0    0.0 1080.0 2340.0 |    0    0 1080 2340 | rw.flipper/rw.flipper.MainActivity$_32699#0
12-24 14:46:18.317  4230  4230 D SurfaceFlinger:      DEVICE | 0x781c80fc80 | 0000 | RGBA_8888    |    0.0    0.0 1080.0 2340.0 |    0    0 1080 2340 | Splash Screen rw.flipper#0
12-24 14:46:18.334  4554  4590 D ArtManagerInternalImpl: /data/misc/iorapd/rw.flipper/1756528594/rw.flipper.MainActivity/compiled_traces/compiled_trace.pb doesn't exist
12-24 14:46:18.334  4554  4567 D ConnectivityService: requestNetwork for uid/pid:10874/32699 NetworkRequest [ TRACK_DEFAULT id=7393, [ Capabilities: INTERNET&NOT_RESTRICTED&TRUSTED Uid: 10874 AdministratorUids: [] RequestorUid: 10874 RequestorPackageName: rw.flipper] ]
12-24 14:46:18.342  4554  4831 D Ethernet: got request NetworkRequest [ TRACK_DEFAULT id=7393, [ Capabilities: INTERNET&NOT_RESTRICTED&TRUSTED Uid: 10874 AdministratorUids: [] RequestorUid: 10874 RequestorPackageName: rw.flipper] ] with score 60 and providerId 4
12-24 14:46:18.345  4554  4727 D WifiNetworkFactory: got request NetworkRequest [ TRACK_DEFAULT id=7393, [ Capabilities: INTERNET&NOT_RESTRICTED&TRUSTED Uid: 10874 AdministratorUids: [] RequestorUid: 10874 RequestorPackageName: rw.flipper] ] with score 60 and providerId 4
12-24 14:46:18.345  4554  4727 D UntrustedWifiNetworkFactory: got request NetworkRequest [ TRACK_DEFAULT id=7393, [ Capabilities: INTERNET&NOT_RESTRICTED&TRUSTED Uid: 10874 AdministratorUids: [] RequestorUid: 10874 RequestorPackageName: rw.flipper] ] with score 60 and providerId 4
12-24 14:46:18.343  4866  4866 D PhoneSwitcherNetworkRequstListener: got request NetworkRequest [ TRACK_DEFAULT id=7393, [ Capabilities: INTERNET&NOT_RESTRICTED&TRUSTED Uid: 10874 AdministratorUids: [] RequestorUid: 10874 RequestorPackageName: rw.flipper] ] with score 60 and providerId 4
12-24 14:46:18.372  4554  4586 I WindowManager: Reparenting to original parent: Surface(name=ActivityRecord{9f8592c u0 rw.flipper/.MainActivity t6305})/@0x327dc18, destroy=true, surface=Surface(name=f890f43 Splash Screen rw.flipper)/@0x5d16850
12-24 14:46:18.373 32699 32699 V InputMethodManager: Starting input: tba=rw.flipper ic=null mNaviBarColor -16777216 mIsGetNaviBarColorSuccess true , NavVisible : true , NavTrans : false
12-24 14:46:18.378  4554  4586 I SurfaceControl: release : mNativeObject = 516514856576 - Surface(name=Surface(name=f890f43 Splash Screen rw.flipper)/@0x5d16850 - animation-leash)/@0x5d1fa49 / android.view.SurfaceControl$Transaction.remove:3475 com.android.server.wm.SurfaceAnimator.removeLeash:418 com.android.server.wm.SurfaceAnimator.reset:384 com.android.server.wm.SurfaceAnimator.lambda$getFinishedCallback$0$SurfaceAnimator:110 
12-24 14:46:18.378  4554  4586 D SurfaceControl: hide : mNativeObject = 516509106720 - sc.mNativeObject = 516506262784 - Surface(name=Splash Screen rw.flipper)/@0x36f205
12-24 14:46:18.378  4554  4586 D SurfaceControl: nativeSetFlags Done : Surface(name=Splash Screen rw.flipper)/@0x36f205
12-24 14:46:18.380  4554  4586 E WindowManager: win=Window{f890f43 u0 Splash Screen rw.flipper EXITING} destroySurfaces: appStopped=false win.mWindowRemovalAllowed=true win.mRemoveOnExit=true win.mViewVisibility=0 caller=com.android.server.wm.ActivityRecord.destroySurfaces:5251 com.android.server.wm.ActivityRecord.destroySurfaces:5232 com.android.server.wm.WindowState.onExitAnimationDone:5654 com.android.server.wm.WindowStateAnimator.onAnimationFinished:332 com.android.server.wm.WindowState.onAnimationFinished:6119 com.android.server.wm.-$$Lambda$dwJG8BAnLlvKNGuDY9U3-haNY4M.onAnimationFinished:2 com.android.server.wm.SurfaceAnimator.lambda$getFinishedCallback$0$SurfaceAnimator:112 
12-24 14:46:18.381  4554  4586 I WindowManager: Destroying surface Surface(name=Splash Screen rw.flipper)/@0x36f205 called by com.android.server.wm.WindowStateAnimator.destroySurface:1794 com.android.server.wm.WindowStateAnimator.destroySurfaceLocked:765 com.android.server.wm.WindowState.destroySurfaceUnchecked:3949 com.android.server.wm.WindowState.destroySurface:3923 com.android.server.wm.ActivityRecord.destroySurfaces:5251 com.android.server.wm.ActivityRecord.destroySurfaces:5232 com.android.server.wm.WindowState.onExitAnimationDone:5654 com.android.server.wm.WindowStateAnimator.onAnimationFinished:332 
12-24 14:46:18.381  4554  4586 I SurfaceControl: release : mNativeObject = 516506262784 - Surface(name=Splash Screen rw.flipper)/@0x36f205 / android.view.SurfaceControl$Transaction.remove:3475 com.android.server.wm.WindowSurfaceController.destroyNotInTransaction:225 com.android.server.wm.WindowStateAnimator.destroySurface:1794 com.android.server.wm.WindowStateAnimator.destroySurfaceLocked:765 
12-24 14:46:18.382  4230  4251 I Layer   : id=7392 removeFromCurrentState Splash Screen rw.flipper#0 (106)
12-24 14:46:18.382  4554  4586 I SurfaceControl: release : mNativeObject = 516516097536 - Surface(name=f890f43 Splash Screen rw.flipper)/@0x5d16850 / android.view.SurfaceControl$Transaction.remove:3475 com.android.server.wm.WindowContainer.removeImmediately:649 com.android.server.wm.WindowState.removeImmediately:2632 com.android.server.wm.WindowState.destroySurface:3926 
12-24 14:46:18.392  4230  4251 I Layer   : id=7391 removeFromCurrentState f890f43 Splash Screen rw.flipper#0 (106)
12-24 14:46:18.393  4230  4251 I Layer   : id=7405 removeFromCurrentState Surface(name=f890f43 Splash Screen rw.flipper)/@0x5d16850 - animation-leash#0 (106)
12-24 14:46:18.393  4230  4230 D SurfaceFlinger:      DEVICE | 0x781c80fdc0 | 0002 | RGBA_8888    |    0.0    0.0 1080.0 2340.0 |    0    0 1080 2340 | SurfaceView - rw.flipper/rw.flipper.MainActivity@889542a@0#0
12-24 14:46:18.393  4230  4230 D SurfaceFlinger:      DEVICE | 0x78c7a39d80 | 0000 | RGBA_8888    |    0.0    0.0 1080.0 2340.0 |    0    0 1080 2340 | rw.flipper/rw.flipper.MainActivity$_32699#0
12-24 14:46:18.393  4230  4251 I SurfaceFlinger: id=7391 Removed f890f43 Splash Screen rw.flipper#0 (106)
12-24 14:46:18.393  4230  4252 I SurfaceFlinger: id=7405 Removed Surface(name=f890f43 Splash Screen rw.flipper)/@0x5d16850 - animation-leash#0 (106)
12-24 14:46:18.394  4230  4252 I SurfaceFlinger: id=7392 Removed Splash Screen rw.flipper#0 (106)
12-24 14:46:18.404  4230  4230 I Layer   : id=7392[1] Destroyed Splash Screen rw.flipper#0
12-24 14:46:18.404  4230  4230 I Layer   : id=7405[1] Destroyed Surface(name=f890f43 Splash Screen rw.flipper)/@0x5d16850 - animation-leash#0
12-24 14:46:18.404  4230  4230 I Layer   : id=7391[1] Destroyed f890f43 Splash Screen rw.flipper#0
12-24 14:46:18.422  4554  4590 I ActivityTaskManager: Displayed rw.flipper/.MainActivity: +4s687ms
12-24 14:46:18.437 32699 32699 V InputMethodManager: Starting input: tba=rw.flipper ic=null mNaviBarColor -16777216 mIsGetNaviBarColorSuccess true , NavVisible : true , NavTrans : false
12-24 14:46:18.437  4554  4590 I ActivityTaskManager: Fully drawn rw.flipper/.MainActivity: +4s687ms
12-24 14:46:18.614  4554  4583 D SehCodecSolutionService: Update top [rw.flipper]
12-24 14:46:18.640 32699 32699 I flutter : 📂 Using persistence directory: /data/user/0/rw.flipper/databases
12-24 14:46:18.741  4554  4961 D MdnieScenarioControlService:  packageName : rw.flipper    className : rw.flipper.MainActivity
12-24 14:46:18.749 32699   906 I Ditto   : ditto_init: starting Ditto... app_id=84ba6a9e-c8fd-40dc-9126-d0924388b3b8 local.peer_id=pkAocCgkMCz-fWTO65GZAcoWc5dfYh8Hiljyk5Pjd3Erkq9jrC6LE sdk.platform=Android sdk.language=Flutter sdk.version=4.14.0 sdk.commit=a023919c3e absolute_persistence_directory=PersistenceDirectory("/data/data/rw.flipper/databases")
12-24 14:46:18.995  4554  4591 D ApplicationPolicy: isStatusBarNotificationAllowedAsUser: packageName = rw.flipper,userId = 0
12-24 14:46:19.001  4554  4591 D ApplicationPolicy: isStatusBarNotificationAllowedAsUser: packageName = rw.flipper,userId = 0
12-24 14:46:19.293  5254  5254 I Launcher.NotificationListener: onNotificationPosted : rw.flipper number : 0
12-24 14:46:19.294  5254  5438 I Launcher.NotificationListener: notificationIsValidForUI : rw.flipper missingTitleAndText : false isGroupHeader : false
12-24 14:46:19.297 13290 13290 I Friday_SysNotificationListener: onNotificationPosted()::sbn.getPackageName() = rw.flipper
12-24 14:46:19.299  5978  6057 I RequestManager_FLP: Notification for foreground service is posted, from rw.flipper
12-24 14:46:19.348  4904  4904 D InterruptionStateProvider: No bubble up: not allowed to bubble: 0|rw.flipper|1001|null|10874
12-24 14:46:19.352  4904  4904 D InterruptionStateProvider:  no Heads up : edgelighting enabled app. 0|rw.flipper|1001|null|10874
12-24 14:46:20.153  4554 19860 D GameManagerService: identifyGamePackage. rw.flipper, mCurrentUserId: 0, callerUserId: 0
12-24 14:46:20.154  4554 19860 D PkgDataHelper: getGamePkgData(). rw.flipper
12-24 14:46:21.331 11001 11001 I AppsEdge.Badge: key=rw.flipper:0 count=1
12-24 14:46:21.435 32699   898 W System.err: java.lang.ClassNotFoundException: Didn't find class "org/rustls/platformverifier/CertificateVerifier" on path: DexPathList[[zip file "/data/app/~~xwWCf7SJ-i5HfijEpKTSlA==/rw.flipper-RwSp0BDf7c9JJ9zHo9PQEw==/base.apk"],nativeLibraryDirectories=[/data/app/~~xwWCf7SJ-i5HfijEpKTSlA==/rw.flipper-RwSp0BDf7c9JJ9zHo9PQEw==/lib/arm64, /data/app/~~xwWCf7SJ-i5HfijEpKTSlA==/rw.flipper-RwSp0BDf7c9JJ9zHo9PQEw==/base.apk!/lib/arm64-v8a, /system/lib64]]
12-24 14:46:25.997 32699 32699 I flutter : [38;5;3m│ [warning] | 14:46:25 997ms | Local file not found: /Users/richard/Library/Containers/rw.flipper/Data/Documents/db/1747592308648_banana.jpg[0m
12-24 14:46:28.418  4554  5329 V WindowManager: Relayout Window{acdb307 u0 rw.flipper/rw.flipper.MainActivity}: viewVisibility=0 req=1080x2340
12-24 14:46:28.430  4554  5329 I SurfaceControl: release : mNativeObject = 516430603264 - Surface(name=rw.flipper/rw.flipper.MainActivity$_32699)/@0xd46bfbd / android.view.SurfaceControl.writeToParcel:1140 android.view.IWindowSession$Stub.onTransact:925 com.android.server.wm.Session.onTransact:145 android.os.Binder.execTransactInternal:1190 
12-24 14:46:28.432 32699 32699 I SurfaceControl: release : mNativeObject = 518728658400 - Surface(name=rw.flipper/rw.flipper.MainActivity$_32699)/@0xe13bd9 / android.view.SurfaceControl.assignNativeObject:571 android.view.SurfaceControl.readFromParcel:1119 android.view.IWindowSession$Stub$Proxy.relayout:1814 android.view.ViewRootImpl.relayoutWindow:9018 
12-24 14:46:28.437 32699 32699 I ViewRootImpl@3fee1ba[MainActivity]: updateBoundsLayer: shouldReparent = false t = android.view.SurfaceControl$Transaction@2aaf505 sc = Surface(name=Bounds for - rw.flipper/rw.flipper.MainActivity@0)/@0x50095a frame = 2
12-24 14:46:29.833 11001 11001 I AppsEdge.Badge: key=rw.flipper:0 count=1
12-24 14:46:41.357 11001 11001 I AppsEdge.Badge: key=rw.flipper:0 count=1
12-24 14:46:42.246  4554  7537 V WindowManager: Changing focus from Window{acdb307 u0 rw.flipper/rw.flipper.MainActivity} to null displayId=0 Callers=com.android.server.wm.RootWindowContainer.updateFocusedWindowLocked:567 com.android.server.wm.WindowManagerService.updateFocusedWindowLocked:6302 com.android.server.wm.DisplayContent.setFocusedApp:6774 com.android.server.wm.ActivityTaskManagerService.setResumedActivityUncheckLocked:6690 
12-24 14:46:42.270 32699 32699 D FirebaseSessions: App backgrounded on rw.flipper
12-24 14:46:42.293  4554  4585 D GameManagerService: notePauseComponent(), received paused-component: rw.flipper
12-24 14:46:42.392  5254  5438 I SuggestedAppsUtils: createItemInfoFromLauncherApps: rw.flipper/null, UserHandle{0}
12-24 14:46:42.494  4554  4586 D WindowManager: createAnimationAdapter(): container=Task{635218a #6305 visible=false type=standard mode=fullscreen translucent=true I=rw.flipper/.MainActivity U=0 StackId=6305 sz=1}
12-24 14:46:42.502  4554  4586 D WindowManager: 	Add container=Task{635218a #6305 visible=false type=standard mode=fullscreen translucent=true I=rw.flipper/.MainActivity U=0 StackId=6305 sz=1}
12-24 14:46:42.550  4554  4586 I WindowManager: container=Task{635218a #6305 visible=false type=standard mode=fullscreen translucent=true I=rw.flipper/.MainActivity U=0 StackId=6305 sz=1}
12-24 14:46:42.588  4230  4230 D SurfaceFlinger:      CLIENT |              | 0002 |  Unknown  |    0.0    0.0    0.0    0.0 |    0    0 1080 2339 | Background for -SurfaceView - rw.flipper/rw.flipper.MainActivity@889542a@0#0
12-24 14:46:42.588  4230  4230 D SurfaceFlinger:      CLIENT | 0x78460362c0 | 0002 | RGBA_8888    |    0.0    0.0 1080.0 2340.0 |    0    0 1080 2339 | SurfaceView - rw.flipper/rw.flipper.MainActivity@889542a@0#0
12-24 14:46:42.588  4230  4230 D SurfaceFlinger:      CLIENT | 0x78c7a38480 | 0000 | RGBA_8888    |    0.0    0.0 1080.0 2340.0 |    0    0 1080 2339 | rw.flipper/rw.flipper.MainActivity$_32699#0
12-24 14:46:42.607  5254  7609 I AppIconSolution: getThemeIconWithBG called with public API, pkg = rw.flipper
12-24 14:46:42.619  4230  4230 D SurfaceFlinger:      CLIENT |              | 0002 |  Unknown  |    0.0    0.0    0.0    0.0 |    1    1 1079 2337 | Background for -SurfaceView - rw.flipper/rw.flipper.MainActivity@889542a@0#0
12-24 14:46:42.619  4230  4230 D SurfaceFlinger:      CLIENT | 0x78460362c0 | 0002 | RGBA_8888    |    0.0    0.0 1080.0 2340.0 |    1    1 1079 2337 | SurfaceView - rw.flipper/rw.flipper.MainActivity@889542a@0#0
12-24 14:46:42.619  4230  4230 D SurfaceFlinger:      CLIENT | 0x78c7a38480 | 0000 | RGBA_8888    |    0.0    0.0 1080.0 2340.0 |    1    1 1079 2337 | rw.flipper/rw.flipper.MainActivity$_32699#0
12-24 14:46:42.623  5254  7609 I AppIconSolution: start to load, pkg=rw.flipper, bg=192-192, dr=192-192, forDefault=true, density=640
12-24 14:46:42.632  5254  7609 I AppIconSolution: getIconScale, pkg=rw.flipper, size=192, iconScale=IconScale[alpha=18, scale=1.0, isCrop=true]
12-24 14:46:42.636  5254  7609 I AppIconSolution: default container[CROP], pkg=rw.flipper, bg=156-156, dr=192-192
12-24 14:46:42.656  5254  7609 I LauncherActivityInfo: packageName: rw.flipper, useThemeIcon: false, height: 156, width: 156, density: 640
12-24 14:46:42.809  5254  5438 I Launcher.NotificationListener: notificationIsValidForUI : rw.flipper missingTitleAndText : false isGroupHeader : false
12-24 14:46:42.848  5254  5254 I PopupDataProvider: refresh badge  package : rw.flipper count : 1
12-24 14:46:43.117  4554  5958 V WindowManager: Setting visibility of Window{acdb307 u0 rw.flipper/rw.flipper.MainActivity}: false, caller=com.android.server.wm.WindowContainer.sendAppVisibilityToClients:1004 com.android.server.wm.ActivityRecord.setClientVisible:6391 com.android.server.wm.ActivityRecord.onAnimationFinished:7143 com.android.server.wm.WindowContainer.doAnimationFinished:2626 com.android.server.wm.WindowContainer.onAnimationFinished:2635 
12-24 14:46:43.118  4554  5958 D ActivityTaskManager: finishFixedRotationTransform, r=ActivityRecord{9f8592c u0 rw.flipper/.MainActivity t6305}, caller=com.android.server.wm.WindowToken.finishFixedRotationTransform:664 com.android.server.wm.DisplayContent$FixedRotationTransitionListener.onAppTransitionFinishedLocked:7024 com.android.server.wm.AppTransition.notifyAppTransitionFinishedLocked:543 com.android.server.wm.ActivityRecord.onAnimationFinished:7164 com.android.server.wm.WindowContainer.doAnimationFinished:2626 
12-24 14:46:43.120  4554  5958 D SurfaceControl: hide : mNativeObject = 516509106720 - sc.mNativeObject = 516506260864 - Surface(name=ActivityRecord{9f8592c u0 rw.flipper/.MainActivity t6305})/@0x327dc18
12-24 14:46:43.120  4554  5958 D SurfaceControl: nativeSetFlags Done : Surface(name=ActivityRecord{9f8592c u0 rw.flipper/.MainActivity t6305})/@0x327dc18
12-24 14:46:43.120  4554  5958 D SurfaceControl: hide : mNativeObject = 516396670752 - sc.mNativeObject = 516426094912 - Surface(name=rw.flipper/rw.flipper.MainActivity$_32699)/@0x880cdf9
12-24 14:46:43.120  4554  5958 D SurfaceControl: nativeSetFlags Done : Surface(name=rw.flipper/rw.flipper.MainActivity$_32699)/@0x880cdf9
12-24 14:46:43.124  4554  5958 D WindowManager: 	container=Task{635218a #6305 visible=false type=standard mode=fullscreen translucent=true I=rw.flipper/.MainActivity U=0 StackId=6305 sz=1}
12-24 14:46:43.127  4230  4252 E BufferQueueProducer: [SurfaceView - rw.flipper/rw.flipper.MainActivity@889542a@0#0](id:10860000062e,api:0,p:-1,c:4230) disconnect: not connected (req=1)
12-24 14:46:43.127 32699   642 D SurfaceControl: hide : mNativeObject = 518624916032 - sc.mNativeObject = 518626319424 - Surface(name=SurfaceView - rw.flipper/rw.flipper.MainActivity@889542a@0)/@0xe7bfbd
12-24 14:46:43.128 32699   642 D SurfaceControl: nativeSetFlags Done : Surface(name=SurfaceView - rw.flipper/rw.flipper.MainActivity@889542a@0)/@0xe7bfbd
12-24 14:46:43.128 32699   642 I SurfaceView: remove() from RT android.view.SurfaceView$2@7fb0fa3 Surface(name=SurfaceView - rw.flipper/rw.flipper.MainActivity@889542a@0)/@0xe7bfbd
12-24 14:46:43.129 32699   642 I SurfaceControl: release : mNativeObject = 518626319424 - Surface(name=SurfaceView - rw.flipper/rw.flipper.MainActivity@889542a@0)/@0xe7bfbd / android.view.SurfaceControl$Transaction.remove:3475 android.view.SurfaceView$2.positionLost:1561 android.graphics.RenderNode$CompositePositionUpdateListener.positionLost:313 <bottom of call stack> 
12-24 14:46:43.129 32699   642 I SurfaceControl: release : mNativeObject = 518626319232 - Surface(name=Background for -SurfaceView - rw.flipper/rw.flipper.MainActivity@889542a@0)/@0xfbb82a0 / android.view.SurfaceControl$Transaction.remove:3475 android.view.SurfaceView$2.positionLost:1562 android.graphics.RenderNode$CompositePositionUpdateListener.positionLost:313 <bottom of call stack> 
12-24 14:46:43.130  4230  4252 I Layer   : id=7404 removeFromCurrentState Background for -SurfaceView - rw.flipper/rw.flipper.MainActivity@889542a@0#0 (107)
12-24 14:46:43.130  4230  4252 I SurfaceFlinger: id=7404 Removed Background for -SurfaceView - rw.flipper/rw.flipper.MainActivity@889542a@0#0 (107)
12-24 14:46:43.130  4230  4252 I SurfaceFlinger: id=7403 Removed SurfaceView - rw.flipper/rw.flipper.MainActivity@889542a@0#0 (107)
12-24 14:46:43.133  4230  4845 E BufferQueueProducer: [rw.flipper/rw.flipper.MainActivity$_32699#0](id:10860000062d,api:0,p:-1,c:4230) disconnect: not connected (req=1)
12-24 14:46:43.135  4554  5282 V WindowManager: Relayout Window{acdb307 u0 rw.flipper/rw.flipper.MainActivity}: viewVisibility=8 req=1080x2340
12-24 14:46:43.141  4230  4230 I Layer   : id=7404[1] Destroyed Background for -SurfaceView - rw.flipper/rw.flipper.MainActivity@889542a@0#0
12-24 14:46:43.143 32699 32699 I SurfaceControl: release : mNativeObject = 518626318848 - Surface(name=Bounds for - rw.flipper/rw.flipper.MainActivity@0)/@0x50095a / android.view.ViewRootImpl.destroySurface:2493 android.view.ViewRootImpl.relayoutWindow:9055 android.view.ViewRootImpl.performTraversals:3373 android.view.ViewRootImpl.doTraversal:2631 
12-24 14:46:43.143  4230  4252 I SurfaceFlinger: id=7402 Removed Bounds for - rw.flipper/rw.flipper.MainActivity@0#0 (106)
12-24 14:46:43.150  4554  4732 D ConnectivityService: releasing NetworkRequest [ TRACK_DEFAULT id=7392, [ Capabilities: INTERNET&NOT_RESTRICTED&TRUSTED Uid: 10874 AdministratorUids: [] RequestorUid: 10874 RequestorPackageName: rw.flipper] ] (release request)
12-24 14:46:43.174  4554  5958 E WindowManager: win=Window{acdb307 u0 rw.flipper/rw.flipper.MainActivity} destroySurfaces: appStopped=true win.mWindowRemovalAllowed=false win.mRemoveOnExit=false win.mViewVisibility=8 caller=com.android.server.wm.ActivityRecord.destroySurfaces:5251 com.android.server.wm.ActivityRecord.destroySurfaces:5232 com.android.server.wm.ActivityRecord.notifyAppStopped:5291 com.android.server.wm.ActivityRecord.activityStopped:5918 com.android.server.wm.ActivityTaskManagerService.activityStopped:2584 android.app.IActivityTaskManager$Stub.onTransact:2215 android.os.Binder.execTransactInternal:1190 
12-24 14:46:43.174  4554  5958 I WindowManager: Destroying surface Surface(name=rw.flipper/rw.flipper.MainActivity$_32699)/@0x880cdf9 called by com.android.server.wm.WindowStateAnimator.destroySurface:1794 com.android.server.wm.WindowStateAnimator.destroySurfaceLocked:765 com.android.server.wm.WindowState.destroySurfaceUnchecked:3949 com.android.server.wm.WindowState.destroySurface:3923 com.android.server.wm.ActivityRecord.destroySurfaces:5251 com.android.server.wm.ActivityRecord.destroySurfaces:5232 com.android.server.wm.ActivityRecord.notifyAppStopped:5291 com.android.server.wm.ActivityRecord.activityStopped:5918 
12-24 14:46:43.175  4554  5958 I SurfaceControl: release : mNativeObject = 516426094912 - Surface(name=rw.flipper/rw.flipper.MainActivity$_32699)/@0x880cdf9 / android.view.SurfaceControl$Transaction.remove:3475 com.android.server.wm.WindowSurfaceController.destroyNotInTransaction:225 com.android.server.wm.WindowStateAnimator.destroySurface:1794 com.android.server.wm.WindowStateAnimator.destroySurfaceLocked:765 
12-24 14:46:43.175  4230  4252 I Layer   : id=7399 removeFromCurrentState rw.flipper/rw.flipper.MainActivity$_32699#0 (106)
12-24 14:46:43.176  4230  4252 I Layer   : id=7402 removeFromCurrentState Bounds for - rw.flipper/rw.flipper.MainActivity@0#0 (106)
12-24 14:46:43.176  4230  4252 I Layer   : id=7403 removeFromCurrentState SurfaceView - rw.flipper/rw.flipper.MainActivity@889542a@0#0 (106)
12-24 14:46:43.198  4230  4252 I SurfaceFlinger: id=7399 Removed rw.flipper/rw.flipper.MainActivity$_32699#0 (106)
12-24 14:46:43.205  4230  4230 I Layer   : id=7399[1] Destroyed rw.flipper/rw.flipper.MainActivity$_32699#0
12-24 14:46:43.205  4230  4230 I Layer   : id=7402[1] Destroyed Bounds for - rw.flipper/rw.flipper.MainActivity@0#0
12-24 14:46:43.206  4230  4230 I Layer   : id=7403[1] Destroyed SurfaceView - rw.flipper/rw.flipper.MainActivity@889542a@0#0
12-24 14:46:43.732  5254  5254 I RecentsView: removeTask rw.flipper/rw.flipper.MainActivity#0
12-24 14:46:43.740  4554  4585 I ActivityManager: Stopping service rw.flipper/live.ditto.transports.foregroundservice.DefaultDittoForegroundService: remove task
12-24 14:46:43.771  4554  4554 D EdgeLightingManager: hideForNotification : packageName = rw.flipper
12-24 14:46:43.772  4554  4554 D EdgeLightingPolicyManager:NotificationGroup: remove : sbn : StatusBarNotification(pkg=rw.flipper user=UserHandle{0} id=1001 tag=null key=0|rw.flipper|1001|null|10874: Notification(channel=BackgroundDataSyncId shortcut=null contentView=null vibrate=null sound=null defaults=0x0 flags=0x62 color=0x00000000 vis=PRIVATE semFlags=0x0 semPriority=0 semMissedCount=0))
12-24 14:46:43.795  4904  4904 D FaceWidgetNotificationManager: removeFaceWidgetMusicNotification() key : 0|rw.flipper|1001|null|10874
12-24 14:46:43.809  4554  4732 D ConnectivityService: releasing NetworkRequest [ TRACK_DEFAULT id=7393, [ Capabilities: INTERNET&NOT_RESTRICTED&TRUSTED Uid: 10874 AdministratorUids: [] RequestorUid: 10874 RequestorPackageName: rw.flipper] ] (release request)
12-24 14:46:43.817  5978  6057 I RequestManager_FLP: Notification for foreground service is removed, from rw.flipper
12-24 14:46:43.945  4554  7541 I SurfaceControl: release : mNativeObject = 518728862336 - Surface(name=acdb307 rw.flipper/rw.flipper.MainActivity)/@0xbb59eaa / android.view.SurfaceControl$Transaction.remove:3475 com.android.server.wm.WindowContainer.removeImmediately:649 com.android.server.wm.WindowState.removeImmediately:2632 com.android.server.wm.WindowState.removeIfPossible:2861 
12-24 14:46:43.948  4230  4252 I Layer   : id=7398 removeFromCurrentState acdb307 rw.flipper/rw.flipper.MainActivity#0 (100)
12-24 14:46:43.948  4230  4252 I SurfaceFlinger: id=7398 Removed acdb307 rw.flipper/rw.flipper.MainActivity#0 (100)
12-24 14:46:43.950  4554  7541 I ActivityTaskManager: Removing activity ActivityRecord{9f8592c u0 rw.flipper/.MainActivity t6305 f}}(activityDestroyed)  from stack callers=com.android.server.wm.ActivityRecord.destroyed:3608 com.android.server.wm.ActivityTaskManagerService.activityDestroyed:2632 android.app.IActivityTaskManager$Stub.onTransact:2224 android.os.Binder.execTransactInternal:1195 android.os.Binder.execTransact:1159 
12-24 14:46:43.951  4554  7541 I SurfaceControl: release : mNativeObject = 516506260864 - Surface(name=ActivityRecord{9f8592c u0 rw.flipper/.MainActivity t6305})/@0x327dc18 / android.view.SurfaceControl$Transaction.remove:3475 com.android.server.wm.WindowContainer.removeImmediately:649 com.android.server.wm.WindowToken.removeImmediately:428 com.android.server.wm.ActivityRecord.removeImmediately:3787 
12-24 14:46:43.956  4230  4252 I Layer   : id=7390 removeFromCurrentState ActivityRecord{9f8592c u0 rw.flipper/.MainActivity t6305}#0 (100)
12-24 14:46:43.956  4230  4252 I SurfaceFlinger: id=7390 Removed ActivityRecord{9f8592c u0 rw.flipper/.MainActivity t6305}#0 (100)
12-24 14:46:43.957  4230  4230 I Layer   : id=7390[1] Destroyed ActivityRecord{9f8592c u0 rw.flipper/.MainActivity t6305}#0
12-24 14:46:43.957  4230  4230 I Layer   : id=7398[1] Destroyed acdb307 rw.flipper/rw.flipper.MainActivity#0
12-24 14:46:44.383  5254  5254 W AppStartUtils: sendActiveLaunchBroadcast() v.hasOnClickListeners() : true, iconInfo : WorkspaceItemInfo(id=-1 type=APP container=suggested targetComponent=ComponentInfo{rw.flipper/rw.flipper.MainActivity} screen=-1 cell(-1,-1) span(1,1) minSpan(1,1) rank=0 user=UserHandle{0} title=flipper hidden=0 screenType=0 lowResIcon=false runtimeStatusFlags=384)
12-24 14:46:44.457  5254  5438 I AppIconSolution: getThemeIconWithBG called with public API, pkg = rw.flipper
12-24 14:46:44.458  5254  5438 I AppIconSolution: start to load, pkg=rw.flipper, bg=192-192, dr=192-192, forDefault=true, density=640
12-24 14:46:44.459  5254  5438 I AppIconSolution: getIconScale, pkg=rw.flipper, size=192, iconScale=IconScale[alpha=18, scale=1.0, isCrop=true]
12-24 14:46:44.461  5254  5438 I AppIconSolution: default container[CROP], pkg=rw.flipper, bg=156-156, dr=192-192
12-24 14:46:44.461  4554  7485 I ActivityTaskManager: START u0 {act=android.intent.action.MAIN cat=[android.intent.category.LAUNCHER] flg=0x10200000 cmp=rw.flipper/.MainActivity bnds=[38,1960][284,2214]} from uid 10148
12-24 14:46:44.462  4554  7485 D ActivityTaskManager: TaskLaunchParamsModifier:task=null activity=ActivityRecord{e606e38 u0 rw.flipper/.MainActivity display-area-from-source=DefaultTaskDisplayArea@102847506 task-display-area=DefaultTaskDisplayArea@102847506 display-area-windowing-mode=1
12-24 14:46:44.463  4554  7485 D ActivityTaskManager: TaskLaunchParamsModifier:task=null activity=ActivityRecord{e606e38 u0 rw.flipper/.MainActivity t-1} display-area-from-source=DefaultTaskDisplayArea@102847506 task-display-area=DefaultTaskDisplayArea@102847506 display-area-windowing-mode=1 inherit-from-source=fullscreen activity-options-fullscreen=Rect(0, 0 - 0, 0) non-freeform-display maximized-bounds
12-24 14:46:44.464  5254  5438 I LauncherActivityInfo: packageName: rw.flipper, useThemeIcon: false, height: 156, width: 156, density: 640
12-24 14:46:44.467  4554  7485 D ActivityTaskManager: TaskLaunchParamsModifier:task=Task{7f42e11 #6306 visible=false type=standard mode=fullscreen translucent=true I=rw.flipper/.MainActivity U=0 StackId=6306 sz=0} activity=ActivityRecord{e606e38 u0 rw.flipper/.MainActivity t-1} display-from-task=0 task-display-area=DefaultTaskDisplayArea@102847506 display-area-windowing-mode=1 inherit-from-source=fullscreen activity-options-fullscreen=Rect(0, 0 - 0, 0) non-freeform-display maximized-bounds
12-24 14:46:44.468  4230  4845 I SurfaceFlinger: id=7416 createSurf (0x0),-1 flag=80004, ActivityRecord{e606e38 u0 rw.flipper/.MainActivity t6306}#0
12-24 14:46:44.473  4554  7485 D SurfaceControl: hide : mNativeObject = 516509106720 - sc.mNativeObject = 518728860608 - Surface(name=ActivityRecord{e606e38 u0 rw.flipper/.MainActivity t6306})/@0xb26fb76
